Component: ARM Compiler 5.06 update 6 (build 750) Tool: armlink [4d35ed]

==============================================================================

Section Cross References

    cmd.o(.text) refers to _scanf_int.o(.text) for _scanf_int
    cmd.o(.text) refers to _scanf_str.o(.text) for _scanf_string
    cmd.o(.text) refers to h1_alloc.o(.text) for malloc
    cmd.o(.text) refers to strcpy.o(.text) for strcpy
    cmd.o(.text) refers to strlen.o(.text) for strlen
    cmd.o(.text) refers to generic_cmd.o(.text) for port_tx_msg
    cmd.o(.text) refers to h1_free.o(.text) for free
    cmd.o(.text) refers to rt_memclr_w.o(.text) for __aeabi_memclr4
    cmd.o(.text) refers to toupper.o(.text) for toupper
    cmd.o(.text) refers to __0sscanf.o(.text) for __0sscanf
    cmd.o(.text) refers to strcmpv7m.o(.text) for strcmp
    cmd.o(.text) refers to cmd_fn.o(.constdata) for known_commands
    cmd_fn.o(.text) refers to _printf_percent.o(.ARM.Collect$$_printf_percent$$00000000) for _printf_percent
    cmd_fn.o(.text) refers to _printf_s.o(.ARM.Collect$$_printf_percent$$00000014) for _printf_s
    cmd_fn.o(.text) refers to _printf_str.o(.text) for _printf_str
    cmd_fn.o(.text) refers to _printf_pad.o(.text) for _printf_pre_padding
    cmd_fn.o(.text) refers to _printf_x.o(.ARM.Collect$$_printf_percent$$0000000C) for _printf_x
    cmd_fn.o(.text) refers to _printf_hex_int_ll_ptr.o(.text) for _printf_longlong_hex
    cmd_fn.o(.text) refers to _scanf_int.o(.text) for _scanf_int
    cmd_fn.o(.text) refers to _scanf_str.o(.text) for _scanf_string
    cmd_fn.o(.text) refers to _printf_d.o(.ARM.Collect$$_printf_percent$$00000009) for _printf_d
    cmd_fn.o(.text) refers to _printf_dec.o(.text) for _printf_int_dec
    cmd_fn.o(.text) refers to rt_memclr_w.o(.text) for __aeabi_memclr4
    cmd_fn.o(.text) refers to __2sprintf.o(.text) for __2sprintf
    cmd_fn.o(.text) refers to strlen.o(.text) for strlen
    cmd_fn.o(.text) refers to generic_cmd.o(.text) for port_tx_msg
    cmd_fn.o(.text) refers to generic.o(.text) for App_Module_Sys_Write_NVM
    cmd_fn.o(.text) refers to hal_timer.o(.text) for HalDelay_nMs
    cmd_fn.o(.text) refers to tag_list.o(.text) for getDList
    cmd_fn.o(.text) refers to __0sscanf.o(.text) for __0sscanf
    cmd_fn.o(.text) refers to cmd_fn.o(.constdata) for .constdata
    cmd_fn.o(.text) refers to shared_functions.o(.data) for app
    cmd_fn.o(.text) refers to cmd_fn.o(.conststring) for .conststring
    cmd_fn.o(.constdata) refers to cmd_fn.o(.conststring) for .conststring
    cmd_fn.o(.constdata) refers to cmd_fn.o(.text) for f_help_app
    generic.o(.text) refers to hal_usart.o(.text) for _dbg_printf
    generic.o(.text) refers to rt_memclr_w.o(.text) for __aeabi_memclr4
    generic.o(.text) refers to rt_memcpy_w.o(.text) for __aeabi_memcpy4
    generic.o(.text) refers to hal_timer.o(.text) for HalDelay_nMs
    generic.o(.text) refers to hal_flash.o(.text) for HalWrite_Flash
    generic.o(.text) refers to config.o(.text) for load_bssConfig
    generic.o(.text) refers to generic_cmd.o(.text) for App_Module_CMD_Queue_Init
    generic.o(.text) refers to hal_led.o(.text) for HalLedSet
    generic.o(.text) refers to generic.o(.conststring) for .conststring
    generic.o(.text) refers to generic.o(.data) for .data
    generic.o(.text) refers to hal_led.o(.data) for hal_led
    generic_cmd.o(.text) refers to rt_memclr_w.o(.text) for __aeabi_memclr4
    generic_cmd.o(.text) refers to osal.o(.text) for osal_CreateQueue
    generic_cmd.o(.text) refers to hal_usb.o(.text) for HalUsbRead
    generic_cmd.o(.text) refers to rt_memcpy_v6.o(.text) for __aeabi_memcpy
    generic_cmd.o(.text) refers to rt_memcpy_w.o(.text) for __aeabi_memcpy4
    generic_cmd.o(.text) refers to cmd.o(.text) for command_parser
    generic_cmd.o(.text) refers to hal_usart.o(.text) for USART1_SendBuffer
    generic_cmd.o(.text) refers to stm32f10x_dma.o(.text) for DMA_GetITStatus
    generic_cmd.o(.text) refers to generic_cmd.o(.bss) for .bss
    generic_cmd.o(.text) refers to generic_cmd.o(.data) for .data
    generic_cmd.o(.text) refers to generic.o(.data) for sys_uart_dma_buf
    generic_cmd.o(.text) refers to hal_usart.o(.data) for USART1_DMA_RX_BYTE
    hal_led.o(.text) refers to stm32f10x_gpio.o(.text) for GPIO_SetBits
    hal_led.o(.text) refers to stm32f10x_rcc.o(.text) for RCC_APB2PeriphClockCmd
    hal_led.o(.text) refers to hal_led.o(.data) for .data
    hal_drivers.o(.text) refers to misc.o(.text) for NVIC_PriorityGroupConfig
    hal_drivers.o(.text) refers to hal_timer.o(.text) for HalTimerInit
    hal_drivers.o(.text) refers to hal_flash.o(.text) for HalFlashInit
    hal_drivers.o(.text) refers to hal_led.o(.text) for HalLedInit
    hal_drivers.o(.text) refers to hal_usart.o(.text) for HalUARTInit
    hal_drivers.o(.text) refers to hal_spi.o(.text) for HalSpiInit
    hal_drivers.o(.text) refers to hal_usb.o(.text) for HalUsbInit
    hal_timer.o(.text) refers to misc.o(.text) for NVIC_Init
[...]
    I2C_AcknowledgeConfig                    0x080078f9   Thumb Code    20  stm32f10x_i2c.o(.text)
    I2C_OwnAddress2Config                    0x0800790d   Thumb Code    16  stm32f10x_i2c.o(.text)
    I2C_DualAddressCmd                       0x0800791d   Thumb Code    20  stm32f10x_i2c.o(.text)
    I2C_GeneralCallCmd                       0x08007931   Thumb Code    20  stm32f10x_i2c.o(.text)
    I2C_ITConfig                             0x08007945   Thumb Code    16  stm32f10x_i2c.o(.text)
    I2C_SendData                             0x08007955   Thumb Code     4  stm32f10x_i2c.o(.text)
    I2C_ReceiveData                          0x08007959   Thumb Code     6  stm32f10x_i2c.o(.text)
    I2C_Send7bitAddress                      0x0800795f   Thumb Code    16  stm32f10x_i2c.o(.text)
    I2C_ReadRegister                         0x0800796f   Thumb Code    10  stm32f10x_i2c.o(.text)
    I2C_SoftwareResetCmd                     0x08007979   Thumb Code    20  stm32f10x_i2c.o(.text)
    I2C_NACKPositionConfig                   0x0800798d   Thumb Code    22  stm32f10x_i2c.o(.text)
    I2C_SMBusAlertConfig                     0x080079a3   Thumb Code    22  stm32f10x_i2c.o(.text)
    I2C_TransmitPEC                          0x080079b9   Thumb Code    20  stm32f10x_i2c.o(.text)
    I2C_PECPositionConfig                    0x080079cd   Thumb Code    22  stm32f10x_i2c.o(.text)
    I2C_CalculatePEC                         0x080079e3   Thumb Code    20  stm32f10x_i2c.o(.text)
    I2C_GetPEC                               0x080079f7   Thumb Code     6  stm32f10x_i2c.o(.text)
    I2C_ARPCmd                               0x080079fd   Thumb Code    20  stm32f10x_i2c.o(.text)
    I2C_StretchClockCmd                      0x08007a11   Thumb Code    20  stm32f10x_i2c.o(.text)
    I2C_FastModeDutyCycleConfig              0x08007a25   Thumb Code    22  stm32f10x_i2c.o(.text)
    I2C_CheckEvent                           0x08007a3b   Thumb Code    24  stm32f10x_i2c.o(.text)
    I2C_GetLastEvent                         0x08007a53   Thumb Code    14  stm32f10x_i2c.o(.text)
    I2C_GetFlagStatus                        0x08007a61   Thumb Code    42  stm32f10x_i2c.o(.text)
    I2C_ClearFlag                            0x08007a8b   Thumb Code     6  stm32f10x_i2c.o(.text)
    I2C_GetITStatus                          0x08007a91   Thumb Code    36  stm32f10x_i2c.o(.text)
    I2C_ClearITPendingBit                    0x08007ab5   Thumb Code     6  stm32f10x_i2c.o(.text)
    IWDG_WriteAccessCmd                      0x08007ac9   Thumb Code     6  stm32f10x_iwdg.o(.text)
    IWDG_SetPrescaler                        0x08007acf   Thumb Code     6  stm32f10x_iwdg.o(.text)
    IWDG_SetReload                           0x08007ad5   Thumb Code     6  stm32f10x_iwdg.o(.text)
    IWDG_ReloadCounter                       0x08007adb   Thumb Code    10  stm32f10x_iwdg.o(.text)
    IWDG_Enable                              0x08007ae5   Thumb Code    10  stm32f10x_iwdg.o(.text)
    IWDG_GetFlagStatus                       0x08007aef   Thumb Code    16  stm32f10x_iwdg.o(.text)
    RCC_DeInit                               0x08007b05   Thumb Code    50  stm32f10x_rcc.o(.text)
    RCC_HSEConfig                            0x08007b37   Thumb Code    48  stm32f10x_rcc.o(.text)
    RCC_GetFlagStatus                        0x08007b67   Thumb Code    42  stm32f10x_rcc.o(.text)
    RCC_WaitForHSEStartUp                    0x08007b91   Thumb Code    44  stm32f10x_rcc.o(.text)
    RCC_AdjustHSICalibrationValue            0x08007bbd   Thumb Code    16  stm32f10x_rcc.o(.text)
    RCC_HSICmd                               0x08007bcd   Thumb Code     6  stm32f10x_rcc.o(.text)
    RCC_PLLConfig                            0x08007bd3   Thumb Code    16  stm32f10x_rcc.o(.text)
    RCC_PLLCmd                               0x08007be3   Thumb Code     6  stm32f10x_rcc.o(.text)
    RCC_SYSCLKConfig                         0x08007be9   Thumb Code    14  stm32f10x_rcc.o(.text)
    RCC_GetSYSCLKSource                      0x08007bf7   Thumb Code    10  stm32f10x_rcc.o(.text)
    RCC_HCLKConfig                           0x08007c01   Thumb Code    14  stm32f10x_rcc.o(.text)
    RCC_PCLK1Config                          0x08007c0f   Thumb Code    14  stm32f10x_rcc.o(.text)
    RCC_PCLK2Config                          0x08007c1d   Thumb Code    16  stm32f10x_rcc.o(.text)
    RCC_ITConfig                             0x08007c2d   Thumb Code    18  stm32f10x_rcc.o(.text)
    RCC_USBCLKConfig                         0x08007c3f   Thumb Code     8  stm32f10x_rcc.o(.text)
    RCC_ADCCLKConfig                         0x08007c47   Thumb Code    14  stm32f10x_rcc.o(.text)
    RCC_LSEConfig                            0x08007c55   Thumb Code    28  stm32f10x_rcc.o(.text)
    RCC_LSICmd                               0x08007c71   Thumb Code     6  stm32f10x_rcc.o(.text)
    RCC_RTCCLKConfig                         0x08007c77   Thumb Code    10  stm32f10x_rcc.o(.text)
    RCC_RTCCLKCmd                            0x08007c81   Thumb Code     8  stm32f10x_rcc.o(.text)
    RCC_GetClocksFreq                        0x08007c89   Thumb Code   128  stm32f10x_rcc.o(.text)
    RCC_AHBPeriphClockCmd                    0x08007d09   Thumb Code    18  stm32f10x_rcc.o(.text)
    RCC_APB2PeriphClockCmd                   0x08007d1b   Thumb Code    18  stm32f10x_rcc.o(.text)
    RCC_APB1PeriphClockCmd                   0x08007d2d   Thumb Code    18  stm32f10x_rcc.o(.text)
    RCC_APB2PeriphResetCmd                   0x08007d3f   Thumb Code    18  stm32f10x_rcc.o(.text)
    RCC_APB1PeriphResetCmd                   0x08007d51   Thumb Code    18  stm32f10x_rcc.o(.text)
    RCC_BackupResetCmd                       0x08007d63   Thumb Code     8  stm32f10x_rcc.o(.text)
    RCC_ClockSecuritySystemCmd               0x08007d6b   Thumb Code     6  stm32f10x_rcc.o(.text)
    RCC_MCOConfig                            0x08007d71   Thumb Code     6  stm32f10x_rcc.o(.text)
    RCC_ClearFlag                            0x08007d77   Thumb Code    12  stm32f10x_rcc.o(.text)
    RCC_GetITStatus                          0x08007d83   Thumb Code    16  stm32f10x_rcc.o(.text)
    RCC_ClearITPendingBit                    0x08007d93   Thumb Code     6  stm32f10x_rcc.o(.text)
    SPI_I2S_DeInit                           0x08007db9   Thumb Code    72  stm32f10x_spi.o(.text)
    SPI_Init                                 0x08007e01   Thumb Code    56  stm32f10x_spi.o(.text)
    I2S_Init                                 0x08007e39   Thumb Code   152  stm32f10x_spi.o(.text)
    SPI_StructInit                           0x08007ed1   Thumb Code    24  stm32f10x_spi.o(.text)
    I2S_StructInit                           0x08007ee9   Thumb Code    18  stm32f10x_spi.o(.text)
    SPI_Cmd                                  0x08007efb   Thumb Code    20  stm32f10x_spi.o(.text)
    I2S_Cmd                                  0x08007f0f   Thumb Code    20  stm32f10x_spi.o(.text)
    SPI_I2S_ITConfig                         0x08007f23   Thumb Code    24  stm32f10x_spi.o(.text)
    SPI_I2S_DMACmd                           0x08007f3b   Thumb Code    16  stm32f10x_spi.o(.text)
    SPI_I2S_SendData                         0x08007f4b   Thumb Code     4  stm32f10x_spi.o(.text)
    SPI_I2S_ReceiveData                      0x08007f4f   Thumb Code     4  stm32f10x_spi.o(.text)
    SPI_NSSInternalSoftwareConfig            0x08007f53   Thumb Code    24  stm32f10x_spi.o(.text)
    SPI_SSOutputCmd                          0x08007f6b   Thumb Code    20  stm32f10x_spi.o(.text)
    SPI_DataSizeConfig                       0x08007f7f   Thumb Code    16  stm32f10x_spi.o(.text)
    SPI_TransmitCRC                          0x08007f8f   Thumb Code    10  stm32f10x_spi.o(.text)
    SPI_CalculateCRC                         0x08007f99   Thumb Code    20  stm32f10x_spi.o(.text)
    SPI_GetCRC                               0x08007fad   Thumb Code    12  stm32f10x_spi.o(.text)
    SPI_GetCRCPolynomial                     0x08007fb9   Thumb Code     4  stm32f10x_spi.o(.text)
    SPI_BiDirectionalLineConfig              0x08007fbd   Thumb Code    22  stm32f10x_spi.o(.text)
    SPI_I2S_GetFlagStatus                    0x08007fd3   Thumb Code    14  stm32f10x_spi.o(.text)
    SPI_I2S_ClearFlag                        0x08007fe1   Thumb Code     6  stm32f10x_spi.o(.text)
    SPI_I2S_GetITStatus                      0x08007fe7   Thumb Code    42  stm32f10x_spi.o(.text)
    SPI_I2S_ClearITPendingBit                0x08008011   Thumb Code    14  stm32f10x_spi.o(.text)
    TIM_DeInit                               0x0800802d   Thumb Code   304  stm32f10x_tim.o(.text)
    TIM_TimeBaseInit                         0x0800815d   Thumb Code   114  stm32f10x_tim.o(.text)
    TIM_OC1Init                              0x080081cf   Thumb Code   106  stm32f10x_tim.o(.text)
    TIM_OC2Init                              0x08008239   Thumb Code   120  stm32f10x_tim.o(.text)
    TIM_OC3Init                              0x080082b1   Thumb Code   116  stm32f10x_tim.o(.text)
    TIM_OC4Init                              0x08008325   Thumb Code    90  stm32f10x_tim.o(.text)
    TIM_SetIC4Prescaler                      0x0800837f   Thumb Code    24  stm32f10x_tim.o(.text)
    TIM_SetIC3Prescaler                      0x08008397   Thumb Code    16  stm32f10x_tim.o(.text)
    TIM_SetIC2Prescaler                      0x080083a7   Thumb Code    24  stm32f10x_tim.o(.text)
    TIM_SetIC1Prescaler                      0x08008465   Thumb Code    16  stm32f10x_tim.o(.text)
    TIM_ICInit                               0x080084cd   Thumb Code   272  stm32f10x_tim.o(.text)
    TIM_PWMIConfig                           0x080085dd   Thumb Code   104  stm32f10x_tim.o(.text)
    TIM_BDTRConfig                           0x08008645   Thumb Code    34  stm32f10x_tim.o(.text)
    TIM_TimeBaseStructInit                   0x08008667   Thumb Code    18  stm32f10x_tim.o(.text)
    TIM_OCStructInit                         0x08008679   Thumb Code    20  stm32f10x_tim.o(.text)
    TIM_ICStructInit                         0x0800868d   Thumb Code    16  stm32f10x_tim.o(.text)
    TIM_BDTRStructInit                       0x0800869d   Thumb Code    18  stm32f10x_tim.o(.text)
    TIM_Cmd                                  0x080086af   Thumb Code    20  stm32f10x_tim.o(.text)
    TIM_CtrlPWMOutputs                       0x080086c3   Thumb Code    22  stm32f10x_tim.o(.text)
    TIM_ITConfig                             0x080086d9   Thumb Code    16  stm32f10x_tim.o(.text)
    TIM_GenerateEvent                        0x080086e9   Thumb Code     4  stm32f10x_tim.o(.text)
    TIM_DMAConfig                            0x080086ed   Thumb Code     8  stm32f10x_tim.o(.text)
    TIM_DMACmd                               0x080086f5   Thumb Code    16  stm32f10x_tim.o(.text)
    TIM_InternalClockConfig                  0x08008705   Thumb Code    10  stm32f10x_tim.o(.text)
    TIM_SelectInputTrigger                   0x0800870f   Thumb Code    12  stm32f10x_tim.o(.text)
    TIM_ITRxExternalClockConfig              0x0800871b   Thumb Code    18  stm32f10x_tim.o(.text)
    TIM_TIxExternalClockConfig               0x0800872d   Thumb Code    46  stm32f10x_tim.o(.text)
    TIM_ETRConfig                            0x0800875b   Thumb Code    24  stm32f10x_tim.o(.text)
    TIM_ETRClockMode1Config                  0x08008773   Thumb Code    18  stm32f10x_tim.o(.text)
    TIM_ETRClockMode2Config                  0x08008785   Thumb Code    18  stm32f10x_tim.o(.text)
    TIM_PrescalerConfig                      0x08008797   Thumb Code     6  stm32f10x_tim.o(.text)
    TIM_CounterModeConfig                    0x0800879d   Thumb Code    12  stm32f10x_tim.o(.text)
    TIM_EncoderInterfaceConfig               0x080087a9   Thumb Code    50  stm32f10x_tim.o(.text)
    TIM_ForcedOC1Config                      0x080087db   Thumb Code    12  stm32f10x_tim.o(.text)
    TIM_ForcedOC2Config                      0x080087e7   Thumb Code    20  stm32f10x_tim.o(.text)
    TIM_ForcedOC3Config                      0x080087fb   Thumb Code    12  stm32f10x_tim.o(.text)
    TIM_ForcedOC4Config                      0x08008807   Thumb Code    20  stm32f10x_tim.o(.text)
    TIM_ARRPreloadConfig                     0x0800881b   Thumb Code    20  stm32f10x_tim.o(.text)
    TIM_SelectCOM                            0x0800882f   Thumb Code    20  stm32f10x_tim.o(.text)
    TIM_SelectCCDMA                          0x08008843   Thumb Code    20  stm32f10x_tim.o(.text)
    TIM_CCPreloadControl                     0x08008857   Thumb Code    20  stm32f10x_tim.o(.text)
    TIM_OC1PreloadConfig                     0x0800886b   Thumb Code    34  stm32f10x_tim.o(.text)
    TIM_OC2PreloadConfig                     0x0800888d   Thumb Code    20  stm32f10x_tim.o(.text)
    TIM_OC3PreloadConfig                     0x080088a1   Thumb Code    12  stm32f10x_tim.o(.text)
    TIM_OC4PreloadConfig                     0x080088ad   Thumb Code    20  stm32f10x_tim.o(.text)
    TIM_OC1FastConfig                        0x080088c1   Thumb Code    12  stm32f10x_tim.o(.text)
    TIM_OC2FastConfig                        0x080088cd   Thumb Code    20  stm32f10x_tim.o(.text)
    TIM_OC3FastConfig                        0x080088e1   Thumb Code    12  stm32f10x_tim.o(.text)
    TIM_OC4FastConfig                        0x080088ed   Thumb Code    20  stm32f10x_tim.o(.text)
    TIM_ClearOC1Ref                          0x08008901   Thumb Code    12  stm32f10x_tim.o(.text)
    TIM_ClearOC2Ref                          0x0800890d   Thumb Code    20  stm32f10x_tim.o(.text)
    TIM_ClearOC3Ref                          0x08008921   Thumb Code    12  stm32f10x_tim.o(.text)
    TIM_ClearOC4Ref                          0x0800892d   Thumb Code    20  stm32f10x_tim.o(.text)
    TIM_OC1PolarityConfig                    0x08008941   Thumb Code    12  stm32f10x_tim.o(.text)
    TIM_OC1NPolarityConfig                   0x0800894d   Thumb Code    12  stm32f10x_tim.o(.text)
    TIM_OC2PolarityConfig                    0x08008959   Thumb Code    20  stm32f10x_tim.o(.text)
    TIM_OC2NPolarityConfig                   0x0800896d   Thumb Code    20  stm32f10x_tim.o(.text)
    TIM_OC3PolarityConfig                    0x08008981   Thumb Code    20  stm32f10x_tim.o(.text)
    TIM_OC3NPolarityConfig                   0x08008995   Thumb Code    20  stm32f10x_tim.o(.text)
    TIM_OC4PolarityConfig                    0x080089a9   Thumb Code    20  stm32f10x_tim.o(.text)
    TIM_CCxCmd                               0x080089bd   Thumb Code    22  stm32f10x_tim.o(.text)
    TIM_CCxNCmd                              0x080089d3   Thumb Code    22  stm32f10x_tim.o(.text)
    TIM_SelectOCxM                           0x080089e9   Thumb Code    70  stm32f10x_tim.o(.text)
    TIM_UpdateDisableConfig                  0x08008a2f   Thumb Code    20  stm32f10x_tim.o(.text)
    TIM_UpdateRequestConfig                  0x08008a43   Thumb Code    20  stm32f10x_tim.o(.text)
    TIM_SelectHallSensor                     0x08008a57   Thumb Code    20  stm32f10x_tim.o(.text)
    TIM_SelectOnePulseMode                   0x08008a6b   Thumb Code    16  stm32f10x_tim.o(.text)
    TIM_SelectOutputTrigger                  0x08008a7b   Thumb Code    16  stm32f10x_tim.o(.text)
    TIM_SelectSlaveMode                      0x08008a8b   Thumb Code    16  stm32f10x_tim.o(.text)
    TIM_SelectMasterSlaveMode                0x08008a9b   Thumb Code    16  stm32f10x_tim.o(.text)
    TIM_SetCounter                           0x08008aab   Thumb Code     4  stm32f10x_tim.o(.text)
    TIM_SetAutoreload                        0x08008aaf   Thumb Code     4  stm32f10x_tim.o(.text)
    TIM_SetCompare1                          0x08008ab3   Thumb Code     4  stm32f10x_tim.o(.text)
    TIM_SetCompare2                          0x08008ab7   Thumb Code     4  stm32f10x_tim.o(.text)
    TIM_SetCompare3                          0x08008abb   Thumb Code     4  stm32f10x_tim.o(.text)
    TIM_SetCompare4                          0x08008abf   Thumb Code     6  stm32f10x_tim.o(.text)
    TIM_SetClockDivision                     0x08008ac5   Thumb Code    16  stm32f10x_tim.o(.text)
    TIM_GetCapture1                          0x08008ad5   Thumb Code     4  stm32f10x_tim.o(.text)
    TIM_GetCapture2                          0x08008ad9   Thumb Code     4  stm32f10x_tim.o(.text)
    TIM_GetCapture3                          0x08008add   Thumb Code     4  stm32f10x_tim.o(.text)
    TIM_GetCapture4                          0x08008ae1   Thumb Code     6  stm32f10x_tim.o(.text)
    TIM_GetCounter                           0x08008ae7   Thumb Code     4  stm32f10x_tim.o(.text)
    TIM_GetPrescaler                         0x08008aeb   Thumb Code     4  stm32f10x_tim.o(.text)
    TIM_GetFlagStatus                        0x08008aef   Thumb Code    14  stm32f10x_tim.o(.text)
    TIM_ClearFlag                            0x08008afd   Thumb Code     6  stm32f10x_tim.o(.text)
    TIM_GetITStatus                          0x08008b03   Thumb Code    24  stm32f10x_tim.o(.text)
    TIM_ClearITPendingBit                    0x08008b1b   Thumb Code     6  stm32f10x_tim.o(.text)
    USART_DeInit                             0x08008b21   Thumb Code    96  stm32f10x_usart.o(.text)
    USART_Init                               0x08008b81   Thumb Code   166  stm32f10x_usart.o(.text)
    USART_StructInit                         0x08008c27   Thumb Code    22  stm32f10x_usart.o(.text)
    USART_ClockInit                          0x08008c3d   Thumb Code    30  stm32f10x_usart.o(.text)
    USART_ClockStructInit                    0x08008c5b   Thumb Code    12  stm32f10x_usart.o(.text)
    USART_Cmd                                0x08008c67   Thumb Code    20  stm32f10x_usart.o(.text)
    USART_ITConfig                           0x08008c7b   Thumb Code    48  stm32f10x_usart.o(.text)
    USART_DMACmd                             0x08008cab   Thumb Code    16  stm32f10x_usart.o(.text)
    USART_SetAddress                         0x08008cbb   Thumb Code    16  stm32f10x_usart.o(.text)
    USART_WakeUpConfig                       0x08008ccb   Thumb Code    16  stm32f10x_usart.o(.text)
    USART_ReceiverWakeUpCmd                  0x08008cdb   Thumb Code    20  stm32f10x_usart.o(.text)
    USART_LINBreakDetectLengthConfig         0x08008cef   Thumb Code    16  stm32f10x_usart.o(.text)
    USART_LINCmd                             0x08008cff   Thumb Code    20  stm32f10x_usart.o(.text)
    USART_SendData                           0x08008d13   Thumb Code     8  stm32f10x_usart.o(.text)
    USART_ReceiveData                        0x08008d1b   Thumb Code     8  stm32f10x_usart.o(.text)
    USART_SendBreak                          0x08008d23   Thumb Code    10  stm32f10x_usart.o(.text)
    USART_SetGuardTime                       0x08008d2d   Thumb Code    16  stm32f10x_usart.o(.text)
    USART_SetPrescaler                       0x08008d3d   Thumb Code    16  stm32f10x_usart.o(.text)
    USART_SmartCardCmd                       0x08008d4d   Thumb Code    20  stm32f10x_usart.o(.text)
    USART_SmartCardNACKCmd                   0x08008d61   Thumb Code    20  stm32f10x_usart.o(.text)
    USART_HalfDuplexCmd                      0x08008d75   Thumb Code    20  stm32f10x_usart.o(.text)
    USART_OverSampling8Cmd                   0x08008d89   Thumb Code    20  stm32f10x_usart.o(.text)
    USART_OneBitMethodCmd                    0x08008d9d   Thumb Code    20  stm32f10x_usart.o(.text)
    USART_IrDAConfig                         0x08008db1   Thumb Code    16  stm32f10x_usart.o(.text)
    USART_IrDACmd                            0x08008dc1   Thumb Code    20  stm32f10x_usart.o(.text)
    USART_GetFlagStatus                      0x08008dd5   Thumb Code    14  stm32f10x_usart.o(.text)
    USART_ClearFlag                          0x08008de3   Thumb Code     6  stm32f10x_usart.o(.text)
    USART_GetITStatus                        0x08008de9   Thumb Code    62  stm32f10x_usart.o(.text)
    USART_ClearITPendingBit                  0x08008e27   Thumb Code    12  stm32f10x_usart.o(.text)
    Reset_Handler                            0x08008e49   Thumb Code     8  startup_stm32f10x_md.o(.text)
    ADC1_2_IRQHandler                        0x08008e63   Thumb Code     0  startup_stm32f10x_md.o(.text)
    CAN1_RX1_IRQHandler                      0x08008e63   Thumb Code     0  startup_stm32f10x_md.o(.text)
    CAN1_SCE_IRQHandler                      0x08008e63   Thumb Code     0  startup_stm32f10x_md.o(.text)
    DMA1_Channel1_IRQHandler                 0x08008e63   Thumb Code     0  startup_stm32f10x_md.o(.text)
    DMA1_Channel2_IRQHandler                 0x08008e63   Thumb Code     0  startup_stm32f10x_md.o(.text)
    DMA1_Channel3_IRQHandler                 0x08008e63   Thumb Code     0  startup_stm32f10x_md.o(.text)
    DMA1_Channel6_IRQHandler                 0x08008e63   Thumb Code     0  startup_stm32f10x_md.o(.text)
    DMA1_Channel7_IRQHandler                 0x08008e63   Thumb Code     0  startup_stm32f10x_md.o(.text)
    EXTI15_10_IRQHandler                     0x08008e63   Thumb Code     0  startup_stm32f10x_md.o(.text)
    EXTI1_IRQHandler                         0x08008e63   Thumb Code     0  startup_stm32f10x_md.o(.text)
    EXTI2_IRQHandler                         0x08008e63   Thumb Code     0  startup_stm32f10x_md.o(.text)
    EXTI3_IRQHandler                         0x08008e63   Thumb Code     0  startup_stm32f10x_md.o(.text)
    EXTI4_IRQHandler                         0x08008e63   Thumb Code     0  startup_stm32f10x_md.o(.text)
    FLASH_IRQHandler                         0x08008e63   Thumb Code     0  startup_stm32f10x_md.o(.text)
    I2C1_ER_IRQHandler                       0x08008e63   Thumb Code     0  startup_stm32f10x_md.o(.text)
    I2C1_EV_IRQHandler                       0x08008e63   Thumb Code     0  startup_stm32f10x_md.o(.text)
    I2C2_ER_IRQHandler                       0x08008e63   Thumb Code     0  startup_stm32f10x_md.o(.text)
    I2C2_EV_IRQHandler                       0x08008e63   Thumb Code     0  startup_stm32f10x_md.o(.text)
    PVD_IRQHandler                           0x08008e63   Thumb Code     0  startup_stm32f10x_md.o(.text)
    RCC_IRQHandler                           0x08008e63   Thumb Code     0  startup_stm32f10x_md.o(.text)
    RTCAlarm_IRQHandler                      0x08008e63   Thumb Code     0  startup_stm32f10x_md.o(.text)
    RTC_IRQHandler                           0x08008e63   Thumb Code     0  startup_stm32f10x_md.o(.text)
    SPI1_IRQHandler                          0x08008e63   Thumb Code     0  startup_stm32f10x_md.o(.text)
    SPI2_IRQHandler                          0x08008e63   Thumb Code     0  startup_stm32f10x_md.o(.text)
    TAMPER_IRQHandler                        0x08008e63   Thumb Code     0  startup_stm32f10x_md.o(.text)
    TIM1_BRK_IRQHandler                      0x08008e63   Thumb Code     0  startup_stm32f10x_md.o(.text)
    TIM1_CC_IRQHandler                       0x08008e63   Thumb Code     0  startup_stm32f10x_md.o(.text)
    TIM1_TRG_COM_IRQHandler                  0x08008e63   Thumb Code     0  startup_stm32f10x_md.o(.text)
    TIM1_UP_IRQHandler                       0x08008e63   Thumb Code     0  startup_stm32f10x_md.o(.text)
    TIM3_IRQHandler                          0x08008e63   Thumb Code     0  startup_stm32f10x_md.o(.text)
    TIM4_IRQHandler                          0x08008e63   Thumb Code     0  startup_stm32f10x_md.o(.text)
    USART1_IRQHandler                        0x08008e63   Thumb Code     0  startup_stm32f10x_md.o(.text)
    USART2_IRQHandler                        0x08008e63   Thumb Code     0  startup_stm32f10x_md.o(.text)
    USART3_IRQHandler                        0x08008e63   Thumb Code     0  startup_stm32f10x_md.o(.text)
    USB_HP_CAN1_TX_IRQHandler                0x08008e63   Thumb Code     0  startup_stm32f10x_md.o(.text)
    WWDG_IRQHandler                          0x08008e63   Thumb Code     0  startup_stm32f10x_md.o(.text)
    __user_initial_stackheap                 0x08008e65   Thumb Code     0  startup_stm32f10x_md.o(.text)
    SystemInit                               0x08008f29   Thumb Code    64  system_stm32f10x.o(.text)
    SystemCoreClockUpdate                    0x08008f69   Thumb Code    84  system_stm32f10x.o(.text)
    malloc                                   0x08008fdd   Thumb Code    94  h1_alloc.o(.text)
    free                                     0x0800903b   Thumb Code    78  h1_free.o(.text)
    __aeabi_llsr                             0x08009089   Thumb Code     0  llushr.o(.text)
    _ll_ushift_r                             0x08009089   Thumb Code    38  llushr.o(.text)
    toupper                                  0x080090af   Thumb Code    30  toupper.o(.text)
    vsnprintf                                0x080090cd   Thumb Code    48  vsnprintf.o(.text)
    __2sprintf                               0x08009101   Thumb Code    38  __2sprintf.o(.text)
    _printf_pre_padding                      0x0800912d   Thumb Code    44  _printf_pad.o(.text)
    _printf_post_padding                     0x08009159   Thumb Code    34  _printf_pad.o(.text)
    _printf_str                              0x0800917b   Thumb Code    82  _printf_str.o(.text)
    _printf_int_dec                          0x080091cd   Thumb Code   104  _printf_dec.o(.text)
    _printf_longlong_hex                     0x08009245   Thumb Code    86  _printf_hex_int_ll_ptr.o(.text)
    _printf_int_hex                          0x0800929b   Thumb Code    28  _printf_hex_int_ll_ptr.o(.text)
    _printf_ll_hex                           0x080092b7   Thumb Code    12  _printf_hex_int_ll_ptr.o(.text)
    _printf_hex_ptr                          0x080092c3   Thumb Code    18  _printf_hex_int_ll_ptr.o(.text)
    __printf                                 0x080092d9   Thumb Code   388  __printf_flags_ss_wp.o(.text)
    __0sscanf                                0x08009461   Thumb Code    52  __0sscanf.o(.text)
    _scanf_int                               0x0800949d   Thumb Code   332  _scanf_int.o(.text)
    _scanf_string                            0x080095e9   Thumb Code   224  _scanf_str.o(.text)
    abort                                    0x080096c9   Thumb Code    22  abort.o(.text)
    memcmp                                   0x080096df   Thumb Code    88  memcmp.o(.text)
    strcpy                                   0x08009737   Thumb Code    72  strcpy.o(.text)
    strlen                                   0x0800977f   Thumb Code    62  strlen.o(.text)
    __aeabi_memcpy                           0x080097bd   Thumb Code     0  rt_memcpy_v6.o(.text)
    __rt_memcpy                              0x080097bd   Thumb Code   138  rt_memcpy_v6.o(.text)
    _memcpy_lastbytes                        0x08009823   Thumb Code     0  rt_memcpy_v6.o(.text)
    __aeabi_memcpy4                          0x08009847   Thumb Code     0  rt_memcpy_w.o(.text)
    __aeabi_memcpy8                          0x08009847   Thumb Code     0  rt_memcpy_w.o(.text)
    __rt_memcpy_w                            0x08009847   Thumb Code   100  rt_memcpy_w.o(.text)
    _memcpy_lastbytes_aligned                0x0800988f   Thumb Code     0  rt_memcpy_w.o(.text)
    __aeabi_memclr                           0x080098ab   Thumb Code     0  rt_memclr.o(.text)
    __rt_memclr                              0x080098ab   Thumb Code    68  rt_memclr.o(.text)
    _memset                                  0x080098af   Thumb Code     0  rt_memclr.o(.text)
    __aeabi_memclr4                          0x080098ef   Thumb Code     0  rt_memclr_w.o(.text)
    __aeabi_memclr8                          0x080098ef   Thumb Code     0  rt_memclr_w.o(.text)
    __rt_memclr_w                            0x080098ef   Thumb Code    78  rt_memclr_w.o(.text)
    _memset_w                                0x080098f3   Thumb Code     0  rt_memclr_w.o(.text)
    strcmp                                   0x0800993d   Thumb Code   128  strcmpv7m.o(.text)
    __use_two_region_memory                  0x080099bd   Thumb Code     2  heapauxi.o(.text)
    __rt_heap_escrow                         0x080099bf   Thumb Code     2  heapauxi.o(.text)
    __rt_heap_expand                         0x080099c1   Thumb Code     2  heapauxi.o(.text)
    _sys_exit                                0x080099c5   Thumb Code     8  sys_exit.o(.text)
    __rt_ctype_table                         0x080099d1   Thumb Code    16  rt_ctype_table.o(.text)
    __rt_heap_descriptor                     0x080099e1   Thumb Code     8  rt_heap_descriptor_intlibspace.o(.text)
    __use_no_heap                            0x080099e9   Thumb Code     2  hguard.o(.text)
    __heap$guard                             0x080099eb   Thumb Code     2  hguard.o(.text)
    _terminate_user_alloc                    0x080099ed   Thumb Code     2  init_alloc.o(.text)
    _init_user_alloc                         0x080099ef   Thumb Code     2  init_alloc.o(.text)
    __Heap_Full                              0x080099f1   Thumb Code    34  init_alloc.o(.text)
    __Heap_Broken                            0x08009a13   Thumb Code     6  init_alloc.o(.text)
    _init_alloc                              0x08009a19   Thumb Code    94  init_alloc.o(.text)
    __Heap_Initialize                        0x08009a77   Thumb Code    10  h1_init.o(.text)
    __Heap_DescSize                          0x08009a81   Thumb Code     4  h1_init.o(.text)
    _printf_truncate_signed                  0x08009a85   Thumb Code    18  _printf_truncate.o(.text)
    _printf_truncate_unsigned                0x08009a97   Thumb Code    18  _printf_truncate.o(.text)
    _printf_int_common                       0x08009aa9   Thumb Code   178  _printf_intcommon.o(.text)
    _printf_charcount                        0x08009b5b   Thumb Code    40  _printf_charcount.o(.text)
    __lib_sel_fp_printf                      0x08009b83   Thumb Code     2  _printf_fp_dec.o(.text)
    _printf_fp_dec_real                      0x08009d35   Thumb Code   620  _printf_fp_dec.o(.text)
    _printf_char_common                      0x08009fab   Thumb Code    32  _printf_char_common.o(.text)
    _sputc                                   0x08009fd1   Thumb Code    10  _sputc.o(.text)
    _snputc                                  0x08009fdb   Thumb Code    16  _snputc.o(.text)
    _printf_cs_common                        0x08009feb   Thumb Code    20  _printf_char.o(.text)
    _printf_char                             0x08009fff   Thumb Code    16  _printf_char.o(.text)
    _printf_string                           0x0800a00f   Thumb Code     8  _printf_char.o(.text)
    _printf_wctomb                           0x0800a019   Thumb Code   182  _printf_wctomb.o(.text)
    _printf_longlong_dec                     0x0800a0d5   Thumb Code   108  _printf_longlong_dec.o(.text)
    _printf_longlong_oct                     0x0800a151   Thumb Code    66  _printf_oct_int_ll.o(.text)
    _printf_int_oct                          0x0800a193   Thumb Code    24  _printf_oct_int_ll.o(.text)
    _printf_ll_oct                           0x0800a1ab   Thumb Code    12  _printf_oct_int_ll.o(.text)
    _chval                                   0x0800a1c1   Thumb Code    28  _chval.o(.text)
    __vfscanf_char                           0x0800a1e9   Thumb Code    24  scanf_char.o(.text)
    _sgetc                                   0x0800a209   Thumb Code    30  _sgetc.o(.text)
    _sbackspace                              0x0800a227   Thumb Code    34  _sgetc.o(.text)
    __rt_SIGABRT                             0x0800a249   Thumb Code    14  defsig_abrt_outer.o(.text)
    __user_libspace                          0x0800a259   Thumb Code     8  libspace.o(.text)
    __user_perproc_libspace                  0x0800a259   Thumb Code     0  libspace.o(.text)
    __user_perthread_libspace                0x0800a259   Thumb Code     0  libspace.o(.text)
    __I$use$semihosting                      0x0800a261   Thumb Code     0  use_no_semi.o(.text)
    __use_no_semihosting_swi                 0x0800a261   Thumb Code     2  use_no_semi.o(.text)
    __semihosting_library_function           0x0800a263   Thumb Code     0  indicate_semi.o(.text)
    __rt_locale                              0x0800a265   Thumb Code     8  rt_locale_intlibspace.o(.text)
    __Heap_ProvideMemory                     0x0800a26d   Thumb Code    52  h1_extend.o(.text)
    _ll_udiv10                               0x0800a2a1   Thumb Code   138  lludiv10.o(.text)
    isspace                                  0x0800a32b   Thumb Code    18  isspace.o(.text)
    _printf_fp_hex_real                      0x0800a33d   Thumb Code   756  _printf_fp_hex.o(.text)
    _printf_fp_infnan                        0x0800a639   Thumb Code   112  _printf_fp_infnan.o(.text)
    _printf_lcs_common                       0x0800a6b9   Thumb Code    20  _printf_wchar.o(.text)
    _printf_wchar                            0x0800a6cd   Thumb Code    16  _printf_wchar.o(.text)
    _printf_wstring                          0x0800a6dd   Thumb Code     8  _printf_wchar.o(.text)
    __vfscanf                                0x0800a6e5   Thumb Code   878  _scanf.o(.text)
    _btod_etento                             0x0800aa59   Thumb Code   224  bigflt0.o(.text)
    _wcrtomb                                 0x0800ab3d   Thumb Code    64  _wcrtomb.o(.text)
    __sig_exit                               0x0800ab7d   Thumb Code    10  defsig_exit.o(.text)
    __rt_SIGABRT_inner                       0x0800ab89   Thumb Code    14  defsig_abrt_inner.o(.text)
    __rt_SIGRTMEM                            0x0800abb9   Thumb Code    14  defsig_rtmem_outer.o(.text)
    __user_setup_stackheap                   0x0800abc7   Thumb Code    74  sys_stackheap_outer.o(.text)
    exit                                     0x0800ac11   Thumb Code    18  exit.o(.text)
    __default_signal_display                 0x0800ac23   Thumb Code    50  defsig_general.o(.text)
    __rt_SIGRTMEM_inner                      0x0800ac55   Thumb Code    22  defsig_rtmem_inner.o(.text)
    _ttywrch                                 0x0800aca5   Thumb Code    14  sys_wrch.o(.text)
    _btod_d2e                                0x0800acb3   Thumb Code    62  btod.o(CL$$btod_d2e)
    _d2e_denorm_low                          0x0800acf1   Thumb Code    70  btod.o(CL$$btod_d2e_denorm_low)
    _d2e_norm_op1                            0x0800ad37   Thumb Code    96  btod.o(CL$$btod_d2e_norm_op1)
    __btod_div_common                        0x0800ad97   Thumb Code   696  btod.o(CL$$btod_div_common)
    _e2e                                     0x0800b0cf   Thumb Code   220  btod.o(CL$$btod_e2e)
    _btod_ediv                               0x0800b1ab   Thumb Code    42  btod.o(CL$$btod_ediv)
    _btod_emul                               0x0800b1d5   Thumb Code    42  btod.o(CL$$btod_emul)
    __btod_mult_common                       0x0800b1ff   Thumb Code   580  btod.o(CL$$btod_mult_common)
    __ARM_fpclassify                         0x0800b443   Thumb Code    40  fpclassify.o(i.__ARM_fpclassify)
    _is_digit                                0x0800b46b   Thumb Code    14  __printf_wp.o(i._is_digit)
    _get_lc_ctype                            0x0800b479   Thumb Code    44  lc_ctype_c.o(locale$$code)
    _get_lc_numeric                          0x0800b4a5   Thumb Code    44  lc_numeric_c.o(locale$$code)
    __aeabi_ddiv                             0x0800b4d1   Thumb Code     0  ddiv.o(x$fpl$ddiv)
    _ddiv                                    0x0800b4d1   Thumb Code   552  ddiv.o(x$fpl$ddiv)
    __fpl_dnaninf                            0x0800b781   Thumb Code   156  dnaninf.o(x$fpl$dnaninf)
    __fpl_dretinf                            0x0800b81d   Thumb Code    12  dretinf.o(x$fpl$dretinf)
    __aeabi_f2d                              0x0800b829   Thumb Code     0  f2d.o(x$fpl$f2d)
    _f2d                                     0x0800b829   Thumb Code    86  f2d.o(x$fpl$f2d)
    __aeabi_fadd                             0x0800b881   Thumb Code     0  faddsub_clz.o(x$fpl$fadd)
    _fadd                                    0x0800b881   Thumb Code   196  faddsub_clz.o(x$fpl$fadd)
    __fpl_fcheck_NaN1                        0x0800b945   Thumb Code     6  fcheck1.o(x$fpl$fcheck1)
    __aeabi_fdiv                             0x0800b951   Thumb Code     0  fdiv.o(x$fpl$fdiv)
    _fdiv                                    0x0800b951   Thumb Code   384  fdiv.o(x$fpl$fdiv)
    __aeabi_f2iz                             0x0800bad5   Thumb Code     0  ffix.o(x$fpl$ffix)
    _ffix                                    0x0800bad5   Thumb Code    54  ffix.o(x$fpl$ffix)
    __aeabi_i2f                              0x0800bb0d   Thumb Code     0  fflt_clz.o(x$fpl$fflt)
    _fflt                                    0x0800bb0d   Thumb Code    48  fflt_clz.o(x$fpl$fflt)
    __aeabi_ui2f                             0x0800bb3d   Thumb Code     0  fflt_clz.o(x$fpl$ffltu)
    _ffltu                                   0x0800bb3d   Thumb Code    38  fflt_clz.o(x$fpl$ffltu)
    __aeabi_fmul                             0x0800bb65   Thumb Code     0  fmul.o(x$fpl$fmul)
    _fmul                                    0x0800bb65   Thumb Code   258  fmul.o(x$fpl$fmul)
    __fpl_fnaninf                            0x0800bc67   Thumb Code   140  fnaninf.o(x$fpl$fnaninf)
    __fpl_fretinf                            0x0800bcf3   Thumb Code    10  fretinf.o(x$fpl$fretinf)
    __aeabi_fsub                             0x0800bcfd   Thumb Code     0  faddsub_clz.o(x$fpl$fsub)
    _fsub                                    0x0800bcfd   Thumb Code   234  faddsub_clz.o(x$fpl$fsub)
    _printf_fp_dec                           0x0800bde7   Thumb Code     4  printf1.o(x$fpl$printf1)
    _printf_fp_hex                           0x0800bdeb   Thumb Code     4  printf2.o(x$fpl$printf2)
    __fpl_return_NaN                         0x0800bdef   Thumb Code   100  retnan.o(x$fpl$retnan)
    __ARM_scalbnf                            0x0800be53   Thumb Code    76  scalbnf.o(x$fpl$scalbnf)
    __fpl_cmpreturn                          0x0800be9f   Thumb Code    48  trapv.o(x$fpl$trapveneer)
    __I$use$fp                               0x0800bece   Number         0  usenofp.o(x$fpl$usenofp)
    CMD_FN_RET_OK                            0x0800bed0   Data           5  cmd_fn.o(.constdata)
    CMD_FN_RET_ERR                           0x0800bed5   Data           8  cmd_fn.o(.constdata)
    known_commands                           0x0800bee0   Data         144  cmd_fn.o(.constdata)
    sts_length_factors                       0x0800bf70   Data          14  deca_device.o(.constdata)
    Virtual_Com_Port_DeviceDescriptor        0x0800bf7e   Data          18  usb_desc.o(.constdata)
    Virtual_Com_Port_ConfigDescriptor        0x0800bf90   Data          67  usb_desc.o(.constdata)
    Virtual_Com_Port_StringLangID            0x0800bfd3   Data           4  usb_desc.o(.constdata)
    Virtual_Com_Port_StringVendor            0x0800bfd7   Data          24  usb_desc.o(.constdata)
    Virtual_Com_Port_StringProduct           0x0800bfef   Data          38  usb_desc.o(.constdata)
    F6x8                                     0x0800c015   Data         552  oled_i2c.o(.constdata)
    F8X16                                    0x0800c23d   Data        1520  oled_i2c.o(.constdata)
    Region$$Table$$Base                      0x0800cb58   Number         0  anon$$obj.o(Region$$Table)
    Region$$Table$$Limit                     0x0800cb78   Number         0  anon$$obj.o(Region$$Table)
    __ctype                                  0x0800cb85   Data           0  lc_ctype_c.o(locale$$data)
    defaultFConfig                           0x20000004   Data          73  generic.o(.data)
    sys_uart_dma_buf                         0x20000050   Data        2808  generic.o(.data)
    sys_para                                 0x20000b48   Data         108  generic.o(.data)
    hal_led                                  0x20000bb6   Data          16  hal_led.o(.data)
    USART1_DMA_RX_BYTE                       0x20000bcc   Data           1  hal_usart.o(.data)
    USART2_DMA_RX_BYTE                       0x20000bcd   Data           1  hal_usart.o(.data)
    example_pointer                          0x20000bd0   Data           4  example_info.o(.data)
    txconfig_options                         0x20000bd4   Data          12  config_options.o(.data)
    config_options                           0x20000be0   Data          16  config_options.o(.data)
    time32_incr                              0x20000bf0   Data           4  uwb.o(.data)
    app                                      0x20000ca5   Data           4  shared_functions.o(.data)
    EXTI_InitStructure                       0x20000cac   Data           8  hw_config.o(.data)
    Virtual_Com_Port_StringSerial            0x20000cb4   Data          38  usb_desc.o(.data)
    bIntPackSOF                              0x20000ce4   Data           1  usb_istr.o(.data)
    wIstr                                    0x20000ce6   Data           2  usb_istr.o(.data)
    esof_counter                             0x20000ce8   Data           4  usb_istr.o(.data)
    wCNTR                                    0x20000cec   Data           4  usb_istr.o(.data)
    pEpInt_IN                                0x20000cf0   Data          28  usb_istr.o(.data)
    pEpInt_OUT                               0x20000d0c   Data          28  usb_istr.o(.data)
    Request                                  0x20000d28   Data           1  usb_prop.o(.data)
    linecoding                               0x20000d2c   Data           8  usb_prop.o(.data)
    Device_Descriptor                        0x20000d34   Data           8  usb_prop.o(.data)
    Config_Descriptor                        0x20000d3c   Data           8  usb_prop.o(.data)
    Device_Property                          0x20000d44   Data          48  usb_prop.o(.data)
    String_Descriptor                        0x20000d74   Data          32  usb_prop.o(.data)
    Device_Table                             0x20000d94   Data           2  usb_prop.o(.data)
    User_Standard_Requests                   0x20000d98   Data          36  usb_prop.o(.data)
    bDeviceState                             0x20000dbc   Data           4  usb_pwr.o(.data)
    fSuspendEnabled                          0x20000dc0   Data           1  usb_pwr.o(.data)
    ResumeS                                  0x20000dc4   Data           2  usb_pwr.o(.data)
    remotewakeupon                           0x20000dc8   Data           4  usb_pwr.o(.data)
    Data_Mul_MaxPacketSize                   0x20000dcc   Data           1  usb_core.o(.data)
    StatusInfo                               0x20000dce   Data           2  usb_core.o(.data)
    EPindex                                  0x20000dd0   Data           1  usb_init.o(.data)
    pInformation                             0x20000dd4   Data           4  usb_init.o(.data)
    pProperty                                0x20000dd8   Data           4  usb_init.o(.data)
    pUser_Standard_Requests                  0x20000ddc   Data           4  usb_init.o(.data)
    wInterrupt_Mask                          0x20000de0   Data           2  usb_init.o(.data)
    SaveRState                               0x20000de2   Data           2  usb_int.o(.data)
    SaveTState                               0x20000de4   Data           2  usb_int.o(.data)
    F16x16                                   0x20000de6   Data         256  oled_i2c.o(.data)
    SystemCoreClock                          0x20000efc   Data           4  system_stm32f10x.o(.data)
    AHBPrescTable                            0x20000f00   Data          16  system_stm32f10x.o(.data)
    _dbg_TXBuff                              0x200010e4   Data         256  hal_usart.o(.bss)
    EP                                       0x200015fc   Data          32  usb_pwr.o(.bss)
    Device_Info                              0x2000161c   Data          28  usb_init.o(.bss)
    __libspace_start                         0x20001638   Data          96  libspace.o(.bss)
    __temporary_stack_top$libspace           0x20001698   Data           0  libspace.o(.bss)



==============================================================================

Memory Map of the image

  Image Entry point : 0x080000ed

  Load Region LR_IROM1 (Base: 0x08000000, Size: 0x0000dbb4, Max: 0x00010000, ABSOLUTE, COMPRESSED[0x0000cedc])

    Execution Region ER_IROM1 (Exec base: 0x08000000, Load base: 0x08000000, Size: 0x0000cca4, Max: 0x00010000, ABSOLUTE)

    Exec Addr    Load Addr    Size         Type   Attr      Idx    E Section Name        Object

    0x08000000   0x08000000   0x000000ec   Data   RO         2174    RESET               startup_stm32f10x_md.o
    0x080000ec   0x080000ec   0x00000008   Code   RO         2365  * !!!main             c_w.l(__main.o)
    0x080000f4   0x080000f4   0x00000034   Code   RO         2736    !!!scatter          c_w.l(__scatter.o)
    0x08000128   0x08000128   0x0000005a   Code   RO         2734    !!dczerorl2         c_w.l(__dczerorl2.o)
    0x08000182   0x08000182   0x00000002   PAD
    0x08000184   0x08000184   0x0000001c   Code   RO         2738    !!handler_zi        c_w.l(__scatter_zi.o)
    0x080001a0   0x080001a0   0x00000000   Code   RO         2338    .ARM.Collect$$_printf_percent$$00000000  c_w.l(_printf_percent.o)
    0x080001a0   0x080001a0   0x00000006   Code   RO         2459    .ARM.Collect$$_printf_percent$$00000001  c_w.l(_printf_n.o)
    0x080001a6   0x080001a6   0x00000006   Code   RO         2460    .ARM.Collect$$_printf_percent$$00000002  c_w.l(_printf_p.o)
    0x080001ac   0x080001ac   0x00000006   Code   RO         2337    .ARM.Collect$$_printf_percent$$00000003  c_w.l(_printf_f.o)
    0x080001b2   0x080001b2   0x00000006   Code   RO         2464    .ARM.Collect$$_printf_percent$$00000004  c_w.l(_printf_e.o)
    0x080001b8   0x080001b8   0x00000006   Code   RO         2465    .ARM.Collect$$_printf_percent$$00000005  c_w.l(_printf_g.o)
    0x080001be   0x080001be   0x00000006   Code   RO         2466    .ARM.Collect$$_printf_percent$$00000006  c_w.l(_printf_a.o)
    0x080001c4   0x080001c4   0x0000000a   Code   RO         2471    .ARM.Collect$$_printf_percent$$00000007  c_w.l(_printf_ll.o)
    0x080001ce   0x080001ce   0x00000006   Code   RO         2462    .ARM.Collect$$_printf_percent$$00000008  c_w.l(_printf_i.o)
    0x080001d4   0x080001d4   0x00000006   Code   RO         2336    .ARM.Collect$$_printf_percent$$00000009  c_w.l(_printf_d.o)
    0x080001da   0x080001da   0x00000006   Code   RO         2463    .ARM.Collect$$_printf_percent$$0000000A  c_w.l(_printf_u.o)
    0x080001e0   0x080001e0   0x00000006   Code   RO         2461    .ARM.Collect$$_printf_percent$$0000000B  c_w.l(_printf_o.o)
    0x080001e6   0x080001e6   0x00000006   Code   RO         2335    .ARM.Collect$$_printf_percent$$0000000C  c_w.l(_printf_x.o)
    0x080001ec   0x080001ec   0x00000006   Code   RO         2468    .ARM.Collect$$_printf_percent$$0000000D  c_w.l(_printf_lli.o)
    0x080001f2   0x080001f2   0x00000006   Code   RO         2469    .ARM.Collect$$_printf_percent$$0000000E  c_w.l(_printf_lld.o)
    0x080001f8   0x080001f8   0x00000006   Code   RO         2470    .ARM.Collect$$_printf_percent$$0000000F  c_w.l(_printf_llu.o)
    0x080001fe   0x080001fe   0x00000006   Code   RO         2475    .ARM.Collect$$_printf_percent$$00000010  c_w.l(_printf_llo.o)
    0x08000204   0x08000204   0x00000006   Code   RO         2476    .ARM.Collect$$_printf_percent$$00000011  c_w.l(_printf_llx.o)
    0x0800020a   0x0800020a   0x0000000a   Code   RO         2472    .ARM.Collect$$_printf_percent$$00000012  c_w.l(_printf_l.o)
    0x08000214   0x08000214   0x00000006   Code   RO         2458    .ARM.Collect$$_printf_percent$$00000013  c_w.l(_printf_c.o)
    0x0800021a   0x0800021a   0x00000006   Code   RO         2334    .ARM.Collect$$_printf_percent$$00000014  c_w.l(_printf_s.o)
    0x08000220   0x08000220   0x00000006   Code   RO         2473    .ARM.Collect$$_printf_percent$$00000015  c_w.l(_printf_lc.o)
    0x08000226   0x08000226   0x00000006   Code   RO         2474    .ARM.Collect$$_printf_percent$$00000016  c_w.l(_printf_ls.o)
    0x0800022c   0x0800022c   0x00000004   Code   RO         2467    .ARM.Collect$$_printf_percent$$00000017  c_w.l(_printf_percent_end.o)
    0x08000230   0x08000230   0x00000002   Code   RO         2679    .ARM.Collect$$libinit$$00000000  c_w.l(libinit.o)
    0x08000232   0x08000232   0x00000000   Code   RO         2490    .ARM.Collect$$libinit$$00000002  c_w.l(libinit2.o)
    0x08000232   0x08000232   0x00000000   Code   RO         2492    .ARM.Collect$$libinit$$00000004  c_w.l(libinit2.o)
    0x08000232   0x08000232   0x00000008   Code   RO         2493    .ARM.Collect$$libinit$$00000005  c_w.l(libinit2.o)
    0x0800023a   0x0800023a   0x00000000   Code   RO         2495    .ARM.Collect$$libinit$$0000000A  c_w.l(libinit2.o)
    0x0800023a   0x0800023a   0x00000000   Code   RO         2497    .ARM.Collect$$libinit$$0000000C  c_w.l(libinit2.o)
    0x0800023a   0x0800023a   0x00000000   Code   RO         2499    .ARM.Collect$$libinit$$0000000E  c_w.l(libinit2.o)
    0x0800023a   0x0800023a   0x00000006   Code   RO         2500    .ARM.Collect$$libinit$$0000000F  c_w.l(libinit2.o)
    0x08000240   0x08000240   0x00000000   Code   RO         2502    .ARM.Collect$$libinit$$00000011  c_w.l(libinit2.o)
    0x08000240   0x08000240   0x0000000c   Code   RO         2503    .ARM.Collect$$libinit$$00000012  c_w.l(libinit2.o)
    0x0800024c   0x0800024c   0x00000000   Code   RO         2504    .ARM.Collect$$libinit$$00000013  c_w.l(libinit2.o)
    0x0800024c   0x0800024c   0x00000000   Code   RO         2506    .ARM.Collect$$libinit$$00000015  c_w.l(libinit2.o)
    0x0800024c   0x0800024c   0x0000000a   Code   RO         2507    .ARM.Collect$$libinit$$00000016  c_w.l(libinit2.o)
    0x08000256   0x08000256   0x00000000   Code   RO         2508    .ARM.Collect$$libinit$$00000017  c_w.l(libinit2.o)
    0x08000256   0x08000256   0x00000000   Code   RO         2510    .ARM.Collect$$libinit$$00000019  c_w.l(libinit2.o)
    0x08000256   0x08000256   0x00000000   Code   RO         2512    .ARM.Collect$$libinit$$0000001B  c_w.l(libinit2.o)
    0x08000256   0x08000256   0x00000000   Code   RO         2514    .ARM.Collect$$libinit$$0000001D  c_w.l(libinit2.o)
    0x08000256   0x08000256   0x00000000   Code   RO         2516    .ARM.Collect$$libinit$$0000001F  c_w.l(libinit2.o)
    0x08000256   0x08000256   0x00000000   Code   RO         2518    .ARM.Collect$$libinit$$00000021  c_w.l(libinit2.o)
    0x08000256   0x08000256   0x00000000   Code   RO         2520    .ARM.Collect$$libinit$$00000023  c_w.l(libinit2.o)
    0x08000256   0x08000256   0x00000000   Code   RO         2522    .ARM.Collect$$libinit$$00000025  c_w.l(libinit2.o)
    0x08000256   0x08000256   0x00000000   Code   RO         2526    .ARM.Collect$$libinit$$0000002C  c_w.l(libinit2.o)
    0x08000256   0x08000256   0x00000000   Code   RO         2528    .ARM.Collect$$libinit$$0000002E  c_w.l(libinit2.o)
    0x08000256   0x08000256   0x00000000   Code   RO         2530    .ARM.Collect$$libinit$$00000030  c_w.l(libinit2.o)
    0x08000256   0x08000256   0x00000000   Code   RO         2532    .ARM.Collect$$libinit$$00000032  c_w.l(libinit2.o)
    0x08000256   0x08000256   0x00000002   Code   RO         2533    .ARM.Collect$$libinit$$00000033  c_w.l(libinit2.o)
    0x08000258   0x08000258   0x00000002   Code   RO         2731    .ARM.Collect$$libshutdown$$00000000  c_w.l(libshutdown.o)
    0x0800025a   0x0800025a   0x00000000   Code   RO         2693    .ARM.Collect$$libshutdown$$00000002  c_w.l(libshutdown2.o)
    0x0800025a   0x0800025a   0x00000000   Code   RO         2695    .ARM.Collect$$libshutdown$$00000004  c_w.l(libshutdown2.o)
    0x0800025a   0x0800025a   0x00000000   Code   RO         2698    .ARM.Collect$$libshutdown$$00000007  c_w.l(libshutdown2.o)
    0x0800025a   0x0800025a   0x00000000   Code   RO         2701    .ARM.Collect$$libshutdown$$0000000A  c_w.l(libshutdown2.o)
    0x0800025a   0x0800025a   0x00000000   Code   RO         2703    .ARM.Collect$$libshutdown$$0000000C  c_w.l(libshutdown2.o)
    0x0800025a   0x0800025a   0x00000000   Code   RO         2706    .ARM.Collect$$libshutdown$$0000000F  c_w.l(libshutdown2.o)
    0x0800025a   0x0800025a   0x00000002   Code   RO         2707    .ARM.Collect$$libshutdown$$00000010  c_w.l(libshutdown2.o)
    0x0800025c   0x0800025c   0x00000000   Code   RO         2403    .ARM.Collect$$rtentry$$00000000  c_w.l(__rtentry.o)
    0x0800025c   0x0800025c   0x00000000   Code   RO         2560    .ARM.Collect$$rtentry$$00000002  c_w.l(__rtentry2.o)
    0x0800025c   0x0800025c   0x00000006   Code   RO         2572    .ARM.Collect$$rtentry$$00000004  c_w.l(__rtentry4.o)
    0x08000262   0x08000262   0x00000000   Code   RO         2562    .ARM.Collect$$rtentry$$00000009  c_w.l(__rtentry2.o)
    0x08000262   0x08000262   0x00000004   Code   RO         2563    .ARM.Collect$$rtentry$$0000000A  c_w.l(__rtentry2.o)
    0x08000266   0x08000266   0x00000000   Code   RO         2565    .ARM.Collect$$rtentry$$0000000C  c_w.l(__rtentry2.o)
    0x08000266   0x08000266   0x00000008   Code   RO         2566    .ARM.Collect$$rtentry$$0000000D  c_w.l(__rtentry2.o)
    0x0800026e   0x0800026e   0x00000002   Code   RO         2684    .ARM.Collect$$rtexit$$00000000  c_w.l(rtexit.o)
    0x08000270   0x08000270   0x00000000   Code   RO         2709    .ARM.Collect$$rtexit$$00000002  c_w.l(rtexit2.o)
    0x08000270   0x08000270   0x00000004   Code   RO         2710    .ARM.Collect$$rtexit$$00000003  c_w.l(rtexit2.o)
    0x08000274   0x08000274   0x00000006   Code   RO         2711    .ARM.Collect$$rtexit$$00000004  c_w.l(rtexit2.o)
    0x0800027a   0x0800027a   0x00000002   PAD
    0x0800027c   0x0800027c   0x00000000   Code   RO         2583    .emb_text           c_w.l(maybetermalloc1.o)
    0x0800027c   0x0800027c   0x00000148   Code   RO            1    .text               cmd.o
    0x080003c4   0x080003c4   0x0000072c   Code   RO           60    .text               cmd_fn.o
    0x08000af0   0x08000af0   0x000002e4   Code   RO          236    .text               generic.o
    0x08000dd4   0x08000dd4   0x000002e8   Code   RO          277    .text               generic_cmd.o
    0x080010bc   0x080010bc   0x000000b0   Code   RO          318    .text               hal_led.o
    0x0800116c   0x0800116c   0x00000026   Code   RO          351    .text               hal_drivers.o
    0x08001192   0x08001192   0x00000002   PAD
    0x08001194   0x08001194   0x000000f4   Code   RO          398    .text               hal_timer.o
    0x08001288   0x08001288   0x00000320   Code   RO          429    .text               hal_usart.o
    0x080015a8   0x080015a8   0x0000007a   Code   RO          468    .text               hal_flash.o
    0x08001622   0x08001622   0x00000002   PAD
    0x08001624   0x08001624   0x00000130   Code   RO          492    .text               hal_spi.o
    0x08001754   0x08001754   0x000000c0   Code   RO          517    .text               hal_iic.o
    0x08001814   0x08001814   0x0000001e   Code   RO          544    .text               hal_usb.o
    0x08001832   0x08001832   0x00000002   PAD
    0x08001834   0x08001834   0x000002b0   Code   RO          592    .text               osal.o
    0x08001ae4   0x08001ae4   0x0000008e   Code   RO          620    .text               main.o
    0x08001b72   0x08001b72   0x00000002   PAD
    0x08001b74   0x08001b74   0x0000012c   Code   RO          664    .text               stm32f10x_it.o
    0x08001ca0   0x08001ca0   0x00000004   Code   RO          697    .text               twr_task.o
    0x08001ca4   0x08001ca4   0x00000014   Code   RO          760    .text               example_info.o
    0x08001cb8   0x08001cb8   0x0000026c   Code   RO          802    .text               uwb.o
    0x08001f24   0x08001f24   0x00000054   Code   RO          833    .text               config.o
    0x08001f78   0x08001f78   0x000001ac   Code   RO          894    .text               tag_list.o
    0x08002124   0x08002124   0x00000034   Code   RO          922    .text               deca_mutex.o
    0x08002158   0x08002158   0x00002500   Code   RO          950    .text               deca_device.o
    0x08004658   0x08004658   0x00000478   Code   RO         1015    .text               ds_twr_sts_sdc_initiator.o
    0x08004ad0   0x08004ad0   0x000002a4   Code   RO         1050    .text               shared_functions.o
    0x08004d74   0x08004d74   0x00000198   Code   RO         1119    .text               hw_config.o
    0x08004f0c   0x08004f0c   0x000003d6   Code   RO         1176    .text               queue.o
    0x080052e2   0x080052e2   0x00000002   PAD
    0x080052e4   0x080052e4   0x000000b4   Code   RO         1220    .text               usb_endp.o
    0x08005398   0x08005398   0x00000150   Code   RO         1250    .text               usb_istr.o
    0x080054e8   0x080054e8   0x0000000c   Code   RO         1282    .text               usb_it.o
    0x080054f4   0x080054f4   0x000001f4   Code   RO         1312    .text               usb_prop.o
    0x080056e8   0x080056e8   0x000001b0   Code   RO         1349    .text               usb_pwr.o
    0x08005898   0x08005898   0x000007c8   Code   RO         1383    .text               usb_core.o
    0x08006060   0x08006060   0x00000028   Code   RO         1438    .text               usb_init.o
    0x08006088   0x08006088   0x000001c4   Code   RO         1476    .text               usb_int.o
    0x0800624c   0x0800624c   0x00000048   Code   RO         1512    .text               usb_mem.o
    0x08006294   0x08006294   0x000006b0   Code   RO         1536    .text               usb_regs.o
    0x08006944   0x08006944   0x0000006c   Code   RO         1561    .text               usb_sil.o
    0x080069b0   0x080069b0   0x000003a8   Code   RO         1585    .text               oled_i2c.o
    0x08006d58   0x08006d58   0x000000b0   Code   RO         1618    .text               misc.o
    0x08006e08   0x08006e08   0x000001c8   Code   RO         1810    .text               stm32f10x_dma.o
    0x08006fd0   0x08006fd0   0x000000e8   Code   RO         1834    .text               stm32f10x_exti.o
    0x080070b8   0x080070b8   0x0000047c   Code   RO         1858    .text               stm32f10x_flash.o
    0x08007534   0x08007534   0x0000026c   Code   RO         1907    .text               stm32f10x_gpio.o
    0x080077a0   0x080077a0   0x00000328   Code   RO         1931    .text               stm32f10x_i2c.o
    0x08007ac8   0x08007ac8   0x0000003c   Code   RO         1955    .text               stm32f10x_iwdg.o
    0x08007b04   0x08007b04   0x000002b4   Code   RO         2003    .text               stm32f10x_rcc.o
    0x08007db8   0x08007db8   0x00000274   Code   RO         2078    .text               stm32f10x_spi.o
    0x0800802c   0x0800802c   0x00000af4   Code   RO         2102    .text               stm32f10x_tim.o
    0x08008b20   0x08008b20   0x00000328   Code   RO         2127    .text               stm32f10x_usart.o
    0x08008e48   0x08008e48   0x00000040   Code   RO         2175    .text               startup_stm32f10x_md.o
    0x08008e88   0x08008e88   0x00000154   Code   RO         2182    .text               system_stm32f10x.o
    0x08008fdc   0x08008fdc   0x0000005e   Code   RO         2215    .text               c_w.l(h1_alloc.o)
    0x0800903a   0x0800903a   0x0000004e   Code   RO         2217    .text               c_w.l(h1_free.o)
    0x08009088   0x08009088   0x00000026   Code   RO         2275    .text               c_w.l(llushr.o)
    0x080090ae   0x080090ae   0x0000001e   Code   RO         2277    .text               c_w.l(toupper.o)
    0x080090cc   0x080090cc   0x00000034   Code   RO         2279    .text               c_w.l(vsnprintf.o)
    0x08009100   0x08009100   0x0000002c   Code   RO         2281    .text               c_w.l(__2sprintf.o)
    0x0800912c   0x0800912c   0x0000004e   Code   RO         2287    .text               c_w.l(_printf_pad.o)
    0x0800917a   0x0800917a   0x00000052   Code   RO         2289    .text               c_w.l(_printf_str.o)
    0x080091cc   0x080091cc   0x00000078   Code   RO         2291    .text               c_w.l(_printf_dec.o)
    0x08009244   0x08009244   0x00000094   Code   RO         2311    .text               c_w.l(_printf_hex_int_ll_ptr.o)
    0x080092d8   0x080092d8   0x00000188   Code   RO         2331    .text               c_w.l(__printf_flags_ss_wp.o)
    0x08009460   0x08009460   0x0000003c   Code   RO         2339    .text               c_w.l(__0sscanf.o)
    0x0800949c   0x0800949c   0x0000014c   Code   RO         2341    .text               c_w.l(_scanf_int.o)
    0x080095e8   0x080095e8   0x000000e0   Code   RO         2343    .text               c_w.l(_scanf_str.o)
    0x080096c8   0x080096c8   0x00000016   Code   RO         2345    .text               c_w.l(abort.o)
    0x080096de   0x080096de   0x00000058   Code   RO         2347    .text               c_w.l(memcmp.o)
    0x08009736   0x08009736   0x00000048   Code   RO         2349    .text               c_w.l(strcpy.o)
    0x0800977e   0x0800977e   0x0000003e   Code   RO         2351    .text               c_w.l(strlen.o)
    0x080097bc   0x080097bc   0x0000008a   Code   RO         2353    .text               c_w.l(rt_memcpy_v6.o)
    0x08009846   0x08009846   0x00000064   Code   RO         2355    .text               c_w.l(rt_memcpy_w.o)
    0x080098aa   0x080098aa   0x00000044   Code   RO         2357    .text               c_w.l(rt_memclr.o)
    0x080098ee   0x080098ee   0x0000004e   Code   RO         2359    .text               c_w.l(rt_memclr_w.o)
    0x0800993c   0x0800993c   0x00000080   Code   RO         2361    .text               c_w.l(strcmpv7m.o)
    0x080099bc   0x080099bc   0x00000006   Code   RO         2363    .text               c_w.l(heapauxi.o)
    0x080099c2   0x080099c2   0x00000002   PAD
    0x080099c4   0x080099c4   0x0000000c   Code   RO         2399    .text               c_w.l(sys_exit.o)
    0x080099d0   0x080099d0   0x00000010   Code   RO         2404    .text               c_w.l(rt_ctype_table.o)
    0x080099e0   0x080099e0   0x00000008   Code   RO         2409    .text               c_w.l(rt_heap_descriptor_intlibspace.o)
    0x080099e8   0x080099e8   0x00000004   Code   RO         2411    .text               c_w.l(hguard.o)
    0x080099ec   0x080099ec   0x0000008a   Code   RO         2413    .text               c_w.l(init_alloc.o)
    0x08009a76   0x08009a76   0x0000000e   Code   RO         2417    .text               c_w.l(h1_init.o)
    0x08009a84   0x08009a84   0x00000024   Code   RO         2431    .text               c_w.l(_printf_truncate.o)
    0x08009aa8   0x08009aa8   0x000000b2   Code   RO         2433    .text               c_w.l(_printf_intcommon.o)
    0x08009b5a   0x08009b5a   0x00000028   Code   RO         2435    .text               c_w.l(_printf_charcount.o)
    0x08009b82   0x08009b82   0x0000041e   Code   RO         2437    .text               c_w.l(_printf_fp_dec.o)
    0x08009fa0   0x08009fa0   0x00000030   Code   RO         2439    .text               c_w.l(_printf_char_common.o)
    0x08009fd0   0x08009fd0   0x0000000a   Code   RO         2441    .text               c_w.l(_sputc.o)
    0x08009fda   0x08009fda   0x00000010   Code   RO         2443    .text               c_w.l(_snputc.o)
    0x08009fea   0x08009fea   0x0000002c   Code   RO         2445    .text               c_w.l(_printf_char.o)
    0x0800a016   0x0800a016   0x00000002   PAD
    0x0800a018   0x0800a018   0x000000bc   Code   RO         2447    .text               c_w.l(_printf_wctomb.o)
    0x0800a0d4   0x0800a0d4   0x0000007c   Code   RO         2450    .text               c_w.l(_printf_longlong_dec.o)
    0x0800a150   0x0800a150   0x00000070   Code   RO         2456    .text               c_w.l(_printf_oct_int_ll.o)
    0x0800a1c0   0x0800a1c0   0x0000001c   Code   RO         2477    .text               c_w.l(_chval.o)
    0x0800a1dc   0x0800a1dc   0x0000002c   Code   RO         2479    .text               c_w.l(scanf_char.o)
    0x0800a208   0x0800a208   0x00000040   Code   RO         2481    .text               c_w.l(_sgetc.o)
    0x0800a248   0x0800a248   0x0000000e   Code   RO         2483    .text               c_w.l(defsig_abrt_outer.o)
    0x0800a256   0x0800a256   0x00000002   PAD
    0x0800a258   0x0800a258   0x00000008   Code   RO         2553    .text               c_w.l(libspace.o)
    0x0800a260   0x0800a260   0x00000002   Code   RO         2556    .text               c_w.l(use_no_semi.o)
    0x0800a262   0x0800a262   0x00000000   Code   RO         2558    .text               c_w.l(indicate_semi.o)
    0x0800a262   0x0800a262   0x00000002   PAD
    0x0800a264   0x0800a264   0x00000008   Code   RO         2579    .text               c_w.l(rt_locale_intlibspace.o)
    0x0800a26c   0x0800a26c   0x00000034   Code   RO         2585    .text               c_w.l(h1_extend.o)
    0x0800a2a0   0x0800a2a0   0x0000008a   Code   RO         2589    .text               c_w.l(lludiv10.o)
    0x0800a32a   0x0800a32a   0x00000012   Code   RO         2591    .text               c_w.l(isspace.o)
    0x0800a33c   0x0800a33c   0x000002fc   Code   RO         2593    .text               c_w.l(_printf_fp_hex.o)
    0x0800a638   0x0800a638   0x00000080   Code   RO         2596    .text               c_w.l(_printf_fp_infnan.o)
    0x0800a6b8   0x0800a6b8   0x0000002c   Code   RO         2600    .text               c_w.l(_printf_wchar.o)
    0x0800a6e4   0x0800a6e4   0x00000374   Code   RO         2602    .text               c_w.l(_scanf.o)
    0x0800aa58   0x0800aa58   0x000000e4   Code   RO         2604    .text               c_w.l(bigflt0.o)
    0x0800ab3c   0x0800ab3c   0x00000040   Code   RO         2629    .text               c_w.l(_wcrtomb.o)
    0x0800ab7c   0x0800ab7c   0x0000000a   Code   RO         2637    .text               c_w.l(defsig_exit.o)
    0x0800ab86   0x0800ab86   0x00000002   PAD
    0x0800ab88   0x0800ab88   0x00000030   Code   RO         2639    .text               c_w.l(defsig_abrt_inner.o)
    0x0800abb8   0x0800abb8   0x0000000e   Code   RO         2641    .text               c_w.l(defsig_rtmem_outer.o)
    0x0800abc6   0x0800abc6   0x0000004a   Code   RO         2658    .text               c_w.l(sys_stackheap_outer.o)
    0x0800ac10   0x0800ac10   0x00000012   Code   RO         2662    .text               c_w.l(exit.o)
    0x0800ac22   0x0800ac22   0x00000032   Code   RO         2666    .text               c_w.l(defsig_general.o)
    0x0800ac54   0x0800ac54   0x00000050   Code   RO         2668    .text               c_w.l(defsig_rtmem_inner.o)
    0x0800aca4   0x0800aca4   0x0000000e   Code   RO         2682    .text               c_w.l(sys_wrch.o)
    0x0800acb2   0x0800acb2   0x0000003e   Code   RO         2607    CL$$btod_d2e        c_w.l(btod.o)
    0x0800acf0   0x0800acf0   0x00000046   Code   RO         2609    CL$$btod_d2e_denorm_low  c_w.l(btod.o)
    0x0800ad36   0x0800ad36   0x00000060   Code   RO         2608    CL$$btod_d2e_norm_op1  c_w.l(btod.o)
    0x0800ad96   0x0800ad96   0x00000338   Code   RO         2617    CL$$btod_div_common  c_w.l(btod.o)
    0x0800b0ce   0x0800b0ce   0x000000dc   Code   RO         2614    CL$$btod_e2e        c_w.l(btod.o)
    0x0800b1aa   0x0800b1aa   0x0000002a   Code   RO         2611    CL$$btod_ediv       c_w.l(btod.o)
    0x0800b1d4   0x0800b1d4   0x0000002a   Code   RO         2610    CL$$btod_emul       c_w.l(btod.o)
    0x0800b1fe   0x0800b1fe   0x00000244   Code   RO         2616    CL$$btod_mult_common  c_w.l(btod.o)
    0x0800b442   0x0800b442   0x00000028   Code   RO         2656    i.__ARM_fpclassify  m_ws.l(fpclassify.o)
    0x0800b46a   0x0800b46a   0x0000000e   Code   RO         2324    i._is_digit         c_w.l(__printf_wp.o)
    0x0800b478   0x0800b478   0x0000002c   Code   RO         2632    locale$$code        c_w.l(lc_ctype_c.o)
    0x0800b4a4   0x0800b4a4   0x0000002c   Code   RO         2635    locale$$code        c_w.l(lc_numeric_c.o)
    0x0800b4d0   0x0800b4d0   0x000002b0   Code   RO         2368    x$fpl$ddiv          fz_ws.l(ddiv.o)
    0x0800b780   0x0800b780   0x0000009c   Code   RO         2534    x$fpl$dnaninf       fz_ws.l(dnaninf.o)
    0x0800b81c   0x0800b81c   0x0000000c   Code   RO         2536    x$fpl$dretinf       fz_ws.l(dretinf.o)
    0x0800b828   0x0800b828   0x00000056   Code   RO         2371    x$fpl$f2d           fz_ws.l(f2d.o)
    0x0800b87e   0x0800b87e   0x00000002   PAD
    0x0800b880   0x0800b880   0x000000c4   Code   RO         2373    x$fpl$fadd          fz_ws.l(faddsub_clz.o)
    0x0800b944   0x0800b944   0x0000000c   Code   RO         2538    x$fpl$fcheck1       fz_ws.l(fcheck1.o)
    0x0800b950   0x0800b950   0x00000184   Code   RO         2380    x$fpl$fdiv          fz_ws.l(fdiv.o)
    0x0800bad4   0x0800bad4   0x00000036   Code   RO         2383    x$fpl$ffix          fz_ws.l(ffix.o)
    0x0800bb0a   0x0800bb0a   0x00000002   PAD
    0x0800bb0c   0x0800bb0c   0x00000030   Code   RO         2388    x$fpl$fflt          fz_ws.l(fflt_clz.o)
    0x0800bb3c   0x0800bb3c   0x00000026   Code   RO         2387    x$fpl$ffltu         fz_ws.l(fflt_clz.o)
    0x0800bb62   0x0800bb62   0x00000002   PAD
    0x0800bb64   0x0800bb64   0x00000102   Code   RO         2393    x$fpl$fmul          fz_ws.l(fmul.o)
    0x0800bc66   0x0800bc66   0x0000008c   Code   RO         2540    x$fpl$fnaninf       fz_ws.l(fnaninf.o)
    0x0800bcf2   0x0800bcf2   0x0000000a   Code   RO         2542    x$fpl$fretinf       fz_ws.l(fretinf.o)
    0x0800bcfc   0x0800bcfc   0x000000ea   Code   RO         2375    x$fpl$fsub          fz_ws.l(faddsub_clz.o)
    0x0800bde6   0x0800bde6   0x00000004   Code   RO         2395    x$fpl$printf1       fz_ws.l(printf1.o)
    0x0800bdea   0x0800bdea   0x00000004   Code   RO         2544    x$fpl$printf2       fz_ws.l(printf2.o)
    0x0800bdee   0x0800bdee   0x00000064   Code   RO         2654    x$fpl$retnan        fz_ws.l(retnan.o)
    0x0800be52   0x0800be52   0x0000004c   Code   RO         2397    x$fpl$scalbnf       fz_ws.l(scalbnf.o)
    0x0800be9e   0x0800be9e   0x00000030   Code   RO         2680    x$fpl$trapveneer    fz_ws.l(trapv.o)
    0x0800bece   0x0800bece   0x00000000   Code   RO         2550    x$fpl$usenofp       fz_ws.l(usenofp.o)
    0x0800bece   0x0800bece   0x00000002   PAD
    0x0800bed0   0x0800bed0   0x000000a0   Data   RO           61    .constdata          cmd_fn.o
    0x0800bf70   0x0800bf70   0x0000000e   Data   RO          952    .constdata          deca_device.o
    0x0800bf7e   0x0800bf7e   0x00000012   Data   RO         1191    .constdata          usb_desc.o
    0x0800bf90   0x0800bf90   0x00000043   Data   RO         1192    .constdata          usb_desc.o
    0x0800bfd3   0x0800bfd3   0x00000004   Data   RO         1193    .constdata          usb_desc.o
    0x0800bfd7   0x0800bfd7   0x00000018   Data   RO         1194    .constdata          usb_desc.o
    0x0800bfef   0x0800bfef   0x00000026   Data   RO         1195    .constdata          usb_desc.o
    0x0800c015   0x0800c015   0x00000818   Data   RO         1586    .constdata          oled_i2c.o
    0x0800c82d   0x0800c82d   0x00000028   Data   RO         2312    .constdata          c_w.l(_printf_hex_int_ll_ptr.o)
    0x0800c855   0x0800c855   0x00000011   Data   RO         2332    .constdata          c_w.l(__printf_flags_ss_wp.o)
    0x0800c866   0x0800c866   0x00000002   PAD
    0x0800c868   0x0800c868   0x00000008   Data   RO         2448    .constdata          c_w.l(_printf_wctomb.o)
    0x0800c870   0x0800c870   0x00000026   Data   RO         2594    .constdata          c_w.l(_printf_fp_hex.o)
    0x0800c896   0x0800c896   0x00000002   PAD
    0x0800c898   0x0800c898   0x00000094   Data   RO         2605    .constdata          c_w.l(bigflt0.o)
    0x0800c92c   0x0800c92c   0x00000151   Data   RO           62    .conststring        cmd_fn.o
    0x0800ca7d   0x0800ca7d   0x00000003   PAD
    0x0800ca80   0x0800ca80   0x00000092   Data   RO          237    .conststring        generic.o
    0x0800cb12   0x0800cb12   0x00000002   PAD
    0x0800cb14   0x0800cb14   0x00000043   Data   RO          834    .conststring        config.o
    0x0800cb57   0x0800cb57   0x00000001   PAD
    0x0800cb58   0x0800cb58   0x00000020   Data   RO         2732    Region$$Table       anon$$obj.o
    0x0800cb78   0x0800cb78   0x00000110   Data   RO         2631    locale$$data        c_w.l(lc_ctype_c.o)
    0x0800cc88   0x0800cc88   0x0000001c   Data   RO         2634    locale$$data        c_w.l(lc_numeric_c.o)


    Execution Region RW_IRAM1 (Exec base: 0x20000000, Load base: 0x0800cca4, Size: 0x00002898, Max: 0x00005000, ABSOLUTE, COMPRESSED[0x00000238])

    Exec Addr    Load Addr    Size         Type   Attr      Idx    E Section Name        Object

    0x20000000   COMPRESSED   0x00000bb4   Data   RW          238    .data               generic.o
    0x20000bb4   COMPRESSED   0x00000002   Data   RW          279    .data               generic_cmd.o
    0x20000bb6   COMPRESSED   0x00000010   Data   RW          319    .data               hal_led.o
    0x20000bc6   COMPRESSED   0x00000002   PAD
    0x20000bc8   COMPRESSED   0x00000004   Data   RW          399    .data               hal_timer.o
    0x20000bcc   COMPRESSED   0x00000002   Data   RW          431    .data               hal_usart.o
    0x20000bce   COMPRESSED   0x00000002   Data   RW          665    .data               stm32f10x_it.o
    0x20000bd0   COMPRESSED   0x00000004   Data   RW          761    .data               example_info.o
    0x20000bd4   COMPRESSED   0x0000000c   Data   RW          779    .data               config_options.o
    0x20000be0   COMPRESSED   0x00000010   Data   RW          781    .data               config_options.o
    0x20000bf0   COMPRESSED   0x00000004   Data   RW          803    .data               uwb.o
    0x20000bf4   COMPRESSED   0x00000004   PAD
    0x20000bf8   COMPRESSED   0x00000008   Data   RW          895    .data               tag_list.o
    0x20000c00   COMPRESSED   0x00000004   Data   RW          953    .data               deca_device.o
    0x20000c04   COMPRESSED   0x00000004   PAD
    0x20000c08   COMPRESSED   0x0000009d   Data   RW         1017    .data               ds_twr_sts_sdc_initiator.o
    0x20000ca5   COMPRESSED   0x00000004   Data   RW         1051    .data               shared_functions.o
    0x20000ca9   COMPRESSED   0x00000003   PAD
    0x20000cac   COMPRESSED   0x00000008   Data   RW         1123    .data               hw_config.o
    0x20000cb4   COMPRESSED   0x00000026   Data   RW         1196    .data               usb_desc.o
    0x20000cda   COMPRESSED   0x00000002   PAD
    0x20000cdc   COMPRESSED   0x00000008   Data   RW         1222    .data               usb_endp.o
    0x20000ce4   COMPRESSED   0x0000000c   Data   RW         1251    .data               usb_istr.o
    0x20000cf0   COMPRESSED   0x0000001c   Data   RW         1252    .data               usb_istr.o
    0x20000d0c   COMPRESSED   0x0000001c   Data   RW         1253    .data               usb_istr.o
    0x20000d28   COMPRESSED   0x0000006c   Data   RW         1313    .data               usb_prop.o
    0x20000d94   COMPRESSED   0x00000002   Data   RW         1314    .data               usb_prop.o
    0x20000d96   COMPRESSED   0x00000002   PAD
    0x20000d98   COMPRESSED   0x00000024   Data   RW         1315    .data               usb_prop.o
    0x20000dbc   COMPRESSED   0x00000004   Data   RW         1351    .data               usb_pwr.o
    0x20000dc0   COMPRESSED   0x00000001   Data   RW         1352    .data               usb_pwr.o
    0x20000dc1   COMPRESSED   0x00000003   PAD
    0x20000dc4   COMPRESSED   0x00000008   Data   RW         1353    .data               usb_pwr.o
    0x20000dcc   COMPRESSED   0x00000004   Data   RW         1384    .data               usb_core.o
    0x20000dd0   COMPRESSED   0x00000001   Data   RW         1440    .data               usb_init.o
    0x20000dd1   COMPRESSED   0x00000003   PAD
    0x20000dd4   COMPRESSED   0x0000000c   Data   RW         1441    .data               usb_init.o
    0x20000de0   COMPRESSED   0x00000002   Data   RW         1443    .data               usb_init.o
    0x20000de2   COMPRESSED   0x00000004   Data   RW         1477    .data               usb_int.o
    0x20000de6   COMPRESSED   0x00000100   Data   RW         1587    .data               oled_i2c.o
    0x20000ee6   COMPRESSED   0x00000014   Data   RW         2004    .data               stm32f10x_rcc.o
    0x20000efa   COMPRESSED   0x00000002   PAD
    0x20000efc   COMPRESSED   0x00000014   Data   RW         2183    .data               system_stm32f10x.o
    0x20000f10        -       0x000001d4   Zero   RW          278    .bss                generic_cmd.o
    0x200010e4        -       0x00000100   Zero   RW          430    .bss                hal_usart.o
    0x200011e4        -       0x00000140   Zero   RW          951    .bss                deca_device.o
    0x20001324        -       0x00000028   Zero   RW         1016    .bss                ds_twr_sts_sdc_initiator.o
    0x2000134c        -       0x00000230   Zero   RW         1120    .bss                hw_config.o
    0x2000157c        -       0x00000080   Zero   RW         1221    .bss                usb_endp.o
    0x200015fc        -       0x00000020   Zero   RW         1350    .bss                usb_pwr.o
    0x2000161c        -       0x0000001c   Zero   RW         1439    .bss                usb_init.o
    0x20001638        -       0x00000060   Zero   RW         2554    .bss                c_w.l(libspace.o)
    0x20001698        -       0x00000200   Zero   RW         2173    HEAP                startup_stm32f10x_md.o
    0x20001898        -       0x00001000   Zero   RW         2172    STACK               startup_stm32f10x_md.o


==============================================================================

Image component sizes


      Code (inc. data)   RO Data    RW Data    ZI Data      Debug   Object Name

       328         60          0          0          0       7334   cmd.o
      1836        466        497          0          0     332807   cmd_fn.o
        84         32         67          0          0       4944   config.o
         0          0          0         28          0      13052   config_options.o
      9472        436         14          4        320      51432   deca_device.o
        52          0          0          0          0      26046   deca_mutex.o
      1144        240          0        157         40       5393   ds_twr_sts_sdc_initiator.o
        20         10          0          4          0       1479   example_info.o
       740        324        146       2996          0       4882   generic.o
       744         18          0          2        468       5214   generic_cmd.o
        38          0          0          0          0        598   hal_drivers.o
       122          0          0          0          0       1736   hal_flash.o
       192         36          0          0          0        874   hal_iic.o
       176         14          0         16          0       2929   hal_led.o
       304         12          0          0          0       1715   hal_spi.o
       244         10          0          4          0      27617   hal_timer.o
       800         26          0          2        256       4982   hal_usart.o
        30          0          0          0          0       4328   hal_usb.o
       408         30          0          8        560       6341   hw_config.o
       142          0          0          0          0       1577   main.o
       176         14          0          0          0       1989   misc.o
       936         32       2072        256          0       4962   oled_i2c.o
       688         98          0          0          0       4981   osal.o
       982          0          0          0          0       6163   queue.o
       676         46          0          4          0       6321   shared_functions.o
        64         26        236          0       4608        884   startup_stm32f10x_md.o
       456         10          0          0          0       4774   stm32f10x_dma.o
       232          8          0          0          0       2491   stm32f10x_exti.o
      1148         22          0          0          0       9292   stm32f10x_flash.o
       620         36          0          0          0       5953   stm32f10x_gpio.o
       808         14          0          0          0       9759   stm32f10x_i2c.o
       300        102          0          2          0       2294   stm32f10x_it.o
        60          6          0          0          0       1353   stm32f10x_iwdg.o
       692         32          0         20          0       9100   stm32f10x_rcc.o
       628         14          0          0          0       7090   stm32f10x_spi.o
      2804         86          0          0          0      23074   stm32f10x_tim.o
       808         22          0          0          0       8872   stm32f10x_usart.o
       340         32          0         20          0       2171   system_stm32f10x.o
       428          8          0          8          0       5788   tag_list.o
         4          0          0          0          0        527   twr_task.o
      1992         88          0          4          0      20413   usb_core.o
         0          0        151         38          0       1287   usb_desc.o
       180         12          0          8        128       1956   usb_endp.o
        40         18          0         15         28       4386   usb_init.o
       452         28          0          4          0       2143   usb_int.o
       336         26          0         68          0       1931   usb_istr.o
        12          0          0          0          0        666   usb_it.o
        72          6          0          0          0       1582   usb_mem.o
       500         22          0        146          0       7595   usb_prop.o
       432         36          0         13         32       3381   usb_pwr.o
      1712         28          0          0          0      11583   usb_regs.o
       108         10          0          0          0       1606   usb_sil.o
       620         22          0          4          0       4972   uwb.o

    ----------------------------------------------------------------------
     36192       2618       3221       3856       6440     686619   Object Totals
         0          0         32          0          0          0   (incl. Generated)
        10          0          6         25          0          0   (incl. Padding)

    ----------------------------------------------------------------------

      Code (inc. data)   RO Data    RW Data    ZI Data      Debug   Library Member Name

        60          8          0          0          0         84   __0sscanf.o
        44          6          0          0          0         84   __2sprintf.o
        90          0          0          0          0          0   __dczerorl2.o
         8          0          0          0          0         68   __main.o
       392          4         17          0          0         92   __printf_flags_ss_wp.o
        14          0          0          0          0         68   __printf_wp.o
         0          0          0          0          0          0   __rtentry.o
        12          0          0          0          0          0   __rtentry2.o
         6          0          0          0          0          0   __rtentry4.o
        52          8          0          0          0          0   __scatter.o
        28          0          0          0          0          0   __scatter_zi.o
        28          0          0          0          0         68   _chval.o
         6          0          0          0          0          0   _printf_a.o
         6          0          0          0          0          0   _printf_c.o
        44          0          0          0          0        108   _printf_char.o
        48          6          0          0          0         96   _printf_char_common.o
        40          0          0          0          0         68   _printf_charcount.o
         6          0          0          0          0          0   _printf_d.o
       120         16          0          0          0         92   _printf_dec.o
         6          0          0          0          0          0   _printf_e.o
         6          0          0          0          0          0   _printf_f.o
      1054          0          0          0          0        216   _printf_fp_dec.o
       764          8         38          0          0        100   _printf_fp_hex.o
       128         16          0          0          0         84   _printf_fp_infnan.o
         6          0          0          0          0          0   _printf_g.o
       148          4         40          0          0        160   _printf_hex_int_ll_ptr.o
         6          0          0          0          0          0   _printf_i.o
       178          0          0          0          0         88   _printf_intcommon.o
        10          0          0          0          0          0   _printf_l.o
         6          0          0          0          0          0   _printf_lc.o
        10          0          0          0          0          0   _printf_ll.o
         6          0          0          0          0          0   _printf_lld.o
         6          0          0          0          0          0   _printf_lli.o
         6          0          0          0          0          0   _printf_llo.o
         6          0          0          0          0          0   _printf_llu.o
         6          0          0          0          0          0   _printf_llx.o
       124         16          0          0          0         92   _printf_longlong_dec.o
         6          0          0          0          0          0   _printf_ls.o
         6          0          0          0          0          0   _printf_n.o
         6          0          0          0          0          0   _printf_o.o
       112         10          0          0          0        124   _printf_oct_int_ll.o
         6          0          0          0          0          0   _printf_p.o
        78          0          0          0          0        108   _printf_pad.o
         0          0          0          0          0          0   _printf_percent.o
         4          0          0          0          0          0   _printf_percent_end.o
         6          0          0          0          0          0   _printf_s.o
        82          0          0          0          0         80   _printf_str.o
        36          0          0          0          0         84   _printf_truncate.o
         6          0          0          0          0          0   _printf_u.o
        44          0          0          0          0        108   _printf_wchar.o
       188          6          8          0          0         92   _printf_wctomb.o
         6          0          0          0          0          0   _printf_x.o
       884          6          0          0          0        100   _scanf.o
       332          0          0          0          0         96   _scanf_int.o
       224          0          0          0          0         96   _scanf_str.o
        64          0          0          0          0         84   _sgetc.o
        16          0          0          0          0         68   _snputc.o
        10          0          0          0          0         68   _sputc.o
        64          0          0          0          0         92   _wcrtomb.o
        22          0          0          0          0         80   abort.o
       228          4        148          0          0         96   bigflt0.o
      1936        128          0          0          0        672   btod.o
        48         34          0          0          0         76   defsig_abrt_inner.o
        14          0          0          0          0         80   defsig_abrt_outer.o
        10          0          0          0          0         68   defsig_exit.o
        50          0          0          0          0         88   defsig_general.o
        80         58          0          0          0         76   defsig_rtmem_inner.o
        14          0          0          0          0         80   defsig_rtmem_outer.o
        18          0          0          0          0         80   exit.o
        94          0          0          0          0         80   h1_alloc.o
        52          0          0          0          0         68   h1_extend.o
        78          0          0          0          0         80   h1_free.o
        14          0          0          0          0         84   h1_init.o
         6          0          0          0          0        152   heapauxi.o
         4          0          0          0          0        136   hguard.o
         0          0          0          0          0          0   indicate_semi.o
       138          0          0          0          0        168   init_alloc.o
        18          0          0          0          0         76   isspace.o
        44         10        272          0          0         76   lc_ctype_c.o
        44         10         28          0          0         76   lc_numeric_c.o
         2          0          0          0          0          0   libinit.o
        38          0          0          0          0          0   libinit2.o
         2          0          0          0          0          0   libshutdown.o
         2          0          0          0          0          0   libshutdown2.o
         8          4          0          0         96         68   libspace.o
       138          0          0          0          0         80   lludiv10.o
        38          0          0          0          0         68   llushr.o
         0          0          0          0          0          0   maybetermalloc1.o
        88          0          0          0          0         76   memcmp.o
        16          4          0          0          0         76   rt_ctype_table.o
         8          4          0          0          0         68   rt_heap_descriptor_intlibspace.o
         8          4          0          0          0         68   rt_locale_intlibspace.o
        68          0          0          0          0         68   rt_memclr.o
        78          0          0          0          0         80   rt_memclr_w.o
       138          0          0          0          0         68   rt_memcpy_v6.o
       100          0          0          0          0         80   rt_memcpy_w.o
         2          0          0          0          0          0   rtexit.o
        10          0          0          0          0          0   rtexit2.o
        44          8          0          0          0         84   scanf_char.o
       128          0          0          0          0         68   strcmpv7m.o
        72          0          0          0          0         80   strcpy.o
        62          0          0          0          0         76   strlen.o
        12          4          0          0          0         68   sys_exit.o
        74          0          0          0          0         80   sys_stackheap_outer.o
        14          0          0          0          0         76   sys_wrch.o
        30          0          0          0          0         76   toupper.o
         2          0          0          0          0         68   use_no_semi.o
        52          4          0          0          0         80   vsnprintf.o
       688        140          0          0          0        208   ddiv.o
       156          4          0          0          0         92   dnaninf.o
        12          0          0          0          0         68   dretinf.o
        86          4          0          0          0         84   f2d.o
       430          8          0          0          0        168   faddsub_clz.o
        12          4          0          0          0         68   fcheck1.o
       388         76          0          0          0         96   fdiv.o
        54          4          0          0          0         84   ffix.o
        86          0          0          0          0        136   fflt_clz.o
       258          4          0          0          0         84   fmul.o
       140          4          0          0          0         84   fnaninf.o
        10          0          0          0          0         68   fretinf.o
         4          0          0          0          0         68   printf1.o
         4          0          0          0          0         68   printf2.o
       100          0          0          0          0         68   retnan.o
        76          0          0          0          0         68   scalbnf.o
        48          0          0          0          0         68   trapv.o
         0          0          0          0          0          0   usenofp.o
        40          0          0          0          0         68   fpclassify.o

    ----------------------------------------------------------------------
     12420        638        555          0         96       8364   Library Totals
        22          0          4          0          0          0   (incl. Padding)

    ----------------------------------------------------------------------

      Code (inc. data)   RO Data    RW Data    ZI Data      Debug   Library Name

      9806        390        551          0         96       6716   c_w.l
      2552        248          0          0          0       1580   fz_ws.l
        40          0          0          0          0         68   m_ws.l

    ----------------------------------------------------------------------
     12420        638        555          0         96       8364   Library Totals

    ----------------------------------------------------------------------

==============================================================================


      Code (inc. data)   RO Data    RW Data    ZI Data      Debug   

     48612       3256       3776       3856       6536     683851   Grand Totals
     48612       3256       3776        568       6536     683851   ELF Image Totals (compressed)
     48612       3256       3776        568          0          0   ROM Totals

==============================================================================

    Total RO  Size (Code + RO Data)                52388 (  51.16kB)
    Total RW  Size (RW Data + ZI Data)             10392 (  10.15kB)
    Total ROM Size (Code + RO Data + RW Data)      52956 (  51.71kB)

==============================================================================

