Component: ARM Compiler 5.06 update 6 (build 750) Tool: armlink [4d35ed]

==============================================================================

Section Cross References

    cmd.o(.text) refers to _scanf_int.o(.text) for _scanf_int
    cmd.o(.text) refers to _scanf_str.o(.text) for _scanf_string
    cmd.o(.text) refers to h1_alloc.o(.text) for malloc
    cmd.o(.text) refers to strcpy.o(.text) for strcpy
    cmd.o(.text) refers to strlen.o(.text) for strlen
    cmd.o(.text) refers to generic_cmd.o(.text) for port_tx_msg
    cmd.o(.text) refers to h1_free.o(.text) for free
    cmd.o(.text) refers to rt_memclr_w.o(.text) for __aeabi_memclr4
    cmd.o(.text) refers to toupper.o(.text) for toupper
    cmd.o(.text) refers to __0sscanf.o(.text) for __0sscanf
    cmd.o(.text) refers to strcmpv7m.o(.text) for strcmp
    cmd.o(.text) refers to cmd_fn.o(.constdata) for known_commands
    cmd_fn.o(.text) refers to _printf_percent.o(.ARM.Collect$$_printf_percent$$00000000) for _printf_percent
    cmd_fn.o(.text) refers to _printf_s.o(.ARM.Collect$$_printf_percent$$00000014) for _printf_s
    cmd_fn.o(.text) refers to _printf_str.o(.text) for _printf_str
    cmd_fn.o(.text) refers to _printf_pad.o(.text) for _printf_pre_padding
    cmd_fn.o(.text) refers to _printf_x.o(.ARM.Collect$$_printf_percent$$0000000C) for _printf_x
    cmd_fn.o(.text) refers to _printf_hex_int_ll_ptr.o(.text) for _printf_longlong_hex
    cmd_fn.o(.text) refers to _scanf_int.o(.text) for _scanf_int
    cmd_fn.o(.text) refers to _scanf_str.o(.text) for _scanf_string
    cmd_fn.o(.text) refers to _printf_d.o(.ARM.Collect$$_printf_percent$$00000009) for _printf_d
    cmd_fn.o(.text) refers to _printf_dec.o(.text) for _printf_int_dec
    cmd_fn.o(.text) refers to rt_memclr_w.o(.text) for __aeabi_memclr4
    cmd_fn.o(.text) refers to __2sprintf.o(.text) for __2sprintf
    cmd_fn.o(.text) refers to strlen.o(.text) for strlen
    cmd_fn.o(.text) refers to generic_cmd.o(.text) for port_tx_msg
    cmd_fn.o(.text) refers to generic.o(.text) for App_Module_Sys_Write_NVM
    cmd_fn.o(.text) refers to hal_timer.o(.text) for HalDelay_nMs
    cmd_fn.o(.text) refers to tag_list.o(.text) for getDList
    cmd_fn.o(.text) refers to __0sscanf.o(.text) for __0sscanf
    cmd_fn.o(.text) refers to cmd_fn.o(.constdata) for .constdata
    cmd_fn.o(.text) refers to shared_functions.o(.data) for app
    cmd_fn.o(.text) refers to cmd_fn.o(.conststring) for .conststring
    cmd_fn.o(.constdata) refers to cmd_fn.o(.conststring) for .conststring
    cmd_fn.o(.constdata) refers to cmd_fn.o(.text) for f_help_app
    generic.o(.text) refers to hal_usart.o(.text) for _dbg_printf
    generic.o(.text) refers to rt_memclr_w.o(.text) for __aeabi_memclr4
    generic.o(.text) refers to rt_memcpy_w.o(.text) for __aeabi_memcpy4
    generic.o(.text) refers to hal_timer.o(.text) for HalDelay_nMs
    generic.o(.text) refers to hal_flash.o(.text) for HalWrite_Flash
    generic.o(.text) refers to config.o(.text) for load_bssConfig
    generic.o(.text) refers to generic_cmd.o(.text) for App_Module_CMD_Queue_Init
    generic.o(.text) refers to hal_led.o(.text) for HalLedSet
    generic.o(.text) refers to generic.o(.conststring) for .conststring
    generic.o(.text) refers to generic.o(.data) for .data
    generic.o(.text) refers to hal_led.o(.data) for hal_led
    generic_cmd.o(.text) refers to rt_memclr_w.o(.text) for __aeabi_memclr4
    generic_cmd.o(.text) refers to osal.o(.text) for osal_CreateQueue
    generic_cmd.o(.text) refers to hal_usb.o(.text) for HalUsbRead
    generic_cmd.o(.text) refers to rt_memcpy_v6.o(.text) for __aeabi_memcpy
    generic_cmd.o(.text) refers to rt_memcpy_w.o(.text) for __aeabi_memcpy4
    generic_cmd.o(.text) refers to cmd.o(.text) for command_parser
    generic_cmd.o(.text) refers to hal_usart.o(.text) for USART1_SendBuffer
    generic_cmd.o(.text) refers to stm32f10x_dma.o(.text) for DMA_GetITStatus
    generic_cmd.o(.text) refers to generic_cmd.o(.bss) for .bss
    generic_cmd.o(.text) refers to generic_cmd.o(.data) for .data
    generic_cmd.o(.text) refers to generic.o(.data) for sys_uart_dma_buf
    generic_cmd.o(.text) refers to hal_usart.o(.data) for USART1_DMA_RX_BYTE
    hal_led.o(.text) refers to stm32f10x_gpio.o(.text) for GPIO_SetBits
    hal_led.o(.text) refers to stm32f10x_rcc.o(.text) for RCC_APB2PeriphClockCmd
    hal_led.o(.text) refers to hal_led.o(.data) for .data
    hal_drivers.o(.text) refers to misc.o(.text) for NVIC_PriorityGroupConfig
    hal_drivers.o(.text) refers to hal_timer.o(.text) for HalTimerInit
    hal_drivers.o(.text) refers to hal_flash.o(.text) for HalFlashInit
    hal_drivers.o(.text) refers to hal_led.o(.text) for HalLedInit
    hal_drivers.o(.text) refers to hal_usart.o(.text) for HalUARTInit
    hal_drivers.o(.text) refers to hal_spi.o(.text) for HalSpiInit
    hal_drivers.o(.text) refers to hal_usb.o(.text) for HalUsbInit
    hal_timer.o(.text) refers to misc.o(.text) for NVIC_Init
[...]
    TIM_TimeBaseStructInit                   0x08008d13   Thumb Code    18  stm32f10x_tim.o(.text)
    TIM_OCStructInit                         0x08008d25   Thumb Code    20  stm32f10x_tim.o(.text)
    TIM_ICStructInit                         0x08008d39   Thumb Code    16  stm32f10x_tim.o(.text)
    TIM_BDTRStructInit                       0x08008d49   Thumb Code    18  stm32f10x_tim.o(.text)
    TIM_Cmd                                  0x08008d5b   Thumb Code    20  stm32f10x_tim.o(.text)
    TIM_CtrlPWMOutputs                       0x08008d6f   Thumb Code    22  stm32f10x_tim.o(.text)
    TIM_ITConfig                             0x08008d85   Thumb Code    16  stm32f10x_tim.o(.text)
    TIM_GenerateEvent                        0x08008d95   Thumb Code     4  stm32f10x_tim.o(.text)
    TIM_DMAConfig                            0x08008d99   Thumb Code     8  stm32f10x_tim.o(.text)
    TIM_DMACmd                               0x08008da1   Thumb Code    16  stm32f10x_tim.o(.text)
    TIM_InternalClockConfig                  0x08008db1   Thumb Code    10  stm32f10x_tim.o(.text)
    TIM_SelectInputTrigger                   0x08008dbb   Thumb Code    12  stm32f10x_tim.o(.text)
    TIM_ITRxExternalClockConfig              0x08008dc7   Thumb Code    18  stm32f10x_tim.o(.text)
    TIM_TIxExternalClockConfig               0x08008dd9   Thumb Code    46  stm32f10x_tim.o(.text)
    TIM_ETRConfig                            0x08008e07   Thumb Code    24  stm32f10x_tim.o(.text)
    TIM_ETRClockMode1Config                  0x08008e1f   Thumb Code    18  stm32f10x_tim.o(.text)
    TIM_ETRClockMode2Config                  0x08008e31   Thumb Code    18  stm32f10x_tim.o(.text)
    TIM_PrescalerConfig                      0x08008e43   Thumb Code     6  stm32f10x_tim.o(.text)
    TIM_CounterModeConfig                    0x08008e49   Thumb Code    12  stm32f10x_tim.o(.text)
    TIM_EncoderInterfaceConfig               0x08008e55   Thumb Code    50  stm32f10x_tim.o(.text)
    TIM_ForcedOC1Config                      0x08008e87   Thumb Code    12  stm32f10x_tim.o(.text)
    TIM_ForcedOC2Config                      0x08008e93   Thumb Code    20  stm32f10x_tim.o(.text)
    TIM_ForcedOC3Config                      0x08008ea7   Thumb Code    12  stm32f10x_tim.o(.text)
    TIM_ForcedOC4Config                      0x08008eb3   Thumb Code    20  stm32f10x_tim.o(.text)
    TIM_ARRPreloadConfig                     0x08008ec7   Thumb Code    20  stm32f10x_tim.o(.text)
    TIM_SelectCOM                            0x08008edb   Thumb Code    20  stm32f10x_tim.o(.text)
    TIM_SelectCCDMA                          0x08008eef   Thumb Code    20  stm32f10x_tim.o(.text)
    TIM_CCPreloadControl                     0x08008f03   Thumb Code    20  stm32f10x_tim.o(.text)
    TIM_OC1PreloadConfig                     0x08008f17   Thumb Code    34  stm32f10x_tim.o(.text)
    TIM_OC2PreloadConfig                     0x08008f39   Thumb Code    20  stm32f10x_tim.o(.text)
    TIM_OC3PreloadConfig                     0x08008f4d   Thumb Code    12  stm32f10x_tim.o(.text)
    TIM_OC4PreloadConfig                     0x08008f59   Thumb Code    20  stm32f10x_tim.o(.text)
    TIM_OC1FastConfig                        0x08008f6d   Thumb Code    12  stm32f10x_tim.o(.text)
    TIM_OC2FastConfig                        0x08008f79   Thumb Code    20  stm32f10x_tim.o(.text)
    TIM_OC3FastConfig                        0x08008f8d   Thumb Code    12  stm32f10x_tim.o(.text)
    TIM_OC4FastConfig                        0x08008f99   Thumb Code    20  stm32f10x_tim.o(.text)
    TIM_ClearOC1Ref                          0x08008fad   Thumb Code    12  stm32f10x_tim.o(.text)
    TIM_ClearOC2Ref                          0x08008fb9   Thumb Code    20  stm32f10x_tim.o(.text)
    TIM_ClearOC3Ref                          0x08008fcd   Thumb Code    12  stm32f10x_tim.o(.text)
    TIM_ClearOC4Ref                          0x08008fd9   Thumb Code    20  stm32f10x_tim.o(.text)
    TIM_OC1PolarityConfig                    0x08008fed   Thumb Code    12  stm32f10x_tim.o(.text)
    TIM_OC1NPolarityConfig                   0x08008ff9   Thumb Code    12  stm32f10x_tim.o(.text)
    TIM_OC2PolarityConfig                    0x08009005   Thumb Code    20  stm32f10x_tim.o(.text)
    TIM_OC2NPolarityConfig                   0x08009019   Thumb Code    20  stm32f10x_tim.o(.text)
    TIM_OC3PolarityConfig                    0x0800902d   Thumb Code    20  stm32f10x_tim.o(.text)
    TIM_OC3NPolarityConfig                   0x08009041   Thumb Code    20  stm32f10x_tim.o(.text)
    TIM_OC4PolarityConfig                    0x08009055   Thumb Code    20  stm32f10x_tim.o(.text)
    TIM_CCxCmd                               0x08009069   Thumb Code    22  stm32f10x_tim.o(.text)
    TIM_CCxNCmd                              0x0800907f   Thumb Code    22  stm32f10x_tim.o(.text)
    TIM_SelectOCxM                           0x08009095   Thumb Code    70  stm32f10x_tim.o(.text)
    TIM_UpdateDisableConfig                  0x080090db   Thumb Code    20  stm32f10x_tim.o(.text)
    TIM_UpdateRequestConfig                  0x080090ef   Thumb Code    20  stm32f10x_tim.o(.text)
    TIM_SelectHallSensor                     0x08009103   Thumb Code    20  stm32f10x_tim.o(.text)
    TIM_SelectOnePulseMode                   0x08009117   Thumb Code    16  stm32f10x_tim.o(.text)
    TIM_SelectOutputTrigger                  0x08009127   Thumb Code    16  stm32f10x_tim.o(.text)
    TIM_SelectSlaveMode                      0x08009137   Thumb Code    16  stm32f10x_tim.o(.text)
    TIM_SelectMasterSlaveMode                0x08009147   Thumb Code    16  stm32f10x_tim.o(.text)
    TIM_SetCounter                           0x08009157   Thumb Code     4  stm32f10x_tim.o(.text)
    TIM_SetAutoreload                        0x0800915b   Thumb Code     4  stm32f10x_tim.o(.text)
    TIM_SetCompare1                          0x0800915f   Thumb Code     4  stm32f10x_tim.o(.text)
    TIM_SetCompare2                          0x08009163   Thumb Code     4  stm32f10x_tim.o(.text)
    TIM_SetCompare3                          0x08009167   Thumb Code     4  stm32f10x_tim.o(.text)
    TIM_SetCompare4                          0x0800916b   Thumb Code     6  stm32f10x_tim.o(.text)
    TIM_SetClockDivision                     0x08009171   Thumb Code    16  stm32f10x_tim.o(.text)
    TIM_GetCapture1                          0x08009181   Thumb Code     4  stm32f10x_tim.o(.text)
    TIM_GetCapture2                          0x08009185   Thumb Code     4  stm32f10x_tim.o(.text)
    TIM_GetCapture3                          0x08009189   Thumb Code     4  stm32f10x_tim.o(.text)
    TIM_GetCapture4                          0x0800918d   Thumb Code     6  stm32f10x_tim.o(.text)
    TIM_GetCounter                           0x08009193   Thumb Code     4  stm32f10x_tim.o(.text)
    TIM_GetPrescaler                         0x08009197   Thumb Code     4  stm32f10x_tim.o(.text)
    TIM_GetFlagStatus                        0x0800919b   Thumb Code    14  stm32f10x_tim.o(.text)
    TIM_ClearFlag                            0x080091a9   Thumb Code     6  stm32f10x_tim.o(.text)
    TIM_GetITStatus                          0x080091af   Thumb Code    24  stm32f10x_tim.o(.text)
    TIM_ClearITPendingBit                    0x080091c7   Thumb Code     6  stm32f10x_tim.o(.text)
    USART_DeInit                             0x080091cd   Thumb Code    96  stm32f10x_usart.o(.text)
    USART_Init                               0x0800922d   Thumb Code   166  stm32f10x_usart.o(.text)
    USART_StructInit                         0x080092d3   Thumb Code    22  stm32f10x_usart.o(.text)
    USART_ClockInit                          0x080092e9   Thumb Code    30  stm32f10x_usart.o(.text)
    USART_ClockStructInit                    0x08009307   Thumb Code    12  stm32f10x_usart.o(.text)
    USART_Cmd                                0x08009313   Thumb Code    20  stm32f10x_usart.o(.text)
    USART_ITConfig                           0x08009327   Thumb Code    48  stm32f10x_usart.o(.text)
    USART_DMACmd                             0x08009357   Thumb Code    16  stm32f10x_usart.o(.text)
    USART_SetAddress                         0x08009367   Thumb Code    16  stm32f10x_usart.o(.text)
    USART_WakeUpConfig                       0x08009377   Thumb Code    16  stm32f10x_usart.o(.text)
    USART_ReceiverWakeUpCmd                  0x08009387   Thumb Code    20  stm32f10x_usart.o(.text)
    USART_LINBreakDetectLengthConfig         0x0800939b   Thumb Code    16  stm32f10x_usart.o(.text)
    USART_LINCmd                             0x080093ab   Thumb Code    20  stm32f10x_usart.o(.text)
    USART_SendData                           0x080093bf   Thumb Code     8  stm32f10x_usart.o(.text)
    USART_ReceiveData                        0x080093c7   Thumb Code     8  stm32f10x_usart.o(.text)
    USART_SendBreak                          0x080093cf   Thumb Code    10  stm32f10x_usart.o(.text)
    USART_SetGuardTime                       0x080093d9   Thumb Code    16  stm32f10x_usart.o(.text)
    USART_SetPrescaler                       0x080093e9   Thumb Code    16  stm32f10x_usart.o(.text)
    USART_SmartCardCmd                       0x080093f9   Thumb Code    20  stm32f10x_usart.o(.text)
    USART_SmartCardNACKCmd                   0x0800940d   Thumb Code    20  stm32f10x_usart.o(.text)
    USART_HalfDuplexCmd                      0x08009421   Thumb Code    20  stm32f10x_usart.o(.text)
    USART_OverSampling8Cmd                   0x08009435   Thumb Code    20  stm32f10x_usart.o(.text)
    USART_OneBitMethodCmd                    0x08009449   Thumb Code    20  stm32f10x_usart.o(.text)
    USART_IrDAConfig                         0x0800945d   Thumb Code    16  stm32f10x_usart.o(.text)
    USART_IrDACmd                            0x0800946d   Thumb Code    20  stm32f10x_usart.o(.text)
    USART_GetFlagStatus                      0x08009481   Thumb Code    14  stm32f10x_usart.o(.text)
    USART_ClearFlag                          0x0800948f   Thumb Code     6  stm32f10x_usart.o(.text)
    USART_GetITStatus                        0x08009495   Thumb Code    62  stm32f10x_usart.o(.text)
    USART_ClearITPendingBit                  0x080094d3   Thumb Code    12  stm32f10x_usart.o(.text)
    Reset_Handler                            0x080094f5   Thumb Code     8  startup_stm32f10x_md.o(.text)
    ADC1_2_IRQHandler                        0x0800950f   Thumb Code     0  startup_stm32f10x_md.o(.text)
    CAN1_RX1_IRQHandler                      0x0800950f   Thumb Code     0  startup_stm32f10x_md.o(.text)
    CAN1_SCE_IRQHandler                      0x0800950f   Thumb Code     0  startup_stm32f10x_md.o(.text)
    DMA1_Channel1_IRQHandler                 0x0800950f   Thumb Code     0  startup_stm32f10x_md.o(.text)
    DMA1_Channel2_IRQHandler                 0x0800950f   Thumb Code     0  startup_stm32f10x_md.o(.text)
    DMA1_Channel3_IRQHandler                 0x0800950f   Thumb Code     0  startup_stm32f10x_md.o(.text)
    DMA1_Channel6_IRQHandler                 0x0800950f   Thumb Code     0  startup_stm32f10x_md.o(.text)
    DMA1_Channel7_IRQHandler                 0x0800950f   Thumb Code     0  startup_stm32f10x_md.o(.text)
    EXTI15_10_IRQHandler                     0x0800950f   Thumb Code     0  startup_stm32f10x_md.o(.text)
    EXTI1_IRQHandler                         0x0800950f   Thumb Code     0  startup_stm32f10x_md.o(.text)
    EXTI2_IRQHandler                         0x0800950f   Thumb Code     0  startup_stm32f10x_md.o(.text)
    EXTI3_IRQHandler                         0x0800950f   Thumb Code     0  startup_stm32f10x_md.o(.text)
    EXTI4_IRQHandler                         0x0800950f   Thumb Code     0  startup_stm32f10x_md.o(.text)
    FLASH_IRQHandler                         0x0800950f   Thumb Code     0  startup_stm32f10x_md.o(.text)
    I2C1_ER_IRQHandler                       0x0800950f   Thumb Code     0  startup_stm32f10x_md.o(.text)
    I2C1_EV_IRQHandler                       0x0800950f   Thumb Code     0  startup_stm32f10x_md.o(.text)
    I2C2_ER_IRQHandler                       0x0800950f   Thumb Code     0  startup_stm32f10x_md.o(.text)
    I2C2_EV_IRQHandler                       0x0800950f   Thumb Code     0  startup_stm32f10x_md.o(.text)
    PVD_IRQHandler                           0x0800950f   Thumb Code     0  startup_stm32f10x_md.o(.text)
    RCC_IRQHandler                           0x0800950f   Thumb Code     0  startup_stm32f10x_md.o(.text)
    RTCAlarm_IRQHandler                      0x0800950f   Thumb Code     0  startup_stm32f10x_md.o(.text)
    RTC_IRQHandler                           0x0800950f   Thumb Code     0  startup_stm32f10x_md.o(.text)
    SPI1_IRQHandler                          0x0800950f   Thumb Code     0  startup_stm32f10x_md.o(.text)
    SPI2_IRQHandler                          0x0800950f   Thumb Code     0  startup_stm32f10x_md.o(.text)
    TAMPER_IRQHandler                        0x0800950f   Thumb Code     0  startup_stm32f10x_md.o(.text)
    TIM1_BRK_IRQHandler                      0x0800950f   Thumb Code     0  startup_stm32f10x_md.o(.text)
    TIM1_CC_IRQHandler                       0x0800950f   Thumb Code     0  startup_stm32f10x_md.o(.text)
    TIM1_TRG_COM_IRQHandler                  0x0800950f   Thumb Code     0  startup_stm32f10x_md.o(.text)
    TIM1_UP_IRQHandler                       0x0800950f   Thumb Code     0  startup_stm32f10x_md.o(.text)
    TIM3_IRQHandler                          0x0800950f   Thumb Code     0  startup_stm32f10x_md.o(.text)
    TIM4_IRQHandler                          0x0800950f   Thumb Code     0  startup_stm32f10x_md.o(.text)
    USART1_IRQHandler                        0x0800950f   Thumb Code     0  startup_stm32f10x_md.o(.text)
    USART2_IRQHandler                        0x0800950f   Thumb Code     0  startup_stm32f10x_md.o(.text)
    USART3_IRQHandler                        0x0800950f   Thumb Code     0  startup_stm32f10x_md.o(.text)
    USB_HP_CAN1_TX_IRQHandler                0x0800950f   Thumb Code     0  startup_stm32f10x_md.o(.text)
    WWDG_IRQHandler                          0x0800950f   Thumb Code     0  startup_stm32f10x_md.o(.text)
    __user_initial_stackheap                 0x08009511   Thumb Code     0  startup_stm32f10x_md.o(.text)
    SystemInit                               0x080095d5   Thumb Code    64  system_stm32f10x.o(.text)
    SystemCoreClockUpdate                    0x08009615   Thumb Code    84  system_stm32f10x.o(.text)
    malloc                                   0x08009689   Thumb Code    94  h1_alloc.o(.text)
    free                                     0x080096e7   Thumb Code    78  h1_free.o(.text)
    __aeabi_llsr                             0x08009735   Thumb Code     0  llushr.o(.text)
    _ll_ushift_r                             0x08009735   Thumb Code    38  llushr.o(.text)
    toupper                                  0x0800975b   Thumb Code    30  toupper.o(.text)
    vsnprintf                                0x08009779   Thumb Code    48  vsnprintf.o(.text)
    __2sprintf                               0x080097ad   Thumb Code    38  __2sprintf.o(.text)
    _printf_pre_padding                      0x080097d9   Thumb Code    44  _printf_pad.o(.text)
    _printf_post_padding                     0x08009805   Thumb Code    34  _printf_pad.o(.text)
    _printf_str                              0x08009827   Thumb Code    82  _printf_str.o(.text)
    _printf_int_dec                          0x08009879   Thumb Code   104  _printf_dec.o(.text)
    _printf_longlong_hex                     0x080098f1   Thumb Code    86  _printf_hex_int_ll_ptr.o(.text)
    _printf_int_hex                          0x08009947   Thumb Code    28  _printf_hex_int_ll_ptr.o(.text)
    _printf_ll_hex                           0x08009963   Thumb Code    12  _printf_hex_int_ll_ptr.o(.text)
    _printf_hex_ptr                          0x0800996f   Thumb Code    18  _printf_hex_int_ll_ptr.o(.text)
    __printf                                 0x08009985   Thumb Code   388  __printf_flags_ss_wp.o(.text)
    __0sscanf                                0x08009b0d   Thumb Code    52  __0sscanf.o(.text)
    _scanf_int                               0x08009b49   Thumb Code   332  _scanf_int.o(.text)
    _scanf_string                            0x08009c95   Thumb Code   224  _scanf_str.o(.text)
    abort                                    0x08009d75   Thumb Code    22  abort.o(.text)
    memcmp                                   0x08009d8b   Thumb Code    88  memcmp.o(.text)
    strcpy                                   0x08009de3   Thumb Code    72  strcpy.o(.text)
    strlen                                   0x08009e2b   Thumb Code    62  strlen.o(.text)
    __aeabi_memcpy                           0x08009e69   Thumb Code     0  rt_memcpy_v6.o(.text)
    __rt_memcpy                              0x08009e69   Thumb Code   138  rt_memcpy_v6.o(.text)
    _memcpy_lastbytes                        0x08009ecf   Thumb Code     0  rt_memcpy_v6.o(.text)
    __aeabi_memcpy4                          0x08009ef3   Thumb Code     0  rt_memcpy_w.o(.text)
    __aeabi_memcpy8                          0x08009ef3   Thumb Code     0  rt_memcpy_w.o(.text)
    __rt_memcpy_w                            0x08009ef3   Thumb Code   100  rt_memcpy_w.o(.text)
    _memcpy_lastbytes_aligned                0x08009f3b   Thumb Code     0  rt_memcpy_w.o(.text)
    __aeabi_memclr                           0x08009f57   Thumb Code     0  rt_memclr.o(.text)
    __rt_memclr                              0x08009f57   Thumb Code    68  rt_memclr.o(.text)
    _memset                                  0x08009f5b   Thumb Code     0  rt_memclr.o(.text)
    __aeabi_memclr4                          0x08009f9b   Thumb Code     0  rt_memclr_w.o(.text)
    __aeabi_memclr8                          0x08009f9b   Thumb Code     0  rt_memclr_w.o(.text)
    __rt_memclr_w                            0x08009f9b   Thumb Code    78  rt_memclr_w.o(.text)
    _memset_w                                0x08009f9f   Thumb Code     0  rt_memclr_w.o(.text)
    strcmp                                   0x08009fe9   Thumb Code   128  strcmpv7m.o(.text)
    __use_two_region_memory                  0x0800a069   Thumb Code     2  heapauxi.o(.text)
    __rt_heap_escrow                         0x0800a06b   Thumb Code     2  heapauxi.o(.text)
    __rt_heap_expand                         0x0800a06d   Thumb Code     2  heapauxi.o(.text)
    _sys_exit                                0x0800a071   Thumb Code     8  sys_exit.o(.text)
    __rt_ctype_table                         0x0800a07d   Thumb Code    16  rt_ctype_table.o(.text)
    __rt_heap_descriptor                     0x0800a08d   Thumb Code     8  rt_heap_descriptor_intlibspace.o(.text)
    __use_no_heap                            0x0800a095   Thumb Code     2  hguard.o(.text)
    __heap$guard                             0x0800a097   Thumb Code     2  hguard.o(.text)
    _terminate_user_alloc                    0x0800a099   Thumb Code     2  init_alloc.o(.text)
    _init_user_alloc                         0x0800a09b   Thumb Code     2  init_alloc.o(.text)
    __Heap_Full                              0x0800a09d   Thumb Code    34  init_alloc.o(.text)
    __Heap_Broken                            0x0800a0bf   Thumb Code     6  init_alloc.o(.text)
    _init_alloc                              0x0800a0c5   Thumb Code    94  init_alloc.o(.text)
    __Heap_Initialize                        0x0800a123   Thumb Code    10  h1_init.o(.text)
    __Heap_DescSize                          0x0800a12d   Thumb Code     4  h1_init.o(.text)
    __read_errno                             0x0800a131   Thumb Code    10  _rserrno.o(.text)
    __set_errno                              0x0800a13b   Thumb Code    12  _rserrno.o(.text)
    _printf_truncate_signed                  0x0800a147   Thumb Code    18  _printf_truncate.o(.text)
    _printf_truncate_unsigned                0x0800a159   Thumb Code    18  _printf_truncate.o(.text)
    _printf_int_common                       0x0800a16b   Thumb Code   178  _printf_intcommon.o(.text)
    _printf_charcount                        0x0800a21d   Thumb Code    40  _printf_charcount.o(.text)
    __lib_sel_fp_printf                      0x0800a245   Thumb Code     2  _printf_fp_dec.o(.text)
    _printf_fp_dec_real                      0x0800a3f7   Thumb Code   620  _printf_fp_dec.o(.text)
    _printf_char_common                      0x0800a66f   Thumb Code    32  _printf_char_common.o(.text)
    _sputc                                   0x0800a695   Thumb Code    10  _sputc.o(.text)
    _snputc                                  0x0800a69f   Thumb Code    16  _snputc.o(.text)
    _printf_cs_common                        0x0800a6af   Thumb Code    20  _printf_char.o(.text)
    _printf_char                             0x0800a6c3   Thumb Code    16  _printf_char.o(.text)
    _printf_string                           0x0800a6d3   Thumb Code     8  _printf_char.o(.text)
    _printf_wctomb                           0x0800a6dd   Thumb Code   182  _printf_wctomb.o(.text)
    _printf_longlong_dec                     0x0800a799   Thumb Code   108  _printf_longlong_dec.o(.text)
    _printf_longlong_oct                     0x0800a815   Thumb Code    66  _printf_oct_int_ll.o(.text)
    _printf_int_oct                          0x0800a857   Thumb Code    24  _printf_oct_int_ll.o(.text)
    _printf_ll_oct                           0x0800a86f   Thumb Code    12  _printf_oct_int_ll.o(.text)
    _chval                                   0x0800a885   Thumb Code    28  _chval.o(.text)
    __vfscanf_char                           0x0800a8ad   Thumb Code    24  scanf_char.o(.text)
    _sgetc                                   0x0800a8cd   Thumb Code    30  _sgetc.o(.text)
    _sbackspace                              0x0800a8eb   Thumb Code    34  _sgetc.o(.text)
    __rt_SIGABRT                             0x0800a90d   Thumb Code    14  defsig_abrt_outer.o(.text)
    __user_libspace                          0x0800a91d   Thumb Code     8  libspace.o(.text)
    __user_perproc_libspace                  0x0800a91d   Thumb Code     0  libspace.o(.text)
    __user_perthread_libspace                0x0800a91d   Thumb Code     0  libspace.o(.text)
    __I$use$semihosting                      0x0800a925   Thumb Code     0  use_no_semi.o(.text)
    __use_no_semihosting_swi                 0x0800a925   Thumb Code     2  use_no_semi.o(.text)
    __semihosting_library_function           0x0800a927   Thumb Code     0  indicate_semi.o(.text)
    __rt_locale                              0x0800a929   Thumb Code     8  rt_locale_intlibspace.o(.text)
    __aeabi_errno_addr                       0x0800a931   Thumb Code     8  rt_errno_addr_intlibspace.o(.text)
    __errno$intlibspace                      0x0800a931   Thumb Code     0  rt_errno_addr_intlibspace.o(.text)
    __rt_errno_addr$intlibspace              0x0800a931   Thumb Code     0  rt_errno_addr_intlibspace.o(.text)
    __Heap_ProvideMemory                     0x0800a939   Thumb Code    52  h1_extend.o(.text)
    _ll_udiv10                               0x0800a96d   Thumb Code   138  lludiv10.o(.text)
    isspace                                  0x0800a9f7   Thumb Code    18  isspace.o(.text)
    _printf_fp_hex_real                      0x0800aa09   Thumb Code   756  _printf_fp_hex.o(.text)
    _printf_fp_infnan                        0x0800ad05   Thumb Code   112  _printf_fp_infnan.o(.text)
    _printf_lcs_common                       0x0800ad85   Thumb Code    20  _printf_wchar.o(.text)
    _printf_wchar                            0x0800ad99   Thumb Code    16  _printf_wchar.o(.text)
    _printf_wstring                          0x0800ada9   Thumb Code     8  _printf_wchar.o(.text)
    __vfscanf                                0x0800adb1   Thumb Code   878  _scanf.o(.text)
    _btod_etento                             0x0800b125   Thumb Code   224  bigflt0.o(.text)
    _wcrtomb                                 0x0800b209   Thumb Code    64  _wcrtomb.o(.text)
    __sig_exit                               0x0800b249   Thumb Code    10  defsig_exit.o(.text)
    __rt_SIGABRT_inner                       0x0800b255   Thumb Code    14  defsig_abrt_inner.o(.text)
    __rt_SIGRTMEM                            0x0800b285   Thumb Code    14  defsig_rtmem_outer.o(.text)
    __user_setup_stackheap                   0x0800b293   Thumb Code    74  sys_stackheap_outer.o(.text)
    exit                                     0x0800b2dd   Thumb Code    18  exit.o(.text)
    __default_signal_display                 0x0800b2ef   Thumb Code    50  defsig_general.o(.text)
    __rt_SIGRTMEM_inner                      0x0800b321   Thumb Code    22  defsig_rtmem_inner.o(.text)
    _ttywrch                                 0x0800b371   Thumb Code    14  sys_wrch.o(.text)
    _btod_d2e                                0x0800b37f   Thumb Code    62  btod.o(CL$$btod_d2e)
    _d2e_denorm_low                          0x0800b3bd   Thumb Code    70  btod.o(CL$$btod_d2e_denorm_low)
    _d2e_norm_op1                            0x0800b403   Thumb Code    96  btod.o(CL$$btod_d2e_norm_op1)
    __btod_div_common                        0x0800b463   Thumb Code   696  btod.o(CL$$btod_div_common)
    _e2e                                     0x0800b79b   Thumb Code   220  btod.o(CL$$btod_e2e)
    _btod_ediv                               0x0800b877   Thumb Code    42  btod.o(CL$$btod_ediv)
    _btod_emul                               0x0800b8a1   Thumb Code    42  btod.o(CL$$btod_emul)
    __btod_mult_common                       0x0800b8cb   Thumb Code   580  btod.o(CL$$btod_mult_common)
    __ARM_fpclassify                         0x0800bb0f   Thumb Code    40  fpclassify.o(i.__ARM_fpclassify)
    __kernel_poly                            0x0800bb37   Thumb Code   170  poly.o(i.__kernel_poly)
    __mathlib_dbl_infnan                     0x0800bbe1   Thumb Code     6  dunder.o(i.__mathlib_dbl_infnan)
    __mathlib_dbl_invalid                    0x0800bbe7   Thumb Code    12  dunder.o(i.__mathlib_dbl_invalid)
    __mathlib_dbl_underflow                  0x0800bbf5   Thumb Code    10  dunder.o(i.__mathlib_dbl_underflow)
    _is_digit                                0x0800bc05   Thumb Code    14  __printf_wp.o(i._is_digit)
    atan                                     0x0800bc15   Thumb Code   474  atan.o(i.atan)
    fmod                                     0x0800be35   Thumb Code   144  fmod.o(i.fmod)
    sqrt                                     0x0800bec9   Thumb Code    76  sqrt.o(i.sqrt)
    _get_lc_ctype                            0x0800bf15   Thumb Code    44  lc_ctype_c.o(locale$$code)
    _get_lc_numeric                          0x0800bf41   Thumb Code    44  lc_numeric_c.o(locale$$code)
    __aeabi_d2f                              0x0800bf6d   Thumb Code     0  d2f.o(x$fpl$d2f)
    _d2f                                     0x0800bf6d   Thumb Code    98  d2f.o(x$fpl$d2f)
    __aeabi_dadd                             0x0800bfd1   Thumb Code     0  daddsub_clz.o(x$fpl$dadd)
    _dadd                                    0x0800bfd1   Thumb Code   332  daddsub_clz.o(x$fpl$dadd)
    __fpl_dcheck_NaN1                        0x0800c121   Thumb Code    10  dcheck1.o(x$fpl$dcheck1)
    __fpl_dcmp_Inf                           0x0800c131   Thumb Code    24  dcmpi.o(x$fpl$dcmpinf)
    __aeabi_ddiv                             0x0800c149   Thumb Code     0  ddiv.o(x$fpl$ddiv)
    _ddiv                                    0x0800c149   Thumb Code   552  ddiv.o(x$fpl$ddiv)
    __aeabi_d2iz                             0x0800c3f9   Thumb Code     0  dfix.o(x$fpl$dfix)
    _dfix                                    0x0800c3f9   Thumb Code    94  dfix.o(x$fpl$dfix)
    __aeabi_i2d                              0x0800c457   Thumb Code     0  dflt_clz.o(x$fpl$dflt)
    _dflt                                    0x0800c457   Thumb Code    46  dflt_clz.o(x$fpl$dflt)
    __aeabi_l2d                              0x0800c485   Thumb Code     0  dfltll_clz.o(x$fpl$dfltll)
    _ll_sto_d                                0x0800c485   Thumb Code   162  dfltll_clz.o(x$fpl$dfltll)
    __aeabi_ui2d                             0x0800c527   Thumb Code     0  dflt_clz.o(x$fpl$dfltu)
    _dfltu                                   0x0800c527   Thumb Code    38  dflt_clz.o(x$fpl$dfltu)
    __aeabi_cdcmple                          0x0800c54d   Thumb Code     0  dleqf.o(x$fpl$dleqf)
    _dcmple                                  0x0800c54d   Thumb Code   120  dleqf.o(x$fpl$dleqf)
    __fpl_dcmple_InfNaN                      0x0800c5af   Thumb Code     0  dleqf.o(x$fpl$dleqf)
    __aeabi_dmul                             0x0800c5c5   Thumb Code     0  dmul.o(x$fpl$dmul)
    _dmul                                    0x0800c5c5   Thumb Code   332  dmul.o(x$fpl$dmul)
    __fpl_dnaninf                            0x0800c719   Thumb Code   156  dnaninf.o(x$fpl$dnaninf)
    _drem                                    0x0800c7b5   Thumb Code   328  drem_clz.o(x$fpl$drem)
    __fpl_dretinf                            0x0800c905   Thumb Code    12  dretinf.o(x$fpl$dretinf)
    __aeabi_cdrcmple                         0x0800c911   Thumb Code     0  drleqf.o(x$fpl$drleqf)
    _drcmple                                 0x0800c911   Thumb Code   108  drleqf.o(x$fpl$drleqf)
    __aeabi_drsub                            0x0800c97d   Thumb Code     0  daddsub_clz.o(x$fpl$drsb)
    _drsb                                    0x0800c97d   Thumb Code    22  daddsub_clz.o(x$fpl$drsb)
    _dsqrt                                   0x0800c995   Thumb Code   456  dsqrt_noumaal.o(x$fpl$dsqrt)
    __aeabi_dsub                             0x0800cb61   Thumb Code     0  daddsub_clz.o(x$fpl$dsub)
    _dsub                                    0x0800cb61   Thumb Code   464  daddsub_clz.o(x$fpl$dsub)
    __aeabi_f2d                              0x0800cd35   Thumb Code     0  f2d.o(x$fpl$f2d)
    _f2d                                     0x0800cd35   Thumb Code    86  f2d.o(x$fpl$f2d)
    __aeabi_fadd                             0x0800cd8d   Thumb Code     0  faddsub_clz.o(x$fpl$fadd)
    _fadd                                    0x0800cd8d   Thumb Code   196  faddsub_clz.o(x$fpl$fadd)
    __fpl_fcheck_NaN1                        0x0800ce51   Thumb Code     6  fcheck1.o(x$fpl$fcheck1)
    __aeabi_fdiv                             0x0800ce5d   Thumb Code     0  fdiv.o(x$fpl$fdiv)
    _fdiv                                    0x0800ce5d   Thumb Code   384  fdiv.o(x$fpl$fdiv)
    __aeabi_f2iz                             0x0800cfe1   Thumb Code     0  ffix.o(x$fpl$ffix)
    _ffix                                    0x0800cfe1   Thumb Code    54  ffix.o(x$fpl$ffix)
    __aeabi_i2f                              0x0800d019   Thumb Code     0  fflt_clz.o(x$fpl$fflt)
    _fflt                                    0x0800d019   Thumb Code    48  fflt_clz.o(x$fpl$fflt)
    __aeabi_ui2f                             0x0800d049   Thumb Code     0  fflt_clz.o(x$fpl$ffltu)
    _ffltu                                   0x0800d049   Thumb Code    38  fflt_clz.o(x$fpl$ffltu)
    __aeabi_fmul                             0x0800d071   Thumb Code     0  fmul.o(x$fpl$fmul)
    _fmul                                    0x0800d071   Thumb Code   258  fmul.o(x$fpl$fmul)
    __fpl_fnaninf                            0x0800d173   Thumb Code   140  fnaninf.o(x$fpl$fnaninf)
    __fpl_fretinf                            0x0800d1ff   Thumb Code    10  fretinf.o(x$fpl$fretinf)
    __aeabi_frsub                            0x0800d209   Thumb Code     0  faddsub_clz.o(x$fpl$frsb)
    _frsb                                    0x0800d209   Thumb Code    20  faddsub_clz.o(x$fpl$frsb)
    __aeabi_fsub                             0x0800d21d   Thumb Code     0  faddsub_clz.o(x$fpl$fsub)
    _fsub                                    0x0800d21d   Thumb Code   234  faddsub_clz.o(x$fpl$fsub)
    __aeabi_d2lz                             0x0800d309   Thumb Code     0  dfixll.o(x$fpl$llsfromd)
    _ll_sfrom_d                              0x0800d309   Thumb Code   194  dfixll.o(x$fpl$llsfromd)
    _printf_fp_dec                           0x0800d3cb   Thumb Code     4  printf1.o(x$fpl$printf1)
    _printf_fp_hex                           0x0800d3cf   Thumb Code     4  printf2.o(x$fpl$printf2)
    __fpl_return_NaN                         0x0800d3d3   Thumb Code   100  retnan.o(x$fpl$retnan)
    __ARM_scalbn                             0x0800d437   Thumb Code    92  scalbn.o(x$fpl$scalbn)
    __ARM_scalbnf                            0x0800d493   Thumb Code    76  scalbnf.o(x$fpl$scalbnf)
    __fpl_cmpreturn                          0x0800d4df   Thumb Code    48  trapv.o(x$fpl$trapveneer)
    __I$use$fp                               0x0800d50e   Number         0  usenofp.o(x$fpl$usenofp)
    CMD_FN_RET_OK                            0x0800d510   Data           5  cmd_fn.o(.constdata)
    CMD_FN_RET_ERR                           0x0800d515   Data           8  cmd_fn.o(.constdata)
    known_commands                           0x0800d520   Data         144  cmd_fn.o(.constdata)
    sts_length_factors                       0x0800d5b0   Data          14  deca_device.o(.constdata)
    Virtual_Com_Port_DeviceDescriptor        0x0800d5d4   Data          18  usb_desc.o(.constdata)
    Virtual_Com_Port_ConfigDescriptor        0x0800d5e6   Data          67  usb_desc.o(.constdata)
    Virtual_Com_Port_StringLangID            0x0800d629   Data           4  usb_desc.o(.constdata)
    Virtual_Com_Port_StringVendor            0x0800d62d   Data          24  usb_desc.o(.constdata)
    Virtual_Com_Port_StringProduct           0x0800d645   Data          38  usb_desc.o(.constdata)
    F6x8                                     0x0800d66b   Data         552  oled_i2c.o(.constdata)
    F8X16                                    0x0800d893   Data        1520  oled_i2c.o(.constdata)
    Region$$Table$$Base                      0x0800e248   Number         0  anon$$obj.o(Region$$Table)
    Region$$Table$$Limit                     0x0800e268   Number         0  anon$$obj.o(Region$$Table)
    __ctype                                  0x0800e275   Data           0  lc_ctype_c.o(locale$$data)
    defaultFConfig                           0x20000004   Data          73  generic.o(.data)
    sys_uart_dma_buf                         0x20000050   Data        2808  generic.o(.data)
    sys_para                                 0x20000b48   Data         108  generic.o(.data)
    hal_led                                  0x20000bb6   Data          16  hal_led.o(.data)
    USART1_DMA_RX_BYTE                       0x20000bcc   Data           1  hal_usart.o(.data)
    USART2_DMA_RX_BYTE                       0x20000bcd   Data           1  hal_usart.o(.data)
    example_pointer                          0x20000bd0   Data           4  example_info.o(.data)
    txconfig_options                         0x20000bd4   Data          12  config_options.o(.data)
    config_options                           0x20000be0   Data          16  config_options.o(.data)
    time32_incr                              0x20000bf0   Data           4  uwb.o(.data)
    app                                      0x20000cad   Data           4  shared_functions.o(.data)
    EXTI_InitStructure                       0x20000cb4   Data           8  hw_config.o(.data)
    Virtual_Com_Port_StringSerial            0x20000cbc   Data          38  usb_desc.o(.data)
    bIntPackSOF                              0x20000cec   Data           1  usb_istr.o(.data)
    wIstr                                    0x20000cee   Data           2  usb_istr.o(.data)
    esof_counter                             0x20000cf0   Data           4  usb_istr.o(.data)
    wCNTR                                    0x20000cf4   Data           4  usb_istr.o(.data)
    pEpInt_IN                                0x20000cf8   Data          28  usb_istr.o(.data)
    pEpInt_OUT                               0x20000d14   Data          28  usb_istr.o(.data)
    Request                                  0x20000d30   Data           1  usb_prop.o(.data)
    linecoding                               0x20000d34   Data           8  usb_prop.o(.data)
    Device_Descriptor                        0x20000d3c   Data           8  usb_prop.o(.data)
    Config_Descriptor                        0x20000d44   Data           8  usb_prop.o(.data)
    Device_Property                          0x20000d4c   Data          48  usb_prop.o(.data)
    String_Descriptor                        0x20000d7c   Data          32  usb_prop.o(.data)
    Device_Table                             0x20000d9c   Data           2  usb_prop.o(.data)
    User_Standard_Requests                   0x20000da0   Data          36  usb_prop.o(.data)
    bDeviceState                             0x20000dc4   Data           4  usb_pwr.o(.data)
    fSuspendEnabled                          0x20000dc8   Data           1  usb_pwr.o(.data)
    ResumeS                                  0x20000dcc   Data           2  usb_pwr.o(.data)
    remotewakeupon                           0x20000dd0   Data           4  usb_pwr.o(.data)
    Data_Mul_MaxPacketSize                   0x20000dd4   Data           1  usb_core.o(.data)
    StatusInfo                               0x20000dd6   Data           2  usb_core.o(.data)
    EPindex                                  0x20000dd8   Data           1  usb_init.o(.data)
    pInformation                             0x20000ddc   Data           4  usb_init.o(.data)
    pProperty                                0x20000de0   Data           4  usb_init.o(.data)
    pUser_Standard_Requests                  0x20000de4   Data           4  usb_init.o(.data)
    wInterrupt_Mask                          0x20000de8   Data           2  usb_init.o(.data)
    SaveRState                               0x20000dea   Data           2  usb_int.o(.data)
    SaveTState                               0x20000dec   Data           2  usb_int.o(.data)
    F16x16                                   0x20000dee   Data         256  oled_i2c.o(.data)
    SystemCoreClock                          0x20000f04   Data           4  system_stm32f10x.o(.data)
    AHBPrescTable                            0x20000f08   Data          16  system_stm32f10x.o(.data)
    _dbg_TXBuff                              0x200010ec   Data         256  hal_usart.o(.bss)
    EP                                       0x20001d90   Data          32  usb_pwr.o(.bss)
    Device_Info                              0x20001db0   Data          28  usb_init.o(.bss)
    __libspace_start                         0x20001dcc   Data          96  libspace.o(.bss)
    __temporary_stack_top$libspace           0x20001e2c   Data           0  libspace.o(.bss)



==============================================================================

Memory Map of the image

  Image Entry point : 0x080000ed

  Load Region LR_IROM1 (Base: 0x08000000, Size: 0x0000f2ac, Max: 0x00010000, ABSOLUTE, COMPRESSED[0x0000e5d4])

    Execution Region ER_IROM1 (Exec base: 0x08000000, Load base: 0x08000000, Size: 0x0000e394, Max: 0x00010000, ABSOLUTE)

    Exec Addr    Load Addr    Size         Type   Attr      Idx    E Section Name        Object

    0x08000000   0x08000000   0x000000ec   Data   RO         2175    RESET               startup_stm32f10x_md.o
    0x080000ec   0x080000ec   0x00000008   Code   RO         2366  * !!!main             c_w.l(__main.o)
    0x080000f4   0x080000f4   0x00000034   Code   RO         2828    !!!scatter          c_w.l(__scatter.o)
    0x08000128   0x08000128   0x0000005a   Code   RO         2826    !!dczerorl2         c_w.l(__dczerorl2.o)
    0x08000182   0x08000182   0x00000002   PAD
    0x08000184   0x08000184   0x0000001c   Code   RO         2830    !!handler_zi        c_w.l(__scatter_zi.o)
    0x080001a0   0x080001a0   0x00000000   Code   RO         2339    .ARM.Collect$$_printf_percent$$00000000  c_w.l(_printf_percent.o)
    0x080001a0   0x080001a0   0x00000006   Code   RO         2522    .ARM.Collect$$_printf_percent$$00000001  c_w.l(_printf_n.o)
    0x080001a6   0x080001a6   0x00000006   Code   RO         2523    .ARM.Collect$$_printf_percent$$00000002  c_w.l(_printf_p.o)
    0x080001ac   0x080001ac   0x00000006   Code   RO         2338    .ARM.Collect$$_printf_percent$$00000003  c_w.l(_printf_f.o)
    0x080001b2   0x080001b2   0x00000006   Code   RO         2527    .ARM.Collect$$_printf_percent$$00000004  c_w.l(_printf_e.o)
    0x080001b8   0x080001b8   0x00000006   Code   RO         2528    .ARM.Collect$$_printf_percent$$00000005  c_w.l(_printf_g.o)
    0x080001be   0x080001be   0x00000006   Code   RO         2529    .ARM.Collect$$_printf_percent$$00000006  c_w.l(_printf_a.o)
    0x080001c4   0x080001c4   0x0000000a   Code   RO         2534    .ARM.Collect$$_printf_percent$$00000007  c_w.l(_printf_ll.o)
    0x080001ce   0x080001ce   0x00000006   Code   RO         2525    .ARM.Collect$$_printf_percent$$00000008  c_w.l(_printf_i.o)
    0x080001d4   0x080001d4   0x00000006   Code   RO         2337    .ARM.Collect$$_printf_percent$$00000009  c_w.l(_printf_d.o)
    0x080001da   0x080001da   0x00000006   Code   RO         2526    .ARM.Collect$$_printf_percent$$0000000A  c_w.l(_printf_u.o)
    0x080001e0   0x080001e0   0x00000006   Code   RO         2524    .ARM.Collect$$_printf_percent$$0000000B  c_w.l(_printf_o.o)
    0x080001e6   0x080001e6   0x00000006   Code   RO         2336    .ARM.Collect$$_printf_percent$$0000000C  c_w.l(_printf_x.o)
    0x080001ec   0x080001ec   0x00000006   Code   RO         2531    .ARM.Collect$$_printf_percent$$0000000D  c_w.l(_printf_lli.o)
    0x080001f2   0x080001f2   0x00000006   Code   RO         2532    .ARM.Collect$$_printf_percent$$0000000E  c_w.l(_printf_lld.o)
    0x080001f8   0x080001f8   0x00000006   Code   RO         2533    .ARM.Collect$$_printf_percent$$0000000F  c_w.l(_printf_llu.o)
    0x080001fe   0x080001fe   0x00000006   Code   RO         2538    .ARM.Collect$$_printf_percent$$00000010  c_w.l(_printf_llo.o)
    0x08000204   0x08000204   0x00000006   Code   RO         2539    .ARM.Collect$$_printf_percent$$00000011  c_w.l(_printf_llx.o)
    0x0800020a   0x0800020a   0x0000000a   Code   RO         2535    .ARM.Collect$$_printf_percent$$00000012  c_w.l(_printf_l.o)
    0x08000214   0x08000214   0x00000006   Code   RO         2521    .ARM.Collect$$_printf_percent$$00000013  c_w.l(_printf_c.o)
    0x0800021a   0x0800021a   0x00000006   Code   RO         2335    .ARM.Collect$$_printf_percent$$00000014  c_w.l(_printf_s.o)
    0x08000220   0x08000220   0x00000006   Code   RO         2536    .ARM.Collect$$_printf_percent$$00000015  c_w.l(_printf_lc.o)
    0x08000226   0x08000226   0x00000006   Code   RO         2537    .ARM.Collect$$_printf_percent$$00000016  c_w.l(_printf_ls.o)
    0x0800022c   0x0800022c   0x00000004   Code   RO         2530    .ARM.Collect$$_printf_percent$$00000017  c_w.l(_printf_percent_end.o)
    0x08000230   0x08000230   0x00000002   Code   RO         2771    .ARM.Collect$$libinit$$00000000  c_w.l(libinit.o)
    0x08000232   0x08000232   0x00000000   Code   RO         2553    .ARM.Collect$$libinit$$00000002  c_w.l(libinit2.o)
    0x08000232   0x08000232   0x00000000   Code   RO         2555    .ARM.Collect$$libinit$$00000004  c_w.l(libinit2.o)
    0x08000232   0x08000232   0x00000008   Code   RO         2556    .ARM.Collect$$libinit$$00000005  c_w.l(libinit2.o)
    0x0800023a   0x0800023a   0x00000000   Code   RO         2558    .ARM.Collect$$libinit$$0000000A  c_w.l(libinit2.o)
    0x0800023a   0x0800023a   0x00000000   Code   RO         2560    .ARM.Collect$$libinit$$0000000C  c_w.l(libinit2.o)
    0x0800023a   0x0800023a   0x00000000   Code   RO         2562    .ARM.Collect$$libinit$$0000000E  c_w.l(libinit2.o)
    0x0800023a   0x0800023a   0x00000006   Code   RO         2563    .ARM.Collect$$libinit$$0000000F  c_w.l(libinit2.o)
    0x08000240   0x08000240   0x00000000   Code   RO         2565    .ARM.Collect$$libinit$$00000011  c_w.l(libinit2.o)
    0x08000240   0x08000240   0x0000000c   Code   RO         2566    .ARM.Collect$$libinit$$00000012  c_w.l(libinit2.o)
    0x0800024c   0x0800024c   0x00000000   Code   RO         2567    .ARM.Collect$$libinit$$00000013  c_w.l(libinit2.o)
    0x0800024c   0x0800024c   0x00000000   Code   RO         2569    .ARM.Collect$$libinit$$00000015  c_w.l(libinit2.o)
    0x0800024c   0x0800024c   0x0000000a   Code   RO         2570    .ARM.Collect$$libinit$$00000016  c_w.l(libinit2.o)
    0x08000256   0x08000256   0x00000000   Code   RO         2571    .ARM.Collect$$libinit$$00000017  c_w.l(libinit2.o)
    0x08000256   0x08000256   0x00000000   Code   RO         2573    .ARM.Collect$$libinit$$00000019  c_w.l(libinit2.o)
    0x08000256   0x08000256   0x00000000   Code   RO         2575    .ARM.Collect$$libinit$$0000001B  c_w.l(libinit2.o)
    0x08000256   0x08000256   0x00000000   Code   RO         2577    .ARM.Collect$$libinit$$0000001D  c_w.l(libinit2.o)
    0x08000256   0x08000256   0x00000000   Code   RO         2579    .ARM.Collect$$libinit$$0000001F  c_w.l(libinit2.o)
    0x08000256   0x08000256   0x00000000   Code   RO         2581    .ARM.Collect$$libinit$$00000021  c_w.l(libinit2.o)
    0x08000256   0x08000256   0x00000000   Code   RO         2583    .ARM.Collect$$libinit$$00000023  c_w.l(libinit2.o)
    0x08000256   0x08000256   0x00000000   Code   RO         2585    .ARM.Collect$$libinit$$00000025  c_w.l(libinit2.o)
    0x08000256   0x08000256   0x00000000   Code   RO         2589    .ARM.Collect$$libinit$$0000002C  c_w.l(libinit2.o)
    0x08000256   0x08000256   0x00000000   Code   RO         2591    .ARM.Collect$$libinit$$0000002E  c_w.l(libinit2.o)
    0x08000256   0x08000256   0x00000000   Code   RO         2593    .ARM.Collect$$libinit$$00000030  c_w.l(libinit2.o)
    0x08000256   0x08000256   0x00000000   Code   RO         2595    .ARM.Collect$$libinit$$00000032  c_w.l(libinit2.o)
    0x08000256   0x08000256   0x00000002   Code   RO         2596    .ARM.Collect$$libinit$$00000033  c_w.l(libinit2.o)
    0x08000258   0x08000258   0x00000002   Code   RO         2823    .ARM.Collect$$libshutdown$$00000000  c_w.l(libshutdown.o)
    0x0800025a   0x0800025a   0x00000000   Code   RO         2785    .ARM.Collect$$libshutdown$$00000002  c_w.l(libshutdown2.o)
    0x0800025a   0x0800025a   0x00000000   Code   RO         2787    .ARM.Collect$$libshutdown$$00000004  c_w.l(libshutdown2.o)
    0x0800025a   0x0800025a   0x00000000   Code   RO         2790    .ARM.Collect$$libshutdown$$00000007  c_w.l(libshutdown2.o)
    0x0800025a   0x0800025a   0x00000000   Code   RO         2793    .ARM.Collect$$libshutdown$$0000000A  c_w.l(libshutdown2.o)
    0x0800025a   0x0800025a   0x00000000   Code   RO         2795    .ARM.Collect$$libshutdown$$0000000C  c_w.l(libshutdown2.o)
    0x0800025a   0x0800025a   0x00000000   Code   RO         2798    .ARM.Collect$$libshutdown$$0000000F  c_w.l(libshutdown2.o)
    0x0800025a   0x0800025a   0x00000002   Code   RO         2799    .ARM.Collect$$libshutdown$$00000010  c_w.l(libshutdown2.o)
    0x0800025c   0x0800025c   0x00000000   Code   RO         2464    .ARM.Collect$$rtentry$$00000000  c_w.l(__rtentry.o)
    0x0800025c   0x0800025c   0x00000000   Code   RO         2649    .ARM.Collect$$rtentry$$00000002  c_w.l(__rtentry2.o)
    0x0800025c   0x0800025c   0x00000006   Code   RO         2661    .ARM.Collect$$rtentry$$00000004  c_w.l(__rtentry4.o)
    0x08000262   0x08000262   0x00000000   Code   RO         2651    .ARM.Collect$$rtentry$$00000009  c_w.l(__rtentry2.o)
    0x08000262   0x08000262   0x00000004   Code   RO         2652    .ARM.Collect$$rtentry$$0000000A  c_w.l(__rtentry2.o)
    0x08000266   0x08000266   0x00000000   Code   RO         2654    .ARM.Collect$$rtentry$$0000000C  c_w.l(__rtentry2.o)
    0x08000266   0x08000266   0x00000008   Code   RO         2655    .ARM.Collect$$rtentry$$0000000D  c_w.l(__rtentry2.o)
    0x0800026e   0x0800026e   0x00000002   Code   RO         2776    .ARM.Collect$$rtexit$$00000000  c_w.l(rtexit.o)
    0x08000270   0x08000270   0x00000000   Code   RO         2801    .ARM.Collect$$rtexit$$00000002  c_w.l(rtexit2.o)
    0x08000270   0x08000270   0x00000004   Code   RO         2802    .ARM.Collect$$rtexit$$00000003  c_w.l(rtexit2.o)
    0x08000274   0x08000274   0x00000006   Code   RO         2803    .ARM.Collect$$rtexit$$00000004  c_w.l(rtexit2.o)
    0x0800027a   0x0800027a   0x00000002   PAD
    0x0800027c   0x0800027c   0x00000000   Code   RO         2677    .emb_text           c_w.l(maybetermalloc1.o)
    0x0800027c   0x0800027c   0x00000148   Code   RO            1    .text               cmd.o
    0x080003c4   0x080003c4   0x0000072c   Code   RO           60    .text               cmd_fn.o
    0x08000af0   0x08000af0   0x000002e4   Code   RO          236    .text               generic.o
    0x08000dd4   0x08000dd4   0x000002e8   Code   RO          277    .text               generic_cmd.o
    0x080010bc   0x080010bc   0x000000b0   Code   RO          318    .text               hal_led.o
    0x0800116c   0x0800116c   0x00000026   Code   RO          351    .text               hal_drivers.o
    0x08001192   0x08001192   0x00000002   PAD
    0x08001194   0x08001194   0x000000f4   Code   RO          398    .text               hal_timer.o
    0x08001288   0x08001288   0x00000320   Code   RO          429    .text               hal_usart.o
    0x080015a8   0x080015a8   0x0000007a   Code   RO          468    .text               hal_flash.o
    0x08001622   0x08001622   0x00000002   PAD
    0x08001624   0x08001624   0x00000130   Code   RO          492    .text               hal_spi.o
    0x08001754   0x08001754   0x000000ac   Code   RO          517    .text               hal_iic.o
    0x08001800   0x08001800   0x0000001e   Code   RO          544    .text               hal_usb.o
    0x0800181e   0x0800181e   0x00000002   PAD
    0x08001820   0x08001820   0x000002b0   Code   RO          592    .text               osal.o
    0x08001ad0   0x08001ad0   0x0000008e   Code   RO          620    .text               main.o
    0x08001b5e   0x08001b5e   0x00000002   PAD
    0x08001b60   0x08001b60   0x0000012c   Code   RO          664    .text               stm32f10x_it.o
    0x08001c8c   0x08001c8c   0x00000004   Code   RO          697    .text               twr_task.o
    0x08001c90   0x08001c90   0x00000014   Code   RO          760    .text               example_info.o
    0x08001ca4   0x08001ca4   0x0000026c   Code   RO          802    .text               uwb.o
    0x08001f10   0x08001f10   0x00000054   Code   RO          833    .text               config.o
    0x08001f64   0x08001f64   0x000002a4   Code   RO          872    .text               json_2pc.o
    0x08002208   0x08002208   0x000001ac   Code   RO          894    .text               tag_list.o
    0x080023b4   0x080023b4   0x00000034   Code   RO          922    .text               deca_mutex.o
    0x080023e8   0x080023e8   0x00002500   Code   RO          950    .text               deca_device.o
    0x080048e8   0x080048e8   0x00000894   Code   RO         1015    .text               ds_twr_sts_sdc_responder.o
    0x0800517c   0x0800517c   0x000002a4   Code   RO         1051    .text               shared_functions.o
    0x08005420   0x08005420   0x00000198   Code   RO         1120    .text               hw_config.o
    0x080055b8   0x080055b8   0x000003d6   Code   RO         1177    .text               queue.o
    0x0800598e   0x0800598e   0x00000002   PAD
    0x08005990   0x08005990   0x000000b4   Code   RO         1221    .text               usb_endp.o
    0x08005a44   0x08005a44   0x00000150   Code   RO         1251    .text               usb_istr.o
    0x08005b94   0x08005b94   0x0000000c   Code   RO         1283    .text               usb_it.o
    0x08005ba0   0x08005ba0   0x000001f4   Code   RO         1313    .text               usb_prop.o
    0x08005d94   0x08005d94   0x000001b0   Code   RO         1350    .text               usb_pwr.o
    0x08005f44   0x08005f44   0x000007c8   Code   RO         1384    .text               usb_core.o
    0x0800670c   0x0800670c   0x00000028   Code   RO         1439    .text               usb_init.o
    0x08006734   0x08006734   0x000001c4   Code   RO         1477    .text               usb_int.o
    0x080068f8   0x080068f8   0x00000048   Code   RO         1513    .text               usb_mem.o
    0x08006940   0x08006940   0x000006b0   Code   RO         1537    .text               usb_regs.o
    0x08006ff0   0x08006ff0   0x0000006c   Code   RO         1562    .text               usb_sil.o
    0x0800705c   0x0800705c   0x000003a8   Code   RO         1586    .text               oled_i2c.o
    0x08007404   0x08007404   0x000000b0   Code   RO         1619    .text               misc.o
    0x080074b4   0x080074b4   0x000001c8   Code   RO         1811    .text               stm32f10x_dma.o
    0x0800767c   0x0800767c   0x000000e8   Code   RO         1835    .text               stm32f10x_exti.o
    0x08007764   0x08007764   0x0000047c   Code   RO         1859    .text               stm32f10x_flash.o
    0x08007be0   0x08007be0   0x0000026c   Code   RO         1908    .text               stm32f10x_gpio.o
    0x08007e4c   0x08007e4c   0x00000328   Code   RO         1932    .text               stm32f10x_i2c.o
    0x08008174   0x08008174   0x0000003c   Code   RO         1956    .text               stm32f10x_iwdg.o
    0x080081b0   0x080081b0   0x000002b4   Code   RO         2004    .text               stm32f10x_rcc.o
    0x08008464   0x08008464   0x00000274   Code   RO         2079    .text               stm32f10x_spi.o
    0x080086d8   0x080086d8   0x00000af4   Code   RO         2103    .text               stm32f10x_tim.o
    0x080091cc   0x080091cc   0x00000328   Code   RO         2128    .text               stm32f10x_usart.o
    0x080094f4   0x080094f4   0x00000040   Code   RO         2176    .text               startup_stm32f10x_md.o
    0x08009534   0x08009534   0x00000154   Code   RO         2183    .text               system_stm32f10x.o
    0x08009688   0x08009688   0x0000005e   Code   RO         2216    .text               c_w.l(h1_alloc.o)
    0x080096e6   0x080096e6   0x0000004e   Code   RO         2218    .text               c_w.l(h1_free.o)
    0x08009734   0x08009734   0x00000026   Code   RO         2276    .text               c_w.l(llushr.o)
    0x0800975a   0x0800975a   0x0000001e   Code   RO         2278    .text               c_w.l(toupper.o)
    0x08009778   0x08009778   0x00000034   Code   RO         2280    .text               c_w.l(vsnprintf.o)
    0x080097ac   0x080097ac   0x0000002c   Code   RO         2282    .text               c_w.l(__2sprintf.o)
    0x080097d8   0x080097d8   0x0000004e   Code   RO         2288    .text               c_w.l(_printf_pad.o)
    0x08009826   0x08009826   0x00000052   Code   RO         2290    .text               c_w.l(_printf_str.o)
    0x08009878   0x08009878   0x00000078   Code   RO         2292    .text               c_w.l(_printf_dec.o)
    0x080098f0   0x080098f0   0x00000094   Code   RO         2312    .text               c_w.l(_printf_hex_int_ll_ptr.o)
    0x08009984   0x08009984   0x00000188   Code   RO         2332    .text               c_w.l(__printf_flags_ss_wp.o)
    0x08009b0c   0x08009b0c   0x0000003c   Code   RO         2340    .text               c_w.l(__0sscanf.o)
    0x08009b48   0x08009b48   0x0000014c   Code   RO         2342    .text               c_w.l(_scanf_int.o)
    0x08009c94   0x08009c94   0x000000e0   Code   RO         2344    .text               c_w.l(_scanf_str.o)
    0x08009d74   0x08009d74   0x00000016   Code   RO         2346    .text               c_w.l(abort.o)
    0x08009d8a   0x08009d8a   0x00000058   Code   RO         2348    .text               c_w.l(memcmp.o)
    0x08009de2   0x08009de2   0x00000048   Code   RO         2350    .text               c_w.l(strcpy.o)
    0x08009e2a   0x08009e2a   0x0000003e   Code   RO         2352    .text               c_w.l(strlen.o)
    0x08009e68   0x08009e68   0x0000008a   Code   RO         2354    .text               c_w.l(rt_memcpy_v6.o)
    0x08009ef2   0x08009ef2   0x00000064   Code   RO         2356    .text               c_w.l(rt_memcpy_w.o)
    0x08009f56   0x08009f56   0x00000044   Code   RO         2358    .text               c_w.l(rt_memclr.o)
    0x08009f9a   0x08009f9a   0x0000004e   Code   RO         2360    .text               c_w.l(rt_memclr_w.o)
    0x08009fe8   0x08009fe8   0x00000080   Code   RO         2362    .text               c_w.l(strcmpv7m.o)
    0x0800a068   0x0800a068   0x00000006   Code   RO         2364    .text               c_w.l(heapauxi.o)
    0x0800a06e   0x0800a06e   0x00000002   PAD
    0x0800a070   0x0800a070   0x0000000c   Code   RO         2460    .text               c_w.l(sys_exit.o)
    0x0800a07c   0x0800a07c   0x00000010   Code   RO         2465    .text               c_w.l(rt_ctype_table.o)
    0x0800a08c   0x0800a08c   0x00000008   Code   RO         2470    .text               c_w.l(rt_heap_descriptor_intlibspace.o)
    0x0800a094   0x0800a094   0x00000004   Code   RO         2472    .text               c_w.l(hguard.o)
    0x0800a098   0x0800a098   0x0000008a   Code   RO         2474    .text               c_w.l(init_alloc.o)
    0x0800a122   0x0800a122   0x0000000e   Code   RO         2478    .text               c_w.l(h1_init.o)
    0x0800a130   0x0800a130   0x00000016   Code   RO         2492    .text               c_w.l(_rserrno.o)
    0x0800a146   0x0800a146   0x00000024   Code   RO         2494    .text               c_w.l(_printf_truncate.o)
    0x0800a16a   0x0800a16a   0x000000b2   Code   RO         2496    .text               c_w.l(_printf_intcommon.o)
    0x0800a21c   0x0800a21c   0x00000028   Code   RO         2498    .text               c_w.l(_printf_charcount.o)
    0x0800a244   0x0800a244   0x0000041e   Code   RO         2500    .text               c_w.l(_printf_fp_dec.o)
    0x0800a662   0x0800a662   0x00000002   PAD
    0x0800a664   0x0800a664   0x00000030   Code   RO         2502    .text               c_w.l(_printf_char_common.o)
    0x0800a694   0x0800a694   0x0000000a   Code   RO         2504    .text               c_w.l(_sputc.o)
    0x0800a69e   0x0800a69e   0x00000010   Code   RO         2506    .text               c_w.l(_snputc.o)
    0x0800a6ae   0x0800a6ae   0x0000002c   Code   RO         2508    .text               c_w.l(_printf_char.o)
    0x0800a6da   0x0800a6da   0x00000002   PAD
    0x0800a6dc   0x0800a6dc   0x000000bc   Code   RO         2510    .text               c_w.l(_printf_wctomb.o)
    0x0800a798   0x0800a798   0x0000007c   Code   RO         2513    .text               c_w.l(_printf_longlong_dec.o)
    0x0800a814   0x0800a814   0x00000070   Code   RO         2519    .text               c_w.l(_printf_oct_int_ll.o)
    0x0800a884   0x0800a884   0x0000001c   Code   RO         2540    .text               c_w.l(_chval.o)
    0x0800a8a0   0x0800a8a0   0x0000002c   Code   RO         2542    .text               c_w.l(scanf_char.o)
    0x0800a8cc   0x0800a8cc   0x00000040   Code   RO         2544    .text               c_w.l(_sgetc.o)
    0x0800a90c   0x0800a90c   0x0000000e   Code   RO         2546    .text               c_w.l(defsig_abrt_outer.o)
    0x0800a91a   0x0800a91a   0x00000002   PAD
    0x0800a91c   0x0800a91c   0x00000008   Code   RO         2642    .text               c_w.l(libspace.o)
    0x0800a924   0x0800a924   0x00000002   Code   RO         2645    .text               c_w.l(use_no_semi.o)
    0x0800a926   0x0800a926   0x00000000   Code   RO         2647    .text               c_w.l(indicate_semi.o)
    0x0800a926   0x0800a926   0x00000002   PAD
    0x0800a928   0x0800a928   0x00000008   Code   RO         2668    .text               c_w.l(rt_locale_intlibspace.o)
    0x0800a930   0x0800a930   0x00000008   Code   RO         2673    .text               c_w.l(rt_errno_addr_intlibspace.o)
    0x0800a938   0x0800a938   0x00000034   Code   RO         2679    .text               c_w.l(h1_extend.o)
    0x0800a96c   0x0800a96c   0x0000008a   Code   RO         2683    .text               c_w.l(lludiv10.o)
    0x0800a9f6   0x0800a9f6   0x00000012   Code   RO         2685    .text               c_w.l(isspace.o)
    0x0800aa08   0x0800aa08   0x000002fc   Code   RO         2687    .text               c_w.l(_printf_fp_hex.o)
    0x0800ad04   0x0800ad04   0x00000080   Code   RO         2690    .text               c_w.l(_printf_fp_infnan.o)
    0x0800ad84   0x0800ad84   0x0000002c   Code   RO         2694    .text               c_w.l(_printf_wchar.o)
    0x0800adb0   0x0800adb0   0x00000374   Code   RO         2696    .text               c_w.l(_scanf.o)
    0x0800b124   0x0800b124   0x000000e4   Code   RO         2698    .text               c_w.l(bigflt0.o)
    0x0800b208   0x0800b208   0x00000040   Code   RO         2723    .text               c_w.l(_wcrtomb.o)
    0x0800b248   0x0800b248   0x0000000a   Code   RO         2731    .text               c_w.l(defsig_exit.o)
    0x0800b252   0x0800b252   0x00000002   PAD
    0x0800b254   0x0800b254   0x00000030   Code   RO         2733    .text               c_w.l(defsig_abrt_inner.o)
    0x0800b284   0x0800b284   0x0000000e   Code   RO         2735    .text               c_w.l(defsig_rtmem_outer.o)
    0x0800b292   0x0800b292   0x0000004a   Code   RO         2750    .text               c_w.l(sys_stackheap_outer.o)
    0x0800b2dc   0x0800b2dc   0x00000012   Code   RO         2754    .text               c_w.l(exit.o)
    0x0800b2ee   0x0800b2ee   0x00000032   Code   RO         2758    .text               c_w.l(defsig_general.o)
    0x0800b320   0x0800b320   0x00000050   Code   RO         2760    .text               c_w.l(defsig_rtmem_inner.o)
    0x0800b370   0x0800b370   0x0000000e   Code   RO         2774    .text               c_w.l(sys_wrch.o)
    0x0800b37e   0x0800b37e   0x0000003e   Code   RO         2701    CL$$btod_d2e        c_w.l(btod.o)
    0x0800b3bc   0x0800b3bc   0x00000046   Code   RO         2703    CL$$btod_d2e_denorm_low  c_w.l(btod.o)
    0x0800b402   0x0800b402   0x00000060   Code   RO         2702    CL$$btod_d2e_norm_op1  c_w.l(btod.o)
    0x0800b462   0x0800b462   0x00000338   Code   RO         2711    CL$$btod_div_common  c_w.l(btod.o)
    0x0800b79a   0x0800b79a   0x000000dc   Code   RO         2708    CL$$btod_e2e        c_w.l(btod.o)
    0x0800b876   0x0800b876   0x0000002a   Code   RO         2705    CL$$btod_ediv       c_w.l(btod.o)
    0x0800b8a0   0x0800b8a0   0x0000002a   Code   RO         2704    CL$$btod_emul       c_w.l(btod.o)
    0x0800b8ca   0x0800b8ca   0x00000244   Code   RO         2710    CL$$btod_mult_common  c_w.l(btod.o)
    0x0800bb0e   0x0800bb0e   0x00000028   Code   RO         2636    i.__ARM_fpclassify  m_ws.l(fpclassify.o)
    0x0800bb36   0x0800bb36   0x000000aa   Code   RO         2638    i.__kernel_poly     m_ws.l(poly.o)
    0x0800bbe0   0x0800bbe0   0x00000006   Code   RO         2623    i.__mathlib_dbl_infnan  m_ws.l(dunder.o)
    0x0800bbe6   0x0800bbe6   0x0000000c   Code   RO         2625    i.__mathlib_dbl_invalid  m_ws.l(dunder.o)
    0x0800bbf2   0x0800bbf2   0x00000002   PAD
    0x0800bbf4   0x0800bbf4   0x00000010   Code   RO         2628    i.__mathlib_dbl_underflow  m_ws.l(dunder.o)
    0x0800bc04   0x0800bc04   0x0000000e   Code   RO         2325    i._is_digit         c_w.l(__printf_wp.o)
    0x0800bc12   0x0800bc12   0x00000002   PAD
    0x0800bc14   0x0800bc14   0x00000220   Code   RO         2435    i.atan              m_ws.l(atan.o)
    0x0800be34   0x0800be34   0x00000094   Code   RO         2445    i.fmod              m_ws.l(fmod.o)
    0x0800bec8   0x0800bec8   0x0000004c   Code   RO         2453    i.sqrt              m_ws.l(sqrt.o)
    0x0800bf14   0x0800bf14   0x0000002c   Code   RO         2726    locale$$code        c_w.l(lc_ctype_c.o)
    0x0800bf40   0x0800bf40   0x0000002c   Code   RO         2729    locale$$code        c_w.l(lc_numeric_c.o)
    0x0800bf6c   0x0800bf6c   0x00000062   Code   RO         2368    x$fpl$d2f           fz_ws.l(d2f.o)
    0x0800bfce   0x0800bfce   0x00000002   PAD
    0x0800bfd0   0x0800bfd0   0x00000150   Code   RO         2370    x$fpl$dadd          fz_ws.l(daddsub_clz.o)
    0x0800c120   0x0800c120   0x00000010   Code   RO         2597    x$fpl$dcheck1       fz_ws.l(dcheck1.o)
    0x0800c130   0x0800c130   0x00000018   Code   RO         2599    x$fpl$dcmpinf       fz_ws.l(dcmpi.o)
    0x0800c148   0x0800c148   0x000002b0   Code   RO         2377    x$fpl$ddiv          fz_ws.l(ddiv.o)
    0x0800c3f8   0x0800c3f8   0x0000005e   Code   RO         2380    x$fpl$dfix          fz_ws.l(dfix.o)
    0x0800c456   0x0800c456   0x0000002e   Code   RO         2389    x$fpl$dflt          fz_ws.l(dflt_clz.o)
    0x0800c484   0x0800c484   0x000000a2   Code   RO         2394    x$fpl$dfltll        fz_ws.l(dfltll_clz.o)
    0x0800c526   0x0800c526   0x00000026   Code   RO         2388    x$fpl$dfltu         fz_ws.l(dflt_clz.o)
    0x0800c54c   0x0800c54c   0x00000078   Code   RO         2398    x$fpl$dleqf         fz_ws.l(dleqf.o)
    0x0800c5c4   0x0800c5c4   0x00000154   Code   RO         2400    x$fpl$dmul          fz_ws.l(dmul.o)
    0x0800c718   0x0800c718   0x0000009c   Code   RO         2601    x$fpl$dnaninf       fz_ws.l(dnaninf.o)
    0x0800c7b4   0x0800c7b4   0x00000150   Code   RO         2603    x$fpl$drem          fz_ws.l(drem_clz.o)
    0x0800c904   0x0800c904   0x0000000c   Code   RO         2605    x$fpl$dretinf       fz_ws.l(dretinf.o)
    0x0800c910   0x0800c910   0x0000006c   Code   RO         2402    x$fpl$drleqf        fz_ws.l(drleqf.o)
    0x0800c97c   0x0800c97c   0x00000016   Code   RO         2371    x$fpl$drsb          fz_ws.l(daddsub_clz.o)
    0x0800c992   0x0800c992   0x00000002   PAD
    0x0800c994   0x0800c994   0x000001cc   Code   RO         2607    x$fpl$dsqrt         fz_ws.l(dsqrt_noumaal.o)
    0x0800cb60   0x0800cb60   0x000001d4   Code   RO         2372    x$fpl$dsub          fz_ws.l(daddsub_clz.o)
    0x0800cd34   0x0800cd34   0x00000056   Code   RO         2404    x$fpl$f2d           fz_ws.l(f2d.o)
    0x0800cd8a   0x0800cd8a   0x00000002   PAD
    0x0800cd8c   0x0800cd8c   0x000000c4   Code   RO         2406    x$fpl$fadd          fz_ws.l(faddsub_clz.o)
    0x0800ce50   0x0800ce50   0x0000000c   Code   RO         2609    x$fpl$fcheck1       fz_ws.l(fcheck1.o)
    0x0800ce5c   0x0800ce5c   0x00000184   Code   RO         2413    x$fpl$fdiv          fz_ws.l(fdiv.o)
    0x0800cfe0   0x0800cfe0   0x00000036   Code   RO         2416    x$fpl$ffix          fz_ws.l(ffix.o)
    0x0800d016   0x0800d016   0x00000002   PAD
    0x0800d018   0x0800d018   0x00000030   Code   RO         2421    x$fpl$fflt          fz_ws.l(fflt_clz.o)
    0x0800d048   0x0800d048   0x00000026   Code   RO         2420    x$fpl$ffltu         fz_ws.l(fflt_clz.o)
    0x0800d06e   0x0800d06e   0x00000002   PAD
    0x0800d070   0x0800d070   0x00000102   Code   RO         2426    x$fpl$fmul          fz_ws.l(fmul.o)
    0x0800d172   0x0800d172   0x0000008c   Code   RO         2611    x$fpl$fnaninf       fz_ws.l(fnaninf.o)
    0x0800d1fe   0x0800d1fe   0x0000000a   Code   RO         2613    x$fpl$fretinf       fz_ws.l(fretinf.o)
    0x0800d208   0x0800d208   0x00000014   Code   RO         2407    x$fpl$frsb          fz_ws.l(faddsub_clz.o)
    0x0800d21c   0x0800d21c   0x000000ea   Code   RO         2408    x$fpl$fsub          fz_ws.l(faddsub_clz.o)
    0x0800d306   0x0800d306   0x00000002   PAD
    0x0800d308   0x0800d308   0x000000c2   Code   RO         2384    x$fpl$llsfromd      fz_ws.l(dfixll.o)
    0x0800d3ca   0x0800d3ca   0x00000004   Code   RO         2428    x$fpl$printf1       fz_ws.l(printf1.o)
    0x0800d3ce   0x0800d3ce   0x00000004   Code   RO         2615    x$fpl$printf2       fz_ws.l(printf2.o)
    0x0800d3d2   0x0800d3d2   0x00000064   Code   RO         2748    x$fpl$retnan        fz_ws.l(retnan.o)
    0x0800d436   0x0800d436   0x0000005c   Code   RO         2430    x$fpl$scalbn        fz_ws.l(scalbn.o)
    0x0800d492   0x0800d492   0x0000004c   Code   RO         2432    x$fpl$scalbnf       fz_ws.l(scalbnf.o)
    0x0800d4de   0x0800d4de   0x00000030   Code   RO         2772    x$fpl$trapveneer    fz_ws.l(trapv.o)
    0x0800d50e   0x0800d50e   0x00000000   Code   RO         2621    x$fpl$usenofp       fz_ws.l(usenofp.o)
    0x0800d50e   0x0800d50e   0x00000002   PAD
    0x0800d510   0x0800d510   0x000000a0   Data   RO           61    .constdata          cmd_fn.o
    0x0800d5b0   0x0800d5b0   0x0000000e   Data   RO          952    .constdata          deca_device.o
    0x0800d5be   0x0800d5be   0x00000002   PAD
    0x0800d5c0   0x0800d5c0   0x00000014   Data   RO         1017    .constdata          ds_twr_sts_sdc_responder.o
    0x0800d5d4   0x0800d5d4   0x00000012   Data   RO         1192    .constdata          usb_desc.o
    0x0800d5e6   0x0800d5e6   0x00000043   Data   RO         1193    .constdata          usb_desc.o
    0x0800d629   0x0800d629   0x00000004   Data   RO         1194    .constdata          usb_desc.o
    0x0800d62d   0x0800d62d   0x00000018   Data   RO         1195    .constdata          usb_desc.o
    0x0800d645   0x0800d645   0x00000026   Data   RO         1196    .constdata          usb_desc.o
    0x0800d66b   0x0800d66b   0x00000818   Data   RO         1587    .constdata          oled_i2c.o
    0x0800de83   0x0800de83   0x00000028   Data   RO         2313    .constdata          c_w.l(_printf_hex_int_ll_ptr.o)
    0x0800deab   0x0800deab   0x00000011   Data   RO         2333    .constdata          c_w.l(__printf_flags_ss_wp.o)
    0x0800debc   0x0800debc   0x00000004   PAD
    0x0800dec0   0x0800dec0   0x00000098   Data   RO         2436    .constdata          m_ws.l(atan.o)
    0x0800df58   0x0800df58   0x00000008   Data   RO         2511    .constdata          c_w.l(_printf_wctomb.o)
    0x0800df60   0x0800df60   0x00000026   Data   RO         2688    .constdata          c_w.l(_printf_fp_hex.o)
    0x0800df86   0x0800df86   0x00000002   PAD
    0x0800df88   0x0800df88   0x00000094   Data   RO         2699    .constdata          c_w.l(bigflt0.o)
    0x0800e01c   0x0800e01c   0x00000151   Data   RO           62    .conststring        cmd_fn.o
    0x0800e16d   0x0800e16d   0x00000003   PAD
    0x0800e170   0x0800e170   0x00000092   Data   RO          237    .conststring        generic.o
    0x0800e202   0x0800e202   0x00000002   PAD
    0x0800e204   0x0800e204   0x00000043   Data   RO          834    .conststring        config.o
    0x0800e247   0x0800e247   0x00000001   PAD
    0x0800e248   0x0800e248   0x00000020   Data   RO         2824    Region$$Table       anon$$obj.o
    0x0800e268   0x0800e268   0x00000110   Data   RO         2725    locale$$data        c_w.l(lc_ctype_c.o)
    0x0800e378   0x0800e378   0x0000001c   Data   RO         2728    locale$$data        c_w.l(lc_numeric_c.o)


    Execution Region RW_IRAM1 (Exec base: 0x20000000, Load base: 0x0800e394, Size: 0x00003030, Max: 0x00005000, ABSOLUTE, COMPRESSED[0x00000240])

    Exec Addr    Load Addr    Size         Type   Attr      Idx    E Section Name        Object

    0x20000000   COMPRESSED   0x00000bb4   Data   RW          238    .data               generic.o
    0x20000bb4   COMPRESSED   0x00000002   Data   RW          279    .data               generic_cmd.o
    0x20000bb6   COMPRESSED   0x00000010   Data   RW          319    .data               hal_led.o
    0x20000bc6   COMPRESSED   0x00000002   PAD
    0x20000bc8   COMPRESSED   0x00000004   Data   RW          399    .data               hal_timer.o
    0x20000bcc   COMPRESSED   0x00000002   Data   RW          431    .data               hal_usart.o
    0x20000bce   COMPRESSED   0x00000002   Data   RW          665    .data               stm32f10x_it.o
    0x20000bd0   COMPRESSED   0x00000004   Data   RW          761    .data               example_info.o
    0x20000bd4   COMPRESSED   0x0000000c   Data   RW          779    .data               config_options.o
    0x20000be0   COMPRESSED   0x00000010   Data   RW          781    .data               config_options.o
    0x20000bf0   COMPRESSED   0x00000004   Data   RW          803    .data               uwb.o
    0x20000bf4   COMPRESSED   0x00000004   PAD
    0x20000bf8   COMPRESSED   0x00000008   Data   RW          895    .data               tag_list.o
    0x20000c00   COMPRESSED   0x00000004   Data   RW          953    .data               deca_device.o
    0x20000c04   COMPRESSED   0x00000004   PAD
    0x20000c08   COMPRESSED   0x000000a5   Data   RW         1018    .data               ds_twr_sts_sdc_responder.o
    0x20000cad   COMPRESSED   0x00000004   Data   RW         1052    .data               shared_functions.o
    0x20000cb1   COMPRESSED   0x00000003   PAD
    0x20000cb4   COMPRESSED   0x00000008   Data   RW         1124    .data               hw_config.o
    0x20000cbc   COMPRESSED   0x00000026   Data   RW         1197    .data               usb_desc.o
    0x20000ce2   COMPRESSED   0x00000002   PAD
    0x20000ce4   COMPRESSED   0x00000008   Data   RW         1223    .data               usb_endp.o
    0x20000cec   COMPRESSED   0x0000000c   Data   RW         1252    .data               usb_istr.o
    0x20000cf8   COMPRESSED   0x0000001c   Data   RW         1253    .data               usb_istr.o
    0x20000d14   COMPRESSED   0x0000001c   Data   RW         1254    .data               usb_istr.o
    0x20000d30   COMPRESSED   0x0000006c   Data   RW         1314    .data               usb_prop.o
    0x20000d9c   COMPRESSED   0x00000002   Data   RW         1315    .data               usb_prop.o
    0x20000d9e   COMPRESSED   0x00000002   PAD
    0x20000da0   COMPRESSED   0x00000024   Data   RW         1316    .data               usb_prop.o
    0x20000dc4   COMPRESSED   0x00000004   Data   RW         1352    .data               usb_pwr.o
    0x20000dc8   COMPRESSED   0x00000001   Data   RW         1353    .data               usb_pwr.o
    0x20000dc9   COMPRESSED   0x00000003   PAD
    0x20000dcc   COMPRESSED   0x00000008   Data   RW         1354    .data               usb_pwr.o
    0x20000dd4   COMPRESSED   0x00000004   Data   RW         1385    .data               usb_core.o
    0x20000dd8   COMPRESSED   0x00000001   Data   RW         1441    .data               usb_init.o
    0x20000dd9   COMPRESSED   0x00000003   PAD
    0x20000ddc   COMPRESSED   0x0000000c   Data   RW         1442    .data               usb_init.o
    0x20000de8   COMPRESSED   0x00000002   Data   RW         1444    .data               usb_init.o
    0x20000dea   COMPRESSED   0x00000004   Data   RW         1478    .data               usb_int.o
    0x20000dee   COMPRESSED   0x00000100   Data   RW         1588    .data               oled_i2c.o
    0x20000eee   COMPRESSED   0x00000014   Data   RW         2005    .data               stm32f10x_rcc.o
    0x20000f02   COMPRESSED   0x00000002   PAD
    0x20000f04   COMPRESSED   0x00000014   Data   RW         2184    .data               system_stm32f10x.o
    0x20000f18        -       0x000001d4   Zero   RW          278    .bss                generic_cmd.o
    0x200010ec        -       0x00000100   Zero   RW          430    .bss                hal_usart.o
    0x200011ec        -       0x00000140   Zero   RW          951    .bss                deca_device.o
    0x2000132c   COMPRESSED   0x00000004   PAD
    0x20001330        -       0x000007b0   Zero   RW         1016    .bss                ds_twr_sts_sdc_responder.o
    0x20001ae0        -       0x00000230   Zero   RW         1121    .bss                hw_config.o
    0x20001d10        -       0x00000080   Zero   RW         1222    .bss                usb_endp.o
    0x20001d90        -       0x00000020   Zero   RW         1351    .bss                usb_pwr.o
    0x20001db0        -       0x0000001c   Zero   RW         1440    .bss                usb_init.o
    0x20001dcc        -       0x00000060   Zero   RW         2643    .bss                c_w.l(libspace.o)
    0x20001e2c   COMPRESSED   0x00000004   PAD
    0x20001e30        -       0x00000200   Zero   RW         2174    HEAP                startup_stm32f10x_md.o
    0x20002030        -       0x00001000   Zero   RW         2173    STACK               startup_stm32f10x_md.o


==============================================================================

Image component sizes


      Code (inc. data)   RO Data    RW Data    ZI Data      Debug   Object Name

       328         60          0          0          0       7334   cmd.o
      1836        466        497          0          0     332807   cmd_fn.o
        84         32         67          0          0       4944   config.o
         0          0          0         28          0      13052   config_options.o
      9472        436         14          4        320      51432   deca_device.o
        52          0          0          0          0      26046   deca_mutex.o
      2196        264         20        165       1968       7914   ds_twr_sts_sdc_responder.o
        20         10          0          4          0       1479   example_info.o
       740        324        146       2996          0       4882   generic.o
       744         18          0          2        468       5214   generic_cmd.o
        38          0          0          0          0        598   hal_drivers.o
       122          0          0          0          0       1736   hal_flash.o
       172         28          0          0          0        870   hal_iic.o
       176         14          0         16          0       2929   hal_led.o
       304         12          0          0          0       1715   hal_spi.o
       244         10          0          4          0      27617   hal_timer.o
       800         26          0          2        256       4982   hal_usart.o
        30          0          0          0          0       4328   hal_usb.o
       408         30          0          8        560       6341   hw_config.o
       676        168          0          0          0       3543   json_2pc.o
       142          0          0          0          0       1577   main.o
       176         14          0          0          0       1989   misc.o
       936         32       2072        256          0       4962   oled_i2c.o
       688         98          0          0          0       4981   osal.o
       982          0          0          0          0       6163   queue.o
       676         46          0          4          0       6317   shared_functions.o
        64         26        236          0       4608        884   startup_stm32f10x_md.o
       456         10          0          0          0       4774   stm32f10x_dma.o
       232          8          0          0          0       2491   stm32f10x_exti.o
      1148         22          0          0          0       9292   stm32f10x_flash.o
       620         36          0          0          0       5953   stm32f10x_gpio.o
       808         14          0          0          0       9759   stm32f10x_i2c.o
       300        102          0          2          0       2294   stm32f10x_it.o
        60          6          0          0          0       1353   stm32f10x_iwdg.o
       692         32          0         20          0       9100   stm32f10x_rcc.o
       628         14          0          0          0       7090   stm32f10x_spi.o
      2804         86          0          0          0      23074   stm32f10x_tim.o
       808         22          0          0          0       8872   stm32f10x_usart.o
       340         32          0         20          0       2171   system_stm32f10x.o
       428          8          0          8          0       5788   tag_list.o
         4          0          0          0          0       4947   twr_task.o
      1992         88          0          4          0      20413   usb_core.o
         0          0        151         38          0       1287   usb_desc.o
       180         12          0          8        128       1956   usb_endp.o
        40         18          0         15         28       4386   usb_init.o
       452         28          0          4          0       2143   usb_int.o
       336         26          0         68          0       1931   usb_istr.o
        12          0          0          0          0        666   usb_it.o
        72          6          0          0          0       1582   usb_mem.o
       500         22          0        146          0       7595   usb_prop.o
       432         36          0         13         32       3381   usb_pwr.o
      1712         28          0          0          0      11583   usb_regs.o
       108         10          0          0          0       1606   usb_sil.o
       620         22          0          4          0       4972   uwb.o

    ----------------------------------------------------------------------
     37900       2802       3243       3864       8372     697095   Object Totals
         0          0         32          0          0          0   (incl. Generated)
        10          0          8         25          4          0   (incl. Padding)

    ----------------------------------------------------------------------

      Code (inc. data)   RO Data    RW Data    ZI Data      Debug   Library Member Name

        60          8          0          0          0         84   __0sscanf.o
        44          6          0          0          0         84   __2sprintf.o
        90          0          0          0          0          0   __dczerorl2.o
         8          0          0          0          0         68   __main.o
       392          4         17          0          0         92   __printf_flags_ss_wp.o
        14          0          0          0          0         68   __printf_wp.o
         0          0          0          0          0          0   __rtentry.o
        12          0          0          0          0          0   __rtentry2.o
         6          0          0          0          0          0   __rtentry4.o
        52          8          0          0          0          0   __scatter.o
        28          0          0          0          0          0   __scatter_zi.o
        28          0          0          0          0         68   _chval.o
         6          0          0          0          0          0   _printf_a.o
         6          0          0          0          0          0   _printf_c.o
        44          0          0          0          0        108   _printf_char.o
        48          6          0          0          0         96   _printf_char_common.o
        40          0          0          0          0         68   _printf_charcount.o
         6          0          0          0          0          0   _printf_d.o
       120         16          0          0          0         92   _printf_dec.o
         6          0          0          0          0          0   _printf_e.o
         6          0          0          0          0          0   _printf_f.o
      1054          0          0          0          0        216   _printf_fp_dec.o
       764          8         38          0          0        100   _printf_fp_hex.o
       128         16          0          0          0         84   _printf_fp_infnan.o
         6          0          0          0          0          0   _printf_g.o
       148          4         40          0          0        160   _printf_hex_int_ll_ptr.o
         6          0          0          0          0          0   _printf_i.o
       178          0          0          0          0         88   _printf_intcommon.o
        10          0          0          0          0          0   _printf_l.o
         6          0          0          0          0          0   _printf_lc.o
        10          0          0          0          0          0   _printf_ll.o
         6          0          0          0          0          0   _printf_lld.o
         6          0          0          0          0          0   _printf_lli.o
         6          0          0          0          0          0   _printf_llo.o
         6          0          0          0          0          0   _printf_llu.o
         6          0          0          0          0          0   _printf_llx.o
       124         16          0          0          0         92   _printf_longlong_dec.o
         6          0          0          0          0          0   _printf_ls.o
         6          0          0          0          0          0   _printf_n.o
         6          0          0          0          0          0   _printf_o.o
       112         10          0          0          0        124   _printf_oct_int_ll.o
         6          0          0          0          0          0   _printf_p.o
        78          0          0          0          0        108   _printf_pad.o
         0          0          0          0          0          0   _printf_percent.o
         4          0          0          0          0          0   _printf_percent_end.o
         6          0          0          0          0          0   _printf_s.o
        82          0          0          0          0         80   _printf_str.o
        36          0          0          0          0         84   _printf_truncate.o
         6          0          0          0          0          0   _printf_u.o
        44          0          0          0          0        108   _printf_wchar.o
       188          6          8          0          0         92   _printf_wctomb.o
         6          0          0          0          0          0   _printf_x.o
        22          0          0          0          0        100   _rserrno.o
       884          6          0          0          0        100   _scanf.o
       332          0          0          0          0         96   _scanf_int.o
       224          0          0          0          0         96   _scanf_str.o
        64          0          0          0          0         84   _sgetc.o
        16          0          0          0          0         68   _snputc.o
        10          0          0          0          0         68   _sputc.o
        64          0          0          0          0         92   _wcrtomb.o
        22          0          0          0          0         80   abort.o
       228          4        148          0          0         96   bigflt0.o
      1936        128          0          0          0        672   btod.o
        48         34          0          0          0         76   defsig_abrt_inner.o
        14          0          0          0          0         80   defsig_abrt_outer.o
        10          0          0          0          0         68   defsig_exit.o
        50          0          0          0          0         88   defsig_general.o
        80         58          0          0          0         76   defsig_rtmem_inner.o
        14          0          0          0          0         80   defsig_rtmem_outer.o
        18          0          0          0          0         80   exit.o
        94          0          0          0          0         80   h1_alloc.o
        52          0          0          0          0         68   h1_extend.o
        78          0          0          0          0         80   h1_free.o
        14          0          0          0          0         84   h1_init.o
         6          0          0          0          0        152   heapauxi.o
         4          0          0          0          0        136   hguard.o
         0          0          0          0          0          0   indicate_semi.o
       138          0          0          0          0        168   init_alloc.o
        18          0          0          0          0         76   isspace.o
        44         10        272          0          0         76   lc_ctype_c.o
        44         10         28          0          0         76   lc_numeric_c.o
         2          0          0          0          0          0   libinit.o
        38          0          0          0          0          0   libinit2.o
         2          0          0          0          0          0   libshutdown.o
         2          0          0          0          0          0   libshutdown2.o
         8          4          0          0         96         68   libspace.o
       138          0          0          0          0         80   lludiv10.o
        38          0          0          0          0         68   llushr.o
         0          0          0          0          0          0   maybetermalloc1.o
        88          0          0          0          0         76   memcmp.o
        16          4          0          0          0         76   rt_ctype_table.o
         8          4          0          0          0         68   rt_errno_addr_intlibspace.o
         8          4          0          0          0         68   rt_heap_descriptor_intlibspace.o
         8          4          0          0          0         68   rt_locale_intlibspace.o
        68          0          0          0          0         68   rt_memclr.o
        78          0          0          0          0         80   rt_memclr_w.o
       138          0          0          0          0         68   rt_memcpy_v6.o
       100          0          0          0          0         80   rt_memcpy_w.o
         2          0          0          0          0          0   rtexit.o
        10          0          0          0          0          0   rtexit2.o
        44          8          0          0          0         84   scanf_char.o
       128          0          0          0          0         68   strcmpv7m.o
        72          0          0          0          0         80   strcpy.o
        62          0          0          0          0         76   strlen.o
        12          4          0          0          0         68   sys_exit.o
        74          0          0          0          0         80   sys_stackheap_outer.o
        14          0          0          0          0         76   sys_wrch.o
        30          0          0          0          0         76   toupper.o
         2          0          0          0          0         68   use_no_semi.o
        52          4          0          0          0         80   vsnprintf.o
        98          4          0          0          0         92   d2f.o
       826         16          0          0          0        348   daddsub_clz.o
        16          4          0          0          0         68   dcheck1.o
        24          0          0          0          0         68   dcmpi.o
       688        140          0          0          0        208   ddiv.o
        94          4          0          0          0         92   dfix.o
       194          4          0          0          0        116   dfixll.o
        84          0          0          0          0        136   dflt_clz.o
       162          0          0          0          0         84   dfltll_clz.o
       120          4          0          0          0         92   dleqf.o
       340         12          0          0          0        104   dmul.o
       156          4          0          0          0         92   dnaninf.o
       336         12          0          0          0         88   drem_clz.o
        12          0          0          0          0         68   dretinf.o
       108          0          0          0          0         80   drleqf.o
       460         56          0          0          0        120   dsqrt_noumaal.o
        86          4          0          0          0         84   f2d.o
       450          8          0          0          0        236   faddsub_clz.o
        12          4          0          0          0         68   fcheck1.o
       388         76          0          0          0         96   fdiv.o
        54          4          0          0          0         84   ffix.o
        86          0          0          0          0        136   fflt_clz.o
       258          4          0          0          0         84   fmul.o
       140          4          0          0          0         84   fnaninf.o
        10          0          0          0          0         68   fretinf.o
         4          0          0          0          0         68   printf1.o
         4          0          0          0          0         68   printf2.o
       100          0          0          0          0         68   retnan.o
        92          0          0          0          0         68   scalbn.o
        76          0          0          0          0         68   scalbnf.o
        48          0          0          0          0         68   trapv.o
         0          0          0          0          0          0   usenofp.o
       544         70        152          0          0        124   atan.o
        34          6          0          0          0        204   dunder.o
       148          4          0          0          0         88   fmod.o
        40          0          0          0          0         68   fpclassify.o
       170          0          0          0          0         96   poly.o
        76          0          0          0          0         84   sqrt.o

    ----------------------------------------------------------------------
     16408        838        709          0        100      10752   Library Totals
        34          0          6          0          4          0   (incl. Padding)

    ----------------------------------------------------------------------

      Code (inc. data)   RO Data    RW Data    ZI Data      Debug   Library Name

      9836        394        551          0         96       6884   c_w.l
      5526        364          0          0          0       3204   fz_ws.l
      1012         80        152          0          0        664   m_ws.l

    ----------------------------------------------------------------------
     16408        838        709          0        100      10752   Library Totals

    ----------------------------------------------------------------------

==============================================================================


      Code (inc. data)   RO Data    RW Data    ZI Data      Debug   

     54308       3640       3952       3864       8472     695259   Grand Totals
     54308       3640       3952        576       8472     695259   ELF Image Totals (compressed)
     54308       3640       3952        576          0          0   ROM Totals

==============================================================================

    Total RO  Size (Code + RO Data)                58260 (  56.89kB)
    Total RW  Size (RW Data + ZI Data)             12336 (  12.05kB)
    Total ROM Size (Code + RO Data + RW Data)      58836 (  57.46kB)

==============================================================================

